Archive member included to satisfy reference by file (symbol)

/usr/lib/gcc/arm-none-eabi/13.2.0/../../../../arm-none-eabi/lib/thumb/v7e-m+fp/hard/libc.a(libc_a-atexit.o)
                              /usr/lib/gcc/arm-none-eabi/13.2.0/../../../../arm-none-eabi/lib/thumb/v7e-m+fp/hard/crt0.o (atexit)
/usr/lib/gcc/arm-none-eabi/13.2.0/../../../../arm-none-eabi/lib/thumb/v7e-m+fp/hard/libc.a(libc_a-exit.o)
                              /usr/lib/gcc/arm-none-eabi/13.2.0/../../../../arm-none-eabi/lib/thumb/v7e-m+fp/hard/crt0.o (exit)
/usr/lib/gcc/arm-none-eabi/13.2.0/../../../../arm-none-eabi/lib/thumb/v7e-m+fp/hard/libc.a(libc_a-findfp.o)
                              /usr/lib/gcc/arm-none-eabi/13.2.0/../../../../arm-none-eabi/lib/thumb/v7e-m+fp/hard/libc.a(libc_a-exit.o) (__stdio_exit_handler)
/usr/lib/gcc/arm-none-eabi/13.2.0/../../../../arm-none-eabi/lib/thumb/v7e-m+fp/hard/libc.a(libc_a-fwalk.o)
                              /usr/lib/gcc/arm-none-eabi/13.2.0/../../../../arm-none-eabi/lib/thumb/v7e-m+fp/hard/libc.a(libc_a-findfp.o) (_fwalk_sglue)
/usr/lib/gcc/arm-none-eabi/13.2.0/../../../../arm-none-eabi/lib/thumb/v7e-m+fp/hard/libc.a(libc_a-stdio.o)
                              /usr/lib/gcc/arm-none-eabi/13.2.0/../../../../arm-none-eabi/lib/thumb/v7e-m+fp/hard/libc.a(libc_a-findfp.o) (__sread)
/usr/lib/gcc/arm-none-eabi/13.2.0/../../../../arm-none-eabi/lib/thumb/v7e-m+fp/hard/libc.a(libc_a-memset.o)
                              /usr/lib/gcc/arm-none-eabi/13.2.0/../../../../arm-none-eabi/lib/thumb/v7e-m+fp/hard/crt0.o (memset)
/usr/lib/gcc/arm-none-eabi/13.2.0/../../../../arm-none-eabi/lib/thumb/v7e-m+fp/hard/libc.a(libc_a-closer.o)
                              /usr/lib/gcc/arm-none-eabi/13.2.0/../../../../arm-none-eabi/lib/thumb/v7e-m+fp/hard/libc.a(libc_a-stdio.o) (_close_r)
/usr/lib/gcc/arm-none-eabi/13.2.0/../../../../arm-none-eabi/lib/thumb/v7e-m+fp/hard/libc.a(libc_a-reent.o)
                              /usr/lib/gcc/arm-none-eabi/13.2.0/../../../../arm-none-eabi/lib/thumb/v7e-m+fp/hard/libc.a(libc_a-closer.o) (errno)
/usr/lib/gcc/arm-none-eabi/13.2.0/../../../../arm-none-eabi/lib/thumb/v7e-m+fp/hard/libc.a(libc_a-impure.o)
                              /usr/lib/gcc/arm-none-eabi/13.2.0/../../../../arm-none-eabi/lib/thumb/v7e-m+fp/hard/libc.a(libc_a-reent.o) (_impure_ptr)
/usr/lib/gcc/arm-none-eabi/13.2.0/../../../../arm-none-eabi/lib/thumb/v7e-m+fp/hard/libc.a(libc_a-lseekr.o)
                              /usr/lib/gcc/arm-none-eabi/13.2.0/../../../../arm-none-eabi/lib/thumb/v7e-m+fp/hard/libc.a(libc_a-stdio.o) (_lseek_r)
/usr/lib/gcc/arm-none-eabi/13.2.0/../../../../arm-none-eabi/lib/thumb/v7e-m+fp/hard/libc.a(libc_a-readr.o)
                              /usr/lib/gcc/arm-none-eabi/13.2.0/../../../../arm-none-eabi/lib/thumb/v7e-m+fp/hard/libc.a(libc_a-stdio.o) (_read_r)
/usr/lib/gcc/arm-none-eabi/13.2.0/../../../../arm-none-eabi/lib/thumb/v7e-m+fp/hard/libc.a(libc_a-writer.o)
                              /usr/lib/gcc/arm-none-eabi/13.2.0/../../../../arm-none-eabi/lib/thumb/v7e-m+fp/hard/libc.a(libc_a-stdio.o) (_write_r)
/usr/lib/gcc/arm-none-eabi/13.2.0/../../../../arm-none-eabi/lib/thumb/v7e-m+fp/hard/libc.a(libc_a-init.o)
                              /usr/lib/gcc/arm-none-eabi/13.2.0/../../../../arm-none-eabi/lib/thumb/v7e-m+fp/hard/crt0.o (__libc_init_array)
/usr/lib/gcc/arm-none-eabi/13.2.0/../../../../arm-none-eabi/lib/thumb/v7e-m+fp/hard/libc.a(libc_a-fini.o)
                              /usr/lib/gcc/arm-none-eabi/13.2.0/../../../../arm-none-eabi/lib/thumb/v7e-m+fp/hard/crt0.o (__libc_fini_array)
/usr/lib/gcc/arm-none-eabi/13.2.0/../../../../arm-none-eabi/lib/thumb/v7e-m+fp/hard/libc.a(libc_a-lock.o)
                              /usr/lib/gcc/arm-none-eabi/13.2.0/../../../../arm-none-eabi/lib/thumb/v7e-m+fp/hard/libc.a(libc_a-findfp.o) (__retarget_lock_init_recursive)
/usr/lib/gcc/arm-none-eabi/13.2.0/../../../../arm-none-eabi/lib/thumb/v7e-m+fp/hard/libc.a(libc_a-__atexit.o)
                              /usr/lib/gcc/arm-none-eabi/13.2.0/../../../../arm-none-eabi/lib/thumb/v7e-m+fp/hard/libc.a(libc_a-atexit.o) (__register_exitproc)
/usr/lib/gcc/arm-none-eabi/13.2.0/../../../../arm-none-eabi/lib/thumb/v7e-m+fp/hard/libc.a(libc_a-__call_atexit.o)
                              /usr/lib/gcc/arm-none-eabi/13.2.0/../../../../arm-none-eabi/lib/thumb/v7e-m+fp/hard/libc.a(libc_a-exit.o) (__call_exitprocs)
/usr/lib/gcc/arm-none-eabi/13.2.0/../../../../arm-none-eabi/lib/thumb/v7e-m+fp/hard/libc.a(libc_a-freer.o)
                              /usr/lib/gcc/arm-none-eabi/13.2.0/../../../../arm-none-eabi/lib/thumb/v7e-m+fp/hard/libc.a(libc_a-reent.o) (_free_r)
/usr/lib/gcc/arm-none-eabi/13.2.0/../../../../arm-none-eabi/lib/thumb/v7e-m+fp/hard/libc.a(libc_a-mallocr.o)
                              /usr/lib/gcc/arm-none-eabi/13.2.0/../../../../arm-none-eabi/lib/thumb/v7e-m+fp/hard/libc.a(libc_a-findfp.o) (_malloc_r)
[...]
Memory Configuration

Name             Origin             Length             Attributes
RAM              0x20000000         0x00018000         xrw
FLASH            0x08000000         0x00080000         xr
*default*        0x00000000         0xffffffff

Linker script and memory map

LOAD /usr/lib/gcc/arm-none-eabi/13.2.0/thumb/v7e-m+fp/hard/crti.o
LOAD /usr/lib/gcc/arm-none-eabi/13.2.0/thumb/v7e-m+fp/hard/crtbegin.o
LOAD /usr/lib/gcc/arm-none-eabi/13.2.0/../../../../arm-none-eabi/lib/thumb/v7e-m+fp/hard/crt0.o
LOAD /usr/lib/gcc/arm-none-eabi/13.2.0/../../../../arm-none-eabi/lib/thumb/v7e-m+fp/hard/libc.a
LOAD /usr/lib/gcc/arm-none-eabi/13.2.0/../../../../arm-none-eabi/lib/thumb/v7e-m+fp/hard/libm.a
LOAD CMakeFiles/freefly.elf.dir/System/FWLIB/Src/misc.c.obj
LOAD CMakeFiles/freefly.elf.dir/System/FWLIB/Src/stm32f4xx_adc.c.obj
LOAD CMakeFiles/freefly.elf.dir/System/FWLIB/Src/stm32f4xx_can.c.obj
LOAD CMakeFiles/freefly.elf.dir/System/FWLIB/Src/stm32f4xx_crc.c.obj
LOAD CMakeFiles/freefly.elf.dir/System/FWLIB/Src/stm32f4xx_cryp.c.obj
LOAD CMakeFiles/freefly.elf.dir/System/FWLIB/Src/stm32f4xx_cryp_aes.c.obj
LOAD CMakeFiles/freefly.elf.dir/System/FWLIB/Src/stm32f4xx_cryp_des.c.obj
LOAD CMakeFiles/freefly.elf.dir/System/FWLIB/Src/stm32f4xx_cryp_tdes.c.obj
LOAD CMakeFiles/freefly.elf.dir/System/FWLIB/Src/stm32f4xx_dac.c.obj
LOAD CMakeFiles/freefly.elf.dir/System/FWLIB/Src/stm32f4xx_dbgmcu.c.obj
LOAD CMakeFiles/freefly.elf.dir/System/FWLIB/Src/stm32f4xx_dcmi.c.obj
LOAD CMakeFiles/freefly.elf.dir/System/FWLIB/Src/stm32f4xx_dma.c.obj
LOAD CMakeFiles/freefly.elf.dir/System/FWLIB/Src/stm32f4xx_dma2d.c.obj
LOAD CMakeFiles/freefly.elf.dir/System/FWLIB/Src/stm32f4xx_exti.c.obj
LOAD CMakeFiles/freefly.elf.dir/System/FWLIB/Src/stm32f4xx_flash.c.obj
LOAD CMakeFiles/freefly.elf.dir/System/FWLIB/Src/stm32f4xx_flash_ramfunc.c.obj
LOAD CMakeFiles/freefly.elf.dir/System/FWLIB/Src/stm32f4xx_fsmc.c.obj
LOAD CMakeFiles/freefly.elf.dir/System/FWLIB/Src/stm32f4xx_gpio.c.obj
LOAD CMakeFiles/freefly.elf.dir/System/FWLIB/Src/stm32f4xx_hash.c.obj
LOAD CMakeFiles/freefly.elf.dir/System/FWLIB/Src/stm32f4xx_hash_md5.c.obj
LOAD CMakeFiles/freefly.elf.dir/System/FWLIB/Src/stm32f4xx_hash_sha1.c.obj
LOAD CMakeFiles/freefly.elf.dir/System/FWLIB/Src/stm32f4xx_i2c.c.obj
LOAD CMakeFiles/freefly.elf.dir/System/FWLIB/Src/stm32f4xx_iwdg.c.obj
LOAD CMakeFiles/freefly.elf.dir/System/FWLIB/Src/stm32f4xx_ltdc.c.obj
LOAD CMakeFiles/freefly.elf.dir/System/FWLIB/Src/stm32f4xx_pwr.c.obj
LOAD CMakeFiles/freefly.elf.dir/System/FWLIB/Src/stm32f4xx_rcc.c.obj
LOAD CMakeFiles/freefly.elf.dir/System/FWLIB/Src/stm32f4xx_rng.c.obj
LOAD CMakeFiles/freefly.elf.dir/System/FWLIB/Src/stm32f4xx_rtc.c.obj
LOAD CMakeFiles/freefly.elf.dir/System/FWLIB/Src/stm32f4xx_sai.c.obj
LOAD CMakeFiles/freefly.elf.dir/System/FWLIB/Src/stm32f4xx_sdio.c.obj
LOAD CMakeFiles/freefly.elf.dir/System/FWLIB/Src/stm32f4xx_spi.c.obj
LOAD CMakeFiles/freefly.elf.dir/System/FWLIB/Src/stm32f4xx_syscfg.c.obj
LOAD CMakeFiles/freefly.elf.dir/System/FWLIB/Src/stm32f4xx_tim.c.obj
LOAD CMakeFiles/freefly.elf.dir/System/FWLIB/Src/stm32f4xx_usart.c.obj
LOAD CMakeFiles/freefly.elf.dir/System/FWLIB/Src/stm32f4xx_wwdg.c.obj
LOAD CMakeFiles/freefly.elf.dir/Application/Hardware/Src/attitude.c.obj
LOAD CMakeFiles/freefly.elf.dir/Application/Hardware/Src/bluetooth.c.obj
LOAD CMakeFiles/freefly.elf.dir/Application/Hardware/Src/gy86.c.obj
LOAD CMakeFiles/freefly.elf.dir/Application/Hardware/Src/led.c.obj
LOAD CMakeFiles/freefly.elf.dir/Application/Hardware/Src/mathkit.c.obj
LOAD CMakeFiles/freefly.elf.dir/Application/Hardware/Src/motor.c.obj
LOAD CMakeFiles/freefly.elf.dir/Application/Hardware/Src/myI2C.c.obj
LOAD CMakeFiles/freefly.elf.dir/Application/Hardware/Src/receiver.c.obj
LOAD CMakeFiles/freefly.elf.dir/Application/main.c.obj
LOAD CMakeFiles/freefly.elf.dir/Application/SystemConfig/systick.c.obj
LOAD CMakeFiles/freefly.elf.dir/ucos2/Ports/os_cpu_a.s.obj
LOAD CMakeFiles/freefly.elf.dir/ucos2/Ports/os_cpu_c.c.obj
LOAD CMakeFiles/freefly.elf.dir/ucos2/Source/os_core.c.obj
LOAD CMakeFiles/freefly.elf.dir/ucos2/Source/os_dbg_r.c.obj
LOAD CMakeFiles/freefly.elf.dir/ucos2/Source/os_flag.c.obj
LOAD CMakeFiles/freefly.elf.dir/ucos2/Source/os_mbox.c.obj
LOAD CMakeFiles/freefly.elf.dir/ucos2/Source/os_mem.c.obj
LOAD CMakeFiles/freefly.elf.dir/ucos2/Source/os_mutex.c.obj
LOAD CMakeFiles/freefly.elf.dir/ucos2/Source/os_q.c.obj
LOAD CMakeFiles/freefly.elf.dir/ucos2/Source/os_sem.c.obj
LOAD CMakeFiles/freefly.elf.dir/ucos2/Source/os_task.c.obj
LOAD CMakeFiles/freefly.elf.dir/ucos2/Source/os_time.c.obj
LOAD CMakeFiles/freefly.elf.dir/ucos2/Source/os_tmr.c.obj
LOAD CMakeFiles/freefly.elf.dir/Application/SystemView/GenericFiles/SEGGER_RTT.c.obj
LOAD CMakeFiles/freefly.elf.dir/Application/SystemView/GenericFiles/SEGGER_SYSVIEW.c.obj
LOAD CMakeFiles/freefly.elf.dir/Application/SystemView/OSSpecific/SEGGER_SYSVIEW_Config_uCOSII.c.obj
LOAD CMakeFiles/freefly.elf.dir/Application/SystemView/OSSpecific/SEGGER_SYSVIEW_uCOSII.c.obj
LOAD CMakeFiles/freefly.elf.dir/System/CMSIS/Device/startup_stm32f401xe.s.obj
LOAD CMakeFiles/freefly.elf.dir/System/CMSIS/Device/system_stm32f4xx.c.obj
LOAD CMakeFiles/freefly.elf.dir/System/BSP/syscalls.c.obj
START GROUP
LOAD /usr/lib/gcc/arm-none-eabi/13.2.0/thumb/v7e-m+fp/hard/libgcc.a
LOAD /usr/lib/gcc/arm-none-eabi/13.2.0/../../../../arm-none-eabi/lib/thumb/v7e-m+fp/hard/libg.a
LOAD /usr/lib/gcc/arm-none-eabi/13.2.0/../../../../arm-none-eabi/lib/thumb/v7e-m+fp/hard/libc.a
END GROUP
LOAD /usr/lib/gcc/arm-none-eabi/13.2.0/thumb/v7e-m+fp/hard/crtend.o
LOAD /usr/lib/gcc/arm-none-eabi/13.2.0/thumb/v7e-m+fp/hard/crtn.o
                0x20018000                        _estack = (ORIGIN (RAM) + LENGTH (RAM))
                0x00000200                        _Min_Heap_Size = 0x200
                0x00000400                        _Min_Stack_Size = 0x400

.isr_vector     0x08000000      0x194
                0x08000000                        . = ALIGN (0x4)
 *(.isr_vector)
 .isr_vector    0x08000000      0x194 CMakeFiles/freefly.elf.dir/System/CMSIS/Device/startup_stm32f401xe.s.obj
                0x08000000                g_pfnVectors
                0x08000194                        . = ALIGN (0x4)

.text           0x080001c0     0xbf14
                0x080001c0                        . = ALIGN (0x4)
 *(.text)
 .text          0x080001c0      0x158 CMakeFiles/freefly.elf.dir/ucos2/Ports/os_cpu_a.s.obj
                0x080001c0                OS_CPU_FP_Reg_Push
                0x080001d2                OS_CPU_FP_Reg_Pop
                0x080001de                OS_CPU_SR_Save
                0x080001fa                OS_CPU_SR_Restore
                0x0800020c                OSStartHighRdy
                0x08000288                OSCtxSw
                0x08000288                OSIntCtxSw
                0x08000292                PendSV_Handler
 .text          0x08000318      0x378 /usr/lib/gcc/arm-none-eabi/13.2.0/thumb/v7e-m+fp/hard/libgcc.a(_arm_addsubdf3.o)
                0x08000318                __aeabi_drsub
                0x08000320                __aeabi_dsub
                0x08000320                __subdf3
                0x08000324                __adddf3
                0x08000324                __aeabi_dadd
                0x0800059c                __aeabi_ui2d
                0x0800059c                __floatunsidf
                0x080005bc                __floatsidf
                0x080005bc                __aeabi_i2d
                0x080005e0                __extendsfdf2
                0x080005e0                __aeabi_f2d
                0x08000624                __aeabi_ul2d
                0x08000624                __floatundidf
                0x08000634                __floatdidf
                0x08000634                __aeabi_l2d
 .text          0x08000690      0x424 /usr/lib/gcc/arm-none-eabi/13.2.0/thumb/v7e-m+fp/hard/libgcc.a(_arm_muldivdf3.o)
                0x08000690                __aeabi_dmul
                0x08000690                __muldf3
                0x080008e4                __aeabi_ddiv
                0x080008e4                __divdf3
 .text          0x08000ab4      0x110 /usr/lib/gcc/arm-none-eabi/13.2.0/thumb/v7e-m+fp/hard/libgcc.a(_arm_cmpdf2.o)
                0x08000ab4                __gtdf2
                0x08000ab4                __gedf2
                0x08000abc                __ltdf2
                0x08000abc                __ledf2
                0x08000ac4                __cmpdf2
                0x08000ac4                __eqdf2
                0x08000ac4                __nedf2
                0x08000b40                __aeabi_cdrcmple
                0x08000b50                __aeabi_cdcmple
                0x08000b50                __aeabi_cdcmpeq
                0x08000b60                __aeabi_dcmpeq
                0x08000b74                __aeabi_dcmplt
                0x08000b88                __aeabi_dcmple
                0x08000b9c                __aeabi_dcmpge
                0x08000bb0                __aeabi_dcmpgt
 .text          0x08000bc4       0xa0 /usr/lib/gcc/arm-none-eabi/13.2.0/thumb/v7e-m+fp/hard/libgcc.a(_arm_truncdfsf2.o)
                0x08000bc4                __aeabi_d2f
                0x08000bc4                __truncdfsf2
 .text          0x08000c64      0x134 /usr/lib/gcc/arm-none-eabi/13.2.0/../../../../arm-none-eabi/lib/thumb/v7e-m+fp/hard/libg.a(libc_a-memcpy.o)
                0x08000c64                memcpy
 *fill*         0x08000d98       0x28 
 .text          0x08000dc0       0xd8 /usr/lib/gcc/arm-none-eabi/13.2.0/../../../../arm-none-eabi/lib/thumb/v7e-m+fp/hard/libg.a(libc_a-strlen.o)
                0x08000dc0                strlen
 *fill*         0x08000e98        0x8 
 .text          0x08000ea0       0xa0 /usr/lib/gcc/arm-none-eabi/13.2.0/../../../../arm-none-eabi/lib/thumb/v7e-m+fp/hard/libg.a(libc_a-memchr.o)
                0x08000ea0                memchr
 .text          0x08000f40       0x2c /usr/lib/gcc/arm-none-eabi/13.2.0/thumb/v7e-m+fp/hard/libgcc.a(_arm_unorddf2.o)
                0x08000f40                __aeabi_dcmpun
                0x08000f40                __unorddf2
 .text          0x08000f6c       0x50 /usr/lib/gcc/arm-none-eabi/13.2.0/thumb/v7e-m+fp/hard/libgcc.a(_arm_fixdfsi.o)
                0x08000f6c                __fixdfsi
                0x08000f6c                __aeabi_d2iz
 *(.text*)
 .text.__do_global_dtors_aux
                0x08000fbc       0x24 /usr/lib/gcc/arm-none-eabi/13.2.0/thumb/v7e-m+fp/hard/crtbegin.o
 .text.frame_dummy
                0x08000fe0       0x1c /usr/lib/gcc/arm-none-eabi/13.2.0/thumb/v7e-m+fp/hard/crtbegin.o
 .text.atexit   0x08000ffc        0xc /usr/lib/gcc/arm-none-eabi/13.2.0/../../../../arm-none-eabi/lib/thumb/v7e-m+fp/hard/libc.a(libc_a-atexit.o)
                0x08000ffc                atexit
 .text.stdio_exit_handler
                0x08001008       0x18 /usr/lib/gcc/arm-none-eabi/13.2.0/../../../../arm-none-eabi/lib/thumb/v7e-m+fp/hard/libc.a(libc_a-findfp.o)
 .text.cleanup_stdio
                0x08001020       0x40 /usr/lib/gcc/arm-none-eabi/13.2.0/../../../../arm-none-eabi/lib/thumb/v7e-m+fp/hard/libc.a(libc_a-findfp.o)
 .text.global_stdio_init.part.0
                0x08001060       0xf0 /usr/lib/gcc/arm-none-eabi/13.2.0/../../../../arm-none-eabi/lib/thumb/v7e-m+fp/hard/libc.a(libc_a-findfp.o)
 .text.__sinit  0x08001150       0x3c /usr/lib/gcc/arm-none-eabi/13.2.0/../../../../arm-none-eabi/lib/thumb/v7e-m+fp/hard/libc.a(libc_a-findfp.o)
                0x08001150                __sinit
 .text.__sfp_lock_acquire
                0x0800118c        0xc /usr/lib/gcc/arm-none-eabi/13.2.0/../../../../arm-none-eabi/lib/thumb/v7e-m+fp/hard/libc.a(libc_a-findfp.o)
                0x0800118c                __sfp_lock_acquire
 .text.__sfp_lock_release
                0x08001198        0xc /usr/lib/gcc/arm-none-eabi/13.2.0/../../../../arm-none-eabi/lib/thumb/v7e-m+fp/hard/libc.a(libc_a-findfp.o)
                0x08001198                __sfp_lock_release
 .text._fwalk_sglue
                0x080011a4       0x48 /usr/lib/gcc/arm-none-eabi/13.2.0/../../../../arm-none-eabi/lib/thumb/v7e-m+fp/hard/libc.a(libc_a-fwalk.o)
                0x080011a4                _fwalk_sglue
 .text.__sread  0x080011ec       0x24 /usr/lib/gcc/arm-none-eabi/13.2.0/../../../../arm-none-eabi/lib/thumb/v7e-m+fp/hard/libc.a(libc_a-stdio.o)
                0x080011ec                __sread
 .text.__swrite
                0x08001210       0x40 /usr/lib/gcc/arm-none-eabi/13.2.0/../../../../arm-none-eabi/lib/thumb/v7e-m+fp/hard/libc.a(libc_a-stdio.o)
                0x08001210                __swrite
 .text.__sseek  0x08001250       0x24 /usr/lib/gcc/arm-none-eabi/13.2.0/../../../../arm-none-eabi/lib/thumb/v7e-m+fp/hard/libc.a(libc_a-stdio.o)
                0x08001250                __sseek
 .text.__sclose
                0x08001274        0x8 /usr/lib/gcc/arm-none-eabi/13.2.0/../../../../arm-none-eabi/lib/thumb/v7e-m+fp/hard/libc.a(libc_a-stdio.o)
                0x08001274                __sclose
 .text.memset   0x0800127c       0xa4 /usr/lib/gcc/arm-none-eabi/13.2.0/../../../../arm-none-eabi/lib/thumb/v7e-m+fp/hard/libc.a(libc_a-memset.o)
                0x0800127c                memset
 .text._close_r
                0x08001320       0x24 /usr/lib/gcc/arm-none-eabi/13.2.0/../../../../arm-none-eabi/lib/thumb/v7e-m+fp/hard/libc.a(libc_a-closer.o)
                0x08001320                _close_r
 .text._lseek_r
                0x08001344       0x2c /usr/lib/gcc/arm-none-eabi/13.2.0/../../../../arm-none-eabi/lib/thumb/v7e-m+fp/hard/libc.a(libc_a-lseekr.o)
                0x08001344                _lseek_r
 .text._read_r  0x08001370       0x2c /usr/lib/gcc/arm-none-eabi/13.2.0/../../../../arm-none-eabi/lib/thumb/v7e-m+fp/hard/libc.a(libc_a-readr.o)
                0x08001370                _read_r
 .text._write_r
                0x0800139c       0x2c /usr/lib/gcc/arm-none-eabi/13.2.0/../../../../arm-none-eabi/lib/thumb/v7e-m+fp/hard/libc.a(libc_a-writer.o)
                0x0800139c                _write_r
 .text.__libc_init_array
                0x080013c8       0x50 /usr/lib/gcc/arm-none-eabi/13.2.0/../../../../arm-none-eabi/lib/thumb/v7e-m+fp/hard/libc.a(libc_a-init.o)
                0x080013c8                __libc_init_array
 .text.__libc_fini_array
                0x08001418       0x28 /usr/lib/gcc/arm-none-eabi/13.2.0/../../../../arm-none-eabi/lib/thumb/v7e-m+fp/hard/libc.a(libc_a-fini.o)
                0x08001418                __libc_fini_array
 .text.__retarget_lock_init_recursive
                0x08001440        0x4 /usr/lib/gcc/arm-none-eabi/13.2.0/../../../../arm-none-eabi/lib/thumb/v7e-m+fp/hard/libc.a(libc_a-lock.o)
                0x08001440                __retarget_lock_init_recursive
 .text.__retarget_lock_close_recursive
                0x08001444        0x4 /usr/lib/gcc/arm-none-eabi/13.2.0/../../../../arm-none-eabi/lib/thumb/v7e-m+fp/hard/libc.a(libc_a-lock.o)
                0x08001444                __retarget_lock_close_recursive
 .text.__retarget_lock_acquire_recursive
                0x08001448        0x4 /usr/lib/gcc/arm-none-eabi/13.2.0/../../../../arm-none-eabi/lib/thumb/v7e-m+fp/hard/libc.a(libc_a-lock.o)
                0x08001448                __retarget_lock_acquire_recursive
 .text.__retarget_lock_release_recursive
                0x0800144c        0x4 /usr/lib/gcc/arm-none-eabi/13.2.0/../../../../arm-none-eabi/lib/thumb/v7e-m+fp/hard/libc.a(libc_a-lock.o)
                0x0800144c                __retarget_lock_release_recursive
 .text.__register_exitproc
                0x08001450       0x80 /usr/lib/gcc/arm-none-eabi/13.2.0/../../../../arm-none-eabi/lib/thumb/v7e-m+fp/hard/libc.a(libc_a-__atexit.o)
                0x08001450                __register_exitproc
 .text.startup.register_fini
                0x080014d0       0x14 /usr/lib/gcc/arm-none-eabi/13.2.0/../../../../arm-none-eabi/lib/thumb/v7e-m+fp/hard/libc.a(libc_a-__call_atexit.o)
 .text._malloc_trim_r
                0x080014e4       0xb8 /usr/lib/gcc/arm-none-eabi/13.2.0/../../../../arm-none-eabi/lib/thumb/v7e-m+fp/hard/libc.a(libc_a-freer.o)
                0x080014e4                _malloc_trim_r
 .text._free_r  0x0800159c      0x1fc /usr/lib/gcc/arm-none-eabi/13.2.0/../../../../arm-none-eabi/lib/thumb/v7e-m+fp/hard/libc.a(libc_a-freer.o)
                0x0800159c                _free_r
 .text._malloc_r
                0x08001798      0x56c /usr/lib/gcc/arm-none-eabi/13.2.0/../../../../arm-none-eabi/lib/thumb/v7e-m+fp/hard/libc.a(libc_a-mallocr.o)
                0x08001798                _malloc_r
 .text.__malloc_lock
                0x08001d04        0xc /usr/lib/gcc/arm-none-eabi/13.2.0/../../../../arm-none-eabi/lib/thumb/v7e-m+fp/hard/libc.a(libc_a-mlock.o)
                0x08001d04                __malloc_lock
 .text.__malloc_unlock
                0x08001d10        0xc /usr/lib/gcc/arm-none-eabi/13.2.0/../../../../arm-none-eabi/lib/thumb/v7e-m+fp/hard/libc.a(libc_a-mlock.o)
                0x08001d10                __malloc_unlock
 .text._fclose_r
                0x08001d1c       0xc0 /usr/lib/gcc/arm-none-eabi/13.2.0/../../../../arm-none-eabi/lib/thumb/v7e-m+fp/hard/libc.a(libc_a-fclose.o)
                0x08001d1c                _fclose_r
 .text.__sflush_r
                0x08001ddc      0x138 /usr/lib/gcc/arm-none-eabi/13.2.0/../../../../arm-none-eabi/lib/thumb/v7e-m+fp/hard/libc.a(libc_a-fflush.o)
                0x08001ddc                __sflush_r
 .text._fflush_r
                0x08001f14       0x54 /usr/lib/gcc/arm-none-eabi/13.2.0/../../../../arm-none-eabi/lib/thumb/v7e-m+fp/hard/libc.a(libc_a-fflush.o)
                0x08001f14                _fflush_r
 .text._sbrk_r  0x08001f68       0x24 /usr/lib/gcc/arm-none-eabi/13.2.0/../../../../arm-none-eabi/lib/thumb/v7e-m+fp/hard/libc.a(libc_a-sbrkr.o)
                0x08001f68                _sbrk_r
 .text.sysconf  0x08001f8c       0x1c /usr/lib/gcc/arm-none-eabi/13.2.0/../../../../arm-none-eabi/lib/thumb/v7e-m+fp/hard/libc.a(libc_a-sysconf.o)
                0x08001f8c                sysconf
 .text.__errno  0x08001fa8        0xc /usr/lib/gcc/arm-none-eabi/13.2.0/../../../../arm-none-eabi/lib/thumb/v7e-m+fp/hard/libc.a(libc_a-errno.o)
                0x08001fa8                __errno
 .text.NVIC_PriorityGroupConfig
                0x08001fb4       0x28 CMakeFiles/freefly.elf.dir/System/FWLIB/Src/misc.c.obj
                0x08001fb4                NVIC_PriorityGroupConfig
 .text.NVIC_Init
                0x08001fdc       0xc4 CMakeFiles/freefly.elf.dir/System/FWLIB/Src/misc.c.obj
                0x08001fdc                NVIC_Init
 .text.GPIO_Init
                0x080020a0      0x11e CMakeFiles/freefly.elf.dir/System/FWLIB/Src/stm32f4xx_gpio.c.obj
                0x080020a0                GPIO_Init
 *fill*         0x080021be        0x2 
 .text.RCC_AHB1PeriphClockCmd
                0x080021c0       0x40 CMakeFiles/freefly.elf.dir/System/FWLIB/Src/stm32f4xx_rcc.c.obj
                0x080021c0                RCC_AHB1PeriphClockCmd
 .text.RCC_APB1PeriphClockCmd
                0x08002200       0x40 CMakeFiles/freefly.elf.dir/System/FWLIB/Src/stm32f4xx_rcc.c.obj
                0x08002200                RCC_APB1PeriphClockCmd
 .text.TIM_TimeBaseInit
                0x08002240       0xd8 CMakeFiles/freefly.elf.dir/System/FWLIB/Src/stm32f4xx_tim.c.obj
                0x08002240                TIM_TimeBaseInit
 .text.TIM_Cmd  0x08002318       0x40 CMakeFiles/freefly.elf.dir/System/FWLIB/Src/stm32f4xx_tim.c.obj
                0x08002318                TIM_Cmd
 .text.TIM_OC1Init
                0x08002358       0xf4 CMakeFiles/freefly.elf.dir/System/FWLIB/Src/stm32f4xx_tim.c.obj
                0x08002358                TIM_OC1Init
 .text.TIM_OC1PreloadConfig
                0x0800244c       0x38 CMakeFiles/freefly.elf.dir/System/FWLIB/Src/stm32f4xx_tim.c.obj
                0x0800244c                TIM_OC1PreloadConfig
 .text.TIM_GetCapture1
                0x08002484       0x18 CMakeFiles/freefly.elf.dir/System/FWLIB/Src/stm32f4xx_tim.c.obj
                0x08002484                TIM_GetCapture1
 .text.TIM_ITConfig
                0x0800249c       0x48 CMakeFiles/freefly.elf.dir/System/FWLIB/Src/stm32f4xx_tim.c.obj
                0x0800249c                TIM_ITConfig
 .text.TIM_GetITStatus
                0x080024e4       0x54 CMakeFiles/freefly.elf.dir/System/FWLIB/Src/stm32f4xx_tim.c.obj
                0x080024e4                TIM_GetITStatus
 .text.TIM_ClearITPendingBit
                0x08002538       0x22 CMakeFiles/freefly.elf.dir/System/FWLIB/Src/stm32f4xx_tim.c.obj
                0x08002538                TIM_ClearITPendingBit
 .text.USART_GetFlagStatus
                0x0800255a       0x38 CMakeFiles/freefly.elf.dir/System/FWLIB/Src/stm32f4xx_usart.c.obj
                0x0800255a                USART_GetFlagStatus
 *fill*         0x08002592        0x6 
 .text.AccUpdateQuat
                0x08002598      0x740 CMakeFiles/freefly.elf.dir/Application/Hardware/Src/attitude.c.obj
                0x08002598                AccUpdateQuat
 .text.GyroUpdateQuat
                0x08002cd8      0x714 CMakeFiles/freefly.elf.dir/Application/Hardware/Src/attitude.c.obj
                0x08002cd8                GyroUpdateQuat
 *fill*         0x080033ec        0x4 
 .text.MadgwickAHRS
                0x080033f0      0x198 CMakeFiles/freefly.elf.dir/Application/Hardware/Src/attitude.c.obj
                0x080033f0                MadgwickAHRS
 .text.Bluetooth_GPIOInit
                0x08003588       0xf0 CMakeFiles/freefly.elf.dir/Application/Hardware/Src/bluetooth.c.obj
                0x08003588                Bluetooth_GPIOInit
 .text.Bluetooth_ConfigInit
                0x08003678       0x7c CMakeFiles/freefly.elf.dir/Application/Hardware/Src/bluetooth.c.obj
                0x08003678                Bluetooth_ConfigInit
 .text.Bluetooth_SendByte
                0x080036f4       0x30 CMakeFiles/freefly.elf.dir/Application/Hardware/Src/bluetooth.c.obj
                0x080036f4                Bluetooth_SendByte
 .text.BluetoothInit
                0x08003724       0x10 CMakeFiles/freefly.elf.dir/Application/Hardware/Src/bluetooth.c.obj
                0x08003724                BluetoothInit
 .text.GY86Init
                0x08003734       0x10 CMakeFiles/freefly.elf.dir/Application/Hardware/Src/gy86.c.obj
                0x08003734                GY86Init
 .text.MPU6050Init
                0x08003744       0x4e CMakeFiles/freefly.elf.dir/Application/Hardware/Src/gy86.c.obj
                0x08003744                MPU6050Init
 *fill*         0x08003792        0x2 
 .text.GetAccData
                0x08003794      0x194 CMakeFiles/freefly.elf.dir/Application/Hardware/Src/gy86.c.obj
                0x08003794                GetAccData
 .text.GetGyroData
                0x08003928      0x264 CMakeFiles/freefly.elf.dir/Application/Hardware/Src/gy86.c.obj
                0x08003928                GetGyroData
 .text.HMC5883Init
                0x08003b8c       0x26 CMakeFiles/freefly.elf.dir/Application/Hardware/Src/gy86.c.obj
                0x08003b8c                HMC5883Init
 *fill*         0x08003bb2        0x2 
 .text.led_init
                0x08003bb4       0x6c CMakeFiles/freefly.elf.dir/Application/Hardware/Src/led.c.obj
                0x08003bb4                led_init
 .text.Vec3Modulus
                0x08003c20       0xa0 CMakeFiles/freefly.elf.dir/Application/Hardware/Src/mathkit.c.obj
                0x08003c20                Vec3Modulus
 .text.Vec4Modulus
                0x08003cc0       0xcc CMakeFiles/freefly.elf.dir/Application/Hardware/Src/mathkit.c.obj
                0x08003cc0                Vec4Modulus
 .text.Vec4Norm
                0x08003d8c       0xaa CMakeFiles/freefly.elf.dir/Application/Hardware/Src/mathkit.c.obj
                0x08003d8c                Vec4Norm
 *fill*         0x08003e36        0x2 
 .text.QuaterToEuler
                0x08003e38      0x228 CMakeFiles/freefly.elf.dir/Application/Hardware/Src/mathkit.c.obj
                0x08003e38                QuaterToEuler
 .text.MatrixAdd
                0x08004060       0x92 CMakeFiles/freefly.elf.dir/Application/Hardware/Src/mathkit.c.obj
                0x08004060                MatrixAdd
 .text.MatrixScale
                0x080040f2       0x84 CMakeFiles/freefly.elf.dir/Application/Hardware/Src/mathkit.c.obj
                0x080040f2                MatrixScale
 .text.MatrixesMultiply
                0x08004176       0xf4 CMakeFiles/freefly.elf.dir/Application/Hardware/Src/mathkit.c.obj
                0x08004176                MatrixesMultiply
 *fill*         0x0800426a        0x2 
 .text.Motor_Init
                0x0800426c       0xa4 CMakeFiles/freefly.elf.dir/Application/Hardware/Src/motor.c.obj
                0x0800426c                Motor_Init
 .text.MyI2C_GPIOInit
                0x08004310       0xb4 CMakeFiles/freefly.elf.dir/Application/Hardware/Src/myI2C.c.obj
                0x08004310                MyI2C_GPIOInit
 .text.MyI2C_SetMasterMode
                0x080043c4       0xd0 CMakeFiles/freefly.elf.dir/Application/Hardware/Src/myI2C.c.obj
                0x080043c4                MyI2C_SetMasterMode
 .text.MyI2C_SetStart
                0x08004494       0x44 CMakeFiles/freefly.elf.dir/Application/Hardware/Src/myI2C.c.obj
                0x08004494                MyI2C_SetStart
 .text.MyI2C_SetStop
                0x080044d8       0x44 CMakeFiles/freefly.elf.dir/Application/Hardware/Src/myI2C.c.obj
                0x080044d8                MyI2C_SetStop
 .text.MyI2C_SetAck
                0x0800451c       0x44 CMakeFiles/freefly.elf.dir/Application/Hardware/Src/myI2C.c.obj
                0x0800451c                MyI2C_SetAck
 .text.MyI2C_SendData
                0x08004560       0x24 CMakeFiles/freefly.elf.dir/Application/Hardware/Src/myI2C.c.obj
                0x08004560                MyI2C_SendData
 .text.MyI2C_ReceiveData
                0x08004584       0x1c CMakeFiles/freefly.elf.dir/Application/Hardware/Src/myI2C.c.obj
                0x08004584                MyI2C_ReceiveData
 .text.MyI2C_Send7bitAddress
                0x080045a0       0x40 CMakeFiles/freefly.elf.dir/Application/Hardware/Src/myI2C.c.obj
                0x080045a0                MyI2C_Send7bitAddress
 .text.MyI2C_CheckBusy
                0x080045e0       0x30 CMakeFiles/freefly.elf.dir/Application/Hardware/Src/myI2C.c.obj
                0x080045e0                MyI2C_CheckBusy
 .text.MyI2C_CheckMasterModeSelected
                0x08004610       0x48 CMakeFiles/freefly.elf.dir/Application/Hardware/Src/myI2C.c.obj
                0x08004610                MyI2C_CheckMasterModeSelected
 .text.MyI2C_CheckMasterTransmitterModeSelected
                0x08004658       0x88 CMakeFiles/freefly.elf.dir/Application/Hardware/Src/myI2C.c.obj
                0x08004658                MyI2C_CheckMasterTransmitterModeSelected
 .text.MyI2C_CheckMasterByteTransmitted
                0x080046e0       0x70 CMakeFiles/freefly.elf.dir/Application/Hardware/Src/myI2C.c.obj
                0x080046e0                MyI2C_CheckMasterByteTransmitted
 .text.MyI2C_CheckMasterReceiverModeSelected
                0x08004750       0x4c CMakeFiles/freefly.elf.dir/Application/Hardware/Src/myI2C.c.obj
                0x08004750                MyI2C_CheckMasterReceiverModeSelected
 .text.MyI2C_CheckRXNE
                0x0800479c       0x2c CMakeFiles/freefly.elf.dir/Application/Hardware/Src/myI2C.c.obj
                0x0800479c                MyI2C_CheckRXNE
 .text.MyI2C_CheckTXE
                0x080047c8       0x2c CMakeFiles/freefly.elf.dir/Application/Hardware/Src/myI2C.c.obj
                0x080047c8                MyI2C_CheckTXE
 .text.MyI2C_BurstReadRegister
                0x080047f4       0xd4 CMakeFiles/freefly.elf.dir/Application/Hardware/Src/myI2C.c.obj
                0x080047f4                MyI2C_BurstReadRegister
 .text.MyI2C_WriteRegister
                0x080048c8       0x7c CMakeFiles/freefly.elf.dir/Application/Hardware/Src/myI2C.c.obj
                0x080048c8                MyI2C_WriteRegister
 .text.MyI2C_WriteRegisterHMC5883
                0x08004944       0x88 CMakeFiles/freefly.elf.dir/Application/Hardware/Src/myI2C.c.obj
                0x08004944                MyI2C_WriteRegisterHMC5883
 .text.MyI2C_Init
                0x080049cc       0x2c CMakeFiles/freefly.elf.dir/Application/Hardware/Src/myI2C.c.obj
                0x080049cc                MyI2C_Init
 .text.TIM1_init
                0x080049f8      0x22c CMakeFiles/freefly.elf.dir/Application/Hardware/Src/receiver.c.obj
                0x080049f8                TIM1_init
 .text.Receiver_CalcDutyCycle
                0x08004c24       0x38 CMakeFiles/freefly.elf.dir/Application/Hardware/Src/receiver.c.obj
                0x08004c24                Receiver_CalcDutyCycle
 .text.TIM1_CC_IRQHandler
                0x08004c5c       0x94 CMakeFiles/freefly.elf.dir/Application/Hardware/Src/receiver.c.obj
                0x08004c5c                TIM1_CC_IRQHandler
 .text.task_peripheral_init
                0x08004cf0       0x7c CMakeFiles/freefly.elf.dir/Application/main.c.obj
                0x08004cf0                task_peripheral_init
 *fill*         0x08004d6c        0x4 
 .text.task_attitude_fusion
                0x08004d70      0x1c0 CMakeFiles/freefly.elf.dir/Application/main.c.obj
                0x08004d70                task_attitude_fusion
 .text.first_task
                0x08004f30       0xac CMakeFiles/freefly.elf.dir/Application/main.c.obj
                0x08004f30                first_task
 .text.main     0x08004fdc       0x38 CMakeFiles/freefly.elf.dir/Application/main.c.obj
                0x08004fdc                main
 .text.My_Systick_Config
                0x08005014       0x58 CMakeFiles/freefly.elf.dir/Application/SystemConfig/systick.c.obj
                0x08005014                My_Systick_Config
 .text.OSInitHookBegin
                0x0800506c       0x60 CMakeFiles/freefly.elf.dir/ucos2/Ports/os_cpu_c.c.obj
                0x0800506c                OSInitHookBegin
 .text.OSInitHookEnd
                0x080050cc        0xe CMakeFiles/freefly.elf.dir/ucos2/Ports/os_cpu_c.c.obj
                0x080050cc                OSInitHookEnd
 .text.OSTaskCreateHook
                0x080050da       0x14 CMakeFiles/freefly.elf.dir/ucos2/Ports/os_cpu_c.c.obj
                0x080050da                OSTaskCreateHook
 .text.OSTaskDelHook
                0x080050ee       0x14 CMakeFiles/freefly.elf.dir/ucos2/Ports/os_cpu_c.c.obj
                0x080050ee                OSTaskDelHook
 .text.OSTaskIdleHook
                0x08005102        0xe CMakeFiles/freefly.elf.dir/ucos2/Ports/os_cpu_c.c.obj
                0x08005102                OSTaskIdleHook
 .text.OSTaskReturnHook
                0x08005110       0x14 CMakeFiles/freefly.elf.dir/ucos2/Ports/os_cpu_c.c.obj
                0x08005110                OSTaskReturnHook
 .text.OSTaskStatHook
                0x08005124        0xe CMakeFiles/freefly.elf.dir/ucos2/Ports/os_cpu_c.c.obj
                0x08005124                OSTaskStatHook
 *fill*         0x08005132        0x2 
 .text.OSTaskStkInit
                0x08005134      0x118 CMakeFiles/freefly.elf.dir/ucos2/Ports/os_cpu_c.c.obj
                0x08005134                OSTaskStkInit
 .text.OSTCBInitHook
                0x0800524c       0x14 CMakeFiles/freefly.elf.dir/ucos2/Ports/os_cpu_c.c.obj
                0x0800524c                OSTCBInitHook
 .text.SysTick_Handler
                0x08005260       0x28 CMakeFiles/freefly.elf.dir/ucos2/Ports/os_cpu_c.c.obj
                0x08005260                SysTick_Handler
 .text.OSInit   0x08005288       0x38 CMakeFiles/freefly.elf.dir/ucos2/Source/os_core.c.obj
                0x08005288                OSInit
 .text.OSIntEnter
                0x080052c0       0x34 CMakeFiles/freefly.elf.dir/ucos2/Source/os_core.c.obj
                0x080052c0                OSIntEnter
 .text.OSIntExit
                0x080052f4       0xa4 CMakeFiles/freefly.elf.dir/ucos2/Source/os_core.c.obj
                0x080052f4                OSIntExit
 .text.OSStart  0x08005398       0x50 CMakeFiles/freefly.elf.dir/ucos2/Source/os_core.c.obj
                0x08005398                OSStart
 .text.OSTimeTick
                0x080053e8      0x140 CMakeFiles/freefly.elf.dir/ucos2/Source/os_core.c.obj
                0x080053e8                OSTimeTick
 .text.OS_Dummy
                0x08005528        0xe CMakeFiles/freefly.elf.dir/ucos2/Source/os_core.c.obj
                0x08005528                OS_Dummy
 .text.OS_EventTaskRemove
                0x08005536       0x66 CMakeFiles/freefly.elf.dir/ucos2/Source/os_core.c.obj
                0x08005536                OS_EventTaskRemove
 .text.OS_InitEventList
                0x0800559c       0x94 CMakeFiles/freefly.elf.dir/ucos2/Source/os_core.c.obj
 .text.OS_InitMisc
                0x08005630       0x7c CMakeFiles/freefly.elf.dir/ucos2/Source/os_core.c.obj
 .text.OS_InitRdyList
                0x080056ac       0x64 CMakeFiles/freefly.elf.dir/ucos2/Source/os_core.c.obj
 .text.OS_InitTaskIdle
                0x08005710       0x4c CMakeFiles/freefly.elf.dir/ucos2/Source/os_core.c.obj
 .text.OS_InitTaskStat
                0x0800575c       0x4c CMakeFiles/freefly.elf.dir/ucos2/Source/os_core.c.obj
 .text.OS_InitTCBList
                0x080057a8       0x9c CMakeFiles/freefly.elf.dir/ucos2/Source/os_core.c.obj
 .text.OS_MemClr
                0x08005844       0x32 CMakeFiles/freefly.elf.dir/ucos2/Source/os_core.c.obj
                0x08005844                OS_MemClr
 *fill*         0x08005876        0x2 
 .text.OS_Sched
                0x08005878       0x84 CMakeFiles/freefly.elf.dir/ucos2/Source/os_core.c.obj
                0x08005878                OS_Sched
 .text.OS_SchedNew
                0x080058fc       0x48 CMakeFiles/freefly.elf.dir/ucos2/Source/os_core.c.obj
 .text.OS_TaskIdle
                0x08005944       0x30 CMakeFiles/freefly.elf.dir/ucos2/Source/os_core.c.obj
                0x08005944                OS_TaskIdle
 .text.OS_TaskStat
                0x08005974       0xf0 CMakeFiles/freefly.elf.dir/ucos2/Source/os_core.c.obj
                0x08005974                OS_TaskStat
 .text.OS_TaskStatStkChk
                0x08005a64       0x68 CMakeFiles/freefly.elf.dir/ucos2/Source/os_core.c.obj
                0x08005a64                OS_TaskStatStkChk
 .text.OS_TCBInit
                0x08005acc      0x1e0 CMakeFiles/freefly.elf.dir/ucos2/Source/os_core.c.obj
                0x08005acc                OS_TCBInit
 .text.OSDebugInit
                0x08005cac      0x184 CMakeFiles/freefly.elf.dir/ucos2/Source/os_dbg_r.c.obj
                0x08005cac                OSDebugInit
 .text.OS_FlagInit
                0x08005e30       0x84 CMakeFiles/freefly.elf.dir/ucos2/Source/os_flag.c.obj
                0x08005e30                OS_FlagInit
 .text.OS_FlagUnlink
                0x08005eb4       0x5e CMakeFiles/freefly.elf.dir/ucos2/Source/os_flag.c.obj
                0x08005eb4                OS_FlagUnlink
 *fill*         0x08005f12        0x2 
 .text.OS_MemInit
                0x08005f14       0x80 CMakeFiles/freefly.elf.dir/ucos2/Source/os_mem.c.obj
                0x08005f14                OS_MemInit
 .text.OS_QInit
                0x08005f94       0x78 CMakeFiles/freefly.elf.dir/ucos2/Source/os_q.c.obj
                0x08005f94                OS_QInit
 .text.OSTaskCreate
                0x0800600c       0xc0 CMakeFiles/freefly.elf.dir/ucos2/Source/os_task.c.obj
                0x0800600c                OSTaskCreate
 .text.OSTaskCreateExt
                0x080060cc       0xcc CMakeFiles/freefly.elf.dir/ucos2/Source/os_task.c.obj
                0x080060cc                OSTaskCreateExt
 .text.OSTaskDel
                0x08006198      0x1cc CMakeFiles/freefly.elf.dir/ucos2/Source/os_task.c.obj
                0x08006198                OSTaskDel
 .text.OSTaskNameSet
                0x08006364       0x90 CMakeFiles/freefly.elf.dir/ucos2/Source/os_task.c.obj
                0x08006364                OSTaskNameSet
 .text.OSTaskStkChk
                0x080063f4       0xc0 CMakeFiles/freefly.elf.dir/ucos2/Source/os_task.c.obj
                0x080063f4                OSTaskStkChk
 .text.OSTaskSuspend
                0x080064b4       0xec CMakeFiles/freefly.elf.dir/ucos2/Source/os_task.c.obj
                0x080064b4                OSTaskSuspend
 .text.OS_TaskReturn
                0x080065a0       0x1c CMakeFiles/freefly.elf.dir/ucos2/Source/os_task.c.obj
                0x080065a0                OS_TaskReturn
 .text.OS_TaskStkClr
                0x080065bc       0x46 CMakeFiles/freefly.elf.dir/ucos2/Source/os_task.c.obj
                0x080065bc                OS_TaskStkClr
 *fill*         0x08006602        0x2 
 .text.OSTimeDly
                0x08006604       0xb8 CMakeFiles/freefly.elf.dir/ucos2/Source/os_time.c.obj
                0x08006604                OSTimeDly
 .text.OSTimeGet
                0x080066bc       0x2c CMakeFiles/freefly.elf.dir/ucos2/Source/os_time.c.obj
                0x080066bc                OSTimeGet
 .text.Reset_Handler
                0x080066e8       0x50 CMakeFiles/freefly.elf.dir/System/CMSIS/Device/startup_stm32f401xe.s.obj
                0x080066e8                Reset_Handler
 .text.Default_Handler
                0x08006738        0x2 CMakeFiles/freefly.elf.dir/System/CMSIS/Device/startup_stm32f401xe.s.obj
                0x08006738                RTC_Alarm_IRQHandler
                0x08006738                EXTI2_IRQHandler
                0x08006738                DebugMon_Handler
                0x08006738                SPI4_IRQHandler
                0x08006738                DMA2_Stream5_IRQHandler
                0x08006738                HardFault_Handler
                0x08006738                DMA1_Stream5_IRQHandler
                0x08006738                PVD_IRQHandler
                0x08006738                SDIO_IRQHandler
                0x08006738                TAMP_STAMP_IRQHandler
                0x08006738                NMI_Handler
                0x08006738                EXTI3_IRQHandler
                0x08006738                TIM1_UP_TIM10_IRQHandler
                0x08006738                I2C3_ER_IRQHandler
                0x08006738                EXTI0_IRQHandler
                0x08006738                I2C2_EV_IRQHandler
                0x08006738                DMA1_Stream2_IRQHandler
                0x08006738                FPU_IRQHandler
                0x08006738                UsageFault_Handler
                0x08006738                DMA2_Stream2_IRQHandler
                0x08006738                SPI1_IRQHandler
                0x08006738                TIM1_BRK_TIM9_IRQHandler
                0x08006738                DMA2_Stream3_IRQHandler
                0x08006738                USART6_IRQHandler
                0x08006738                DMA2_Stream0_IRQHandler
                0x08006738                TIM4_IRQHandler
                0x08006738                I2C1_EV_IRQHandler
                0x08006738                DMA1_Stream6_IRQHandler
                0x08006738                DMA1_Stream1_IRQHandler
                0x08006738                TIM3_IRQHandler
                0x08006738                RCC_IRQHandler
                0x08006738                Default_Handler
                0x08006738                EXTI15_10_IRQHandler
                0x08006738                ADC_IRQHandler
                0x08006738                DMA1_Stream7_IRQHandler
                0x08006738                TIM5_IRQHandler
                0x08006738                DMA2_Stream7_IRQHandler
                0x08006738                I2C3_EV_IRQHandler
                0x08006738                EXTI9_5_IRQHandler
                0x08006738                RTC_WKUP_IRQHandler
                0x08006738                SPI2_IRQHandler
                0x08006738                MemManage_Handler
                0x08006738                DMA1_Stream0_IRQHandler
                0x08006738                SVC_Handler
                0x08006738                EXTI4_IRQHandler
                0x08006738                WWDG_IRQHandler
                0x08006738                TIM2_IRQHandler
                0x08006738                OTG_FS_WKUP_IRQHandler
                0x08006738                TIM1_TRG_COM_TIM11_IRQHandler
                0x08006738                EXTI1_IRQHandler
                0x08006738                USART2_IRQHandler
                0x08006738                I2C2_ER_IRQHandler
                0x08006738                DMA2_Stream1_IRQHandler
                0x08006738                FLASH_IRQHandler
                0x08006738                DMA2_Stream4_IRQHandler
                0x08006738                BusFault_Handler
                0x08006738                USART1_IRQHandler
                0x08006738                OTG_FS_IRQHandler
                0x08006738                SPI3_IRQHandler
                0x08006738                DMA1_Stream4_IRQHandler
                0x08006738                I2C1_ER_IRQHandler
                0x08006738                DMA2_Stream6_IRQHandler
                0x08006738                DMA1_Stream3_IRQHandler
 *fill*         0x0800673a        0x2 
 .text.SystemInit
                0x0800673c       0x6c CMakeFiles/freefly.elf.dir/System/CMSIS/Device/system_stm32f4xx.c.obj
                0x0800673c                SystemInit
 .text.SetSysClock
                0x080067a8       0xf4 CMakeFiles/freefly.elf.dir/System/CMSIS/Device/system_stm32f4xx.c.obj
 .text._fstat   0x0800689c       0x20 CMakeFiles/freefly.elf.dir/System/BSP/syscalls.c.obj
                0x0800689c                _fstat
 .text._isatty  0x080068bc       0x16 CMakeFiles/freefly.elf.dir/System/BSP/syscalls.c.obj
                0x080068bc                _isatty
 .text._close   0x080068d2       0x18 CMakeFiles/freefly.elf.dir/System/BSP/syscalls.c.obj
                0x080068d2                _close
 .text._lseek   0x080068ea       0x1a CMakeFiles/freefly.elf.dir/System/BSP/syscalls.c.obj
                0x080068ea                _lseek
 .text._write   0x08006904       0x38 CMakeFiles/freefly.elf.dir/System/BSP/syscalls.c.obj
                0x08006904                _write
 .text._read    0x0800693c       0x1a CMakeFiles/freefly.elf.dir/System/BSP/syscalls.c.obj
                0x0800693c                _read
 *fill*         0x08006956        0x2 
 .text._sbrk    0x08006958       0x40 CMakeFiles/freefly.elf.dir/System/BSP/syscalls.c.obj
                0x08006958                _sbrk
 .text._kill    0x08006998       0x24 CMakeFiles/freefly.elf.dir/System/BSP/syscalls.c.obj
                0x08006998                _kill
 .text._getpid  0x080069bc       0x16 CMakeFiles/freefly.elf.dir/System/BSP/syscalls.c.obj
                0x080069bc                _getpid
 .text._exit    0x080069d2        0xc CMakeFiles/freefly.elf.dir/System/BSP/syscalls.c.obj
                0x080069d2                _exit
 *fill*         0x080069de        0x2 
 .text.printf   0x080069e0       0x28 /usr/lib/gcc/arm-none-eabi/13.2.0/../../../../arm-none-eabi/lib/thumb/v7e-m+fp/hard/libg.a(libc_a-printf.o)
                0x080069e0                printf
 .text._puts_r  0x08006a08       0x98 /usr/lib/gcc/arm-none-eabi/13.2.0/../../../../arm-none-eabi/lib/thumb/v7e-m+fp/hard/libg.a(libc_a-puts.o)
                0x08006a08                _puts_r
 .text.puts     0x08006aa0       0x10 /usr/lib/gcc/arm-none-eabi/13.2.0/../../../../arm-none-eabi/lib/thumb/v7e-m+fp/hard/libg.a(libc_a-puts.o)
                0x08006aa0                puts
 .text._vfprintf_r
                0x08006ab0     0x1ae4 /usr/lib/gcc/arm-none-eabi/13.2.0/../../../../arm-none-eabi/lib/thumb/v7e-m+fp/hard/libg.a(libc_a-vfprintf.o)
                0x08006ab0                _vfprintf_r
 .text.__sbprintf
                0x08008594       0x80 /usr/lib/gcc/arm-none-eabi/13.2.0/../../../../arm-none-eabi/lib/thumb/v7e-m+fp/hard/libg.a(libc_a-vfprintf.o)
 .text.__sprint_r.part.0
                0x08008614       0x78 /usr/lib/gcc/arm-none-eabi/13.2.0/../../../../arm-none-eabi/lib/thumb/v7e-m+fp/hard/libg.a(libc_a-vfiprintf.o)
 .text.__sprint_r
                0x0800868c       0x18 /usr/lib/gcc/arm-none-eabi/13.2.0/../../../../arm-none-eabi/lib/thumb/v7e-m+fp/hard/libg.a(libc_a-vfiprintf.o)
                0x0800868c                __sprint_r
 .text._vfiprintf_r
                0x080086a4      0xd4c /usr/lib/gcc/arm-none-eabi/13.2.0/../../../../arm-none-eabi/lib/thumb/v7e-m+fp/hard/libg.a(libc_a-vfiprintf.o)
                0x080086a4                _vfiprintf_r
 .text.__sbprintf
                0x080093f0       0x80 /usr/lib/gcc/arm-none-eabi/13.2.0/../../../../arm-none-eabi/lib/thumb/v7e-m+fp/hard/libg.a(libc_a-vfiprintf.o)
 .text.__sfvwrite_r
                0x08009470      0x300 /usr/lib/gcc/arm-none-eabi/13.2.0/../../../../arm-none-eabi/lib/thumb/v7e-m+fp/hard/libg.a(libc_a-fvwrite.o)
                0x08009470                __sfvwrite_r
 .text.__swsetup_r
                0x08009770       0xc0 /usr/lib/gcc/arm-none-eabi/13.2.0/../../../../arm-none-eabi/lib/thumb/v7e-m+fp/hard/libg.a(libc_a-wsetup.o)
                0x08009770                __swsetup_r
 .text.__fputwc
                0x08009830       0x7c /usr/lib/gcc/arm-none-eabi/13.2.0/../../../../arm-none-eabi/lib/thumb/v7e-m+fp/hard/libg.a(libc_a-fputwc.o)
                0x08009830                __fputwc
 .text._fputwc_r
                0x080098ac       0x60 /usr/lib/gcc/arm-none-eabi/13.2.0/../../../../arm-none-eabi/lib/thumb/v7e-m+fp/hard/libg.a(libc_a-fputwc.o)
                0x080098ac                _fputwc_r
 .text.memmove  0x0800990c      0x100 /usr/lib/gcc/arm-none-eabi/13.2.0/../../../../arm-none-eabi/lib/thumb/v7e-m+fp/hard/libg.a(libc_a-memmove.o)
                0x0800990c                memmove
 .text.strncpy  0x08009a0c       0x68 /usr/lib/gcc/arm-none-eabi/13.2.0/../../../../arm-none-eabi/lib/thumb/v7e-m+fp/hard/libg.a(libc_a-strncpy.o)
                0x08009a0c                strncpy
 .text.__locale_mb_cur_max
                0x08009a74        0xc /usr/lib/gcc/arm-none-eabi/13.2.0/../../../../arm-none-eabi/lib/thumb/v7e-m+fp/hard/libg.a(libc_a-locale.o)
                0x08009a74                __locale_mb_cur_max
 .text._localeconv_r
                0x08009a80        0x8 /usr/lib/gcc/arm-none-eabi/13.2.0/../../../../arm-none-eabi/lib/thumb/v7e-m+fp/hard/libg.a(libc_a-localeconv.o)
                0x08009a80                _localeconv_r
 .text.frexp    0x08009a88       0x68 /usr/lib/gcc/arm-none-eabi/13.2.0/../../../../arm-none-eabi/lib/thumb/v7e-m+fp/hard/libg.a(libm_a-s_frexp.o)
                0x08009a88                frexp
 .text.quorem   0x08009af0      0x12c /usr/lib/gcc/arm-none-eabi/13.2.0/../../../../arm-none-eabi/lib/thumb/v7e-m+fp/hard/libg.a(libc_a-dtoa.o)
 *fill*         0x08009c1c        0x4 
 .text._dtoa_r  0x08009c20      0xe4c /usr/lib/gcc/arm-none-eabi/13.2.0/../../../../arm-none-eabi/lib/thumb/v7e-m+fp/hard/libg.a(libc_a-dtoa.o)
                0x08009c20                _dtoa_r
 .text.__ascii_mbtowc
                0x0800aa6c       0x2c /usr/lib/gcc/arm-none-eabi/13.2.0/../../../../arm-none-eabi/lib/thumb/v7e-m+fp/hard/libg.a(libc_a-mbtowc_r.o)
                0x0800aa6c                __ascii_mbtowc
 .text._Balloc  0x0800aa98       0x4c /usr/lib/gcc/arm-none-eabi/13.2.0/../../../../arm-none-eabi/lib/thumb/v7e-m+fp/hard/libg.a(libc_a-mprec.o)
                0x0800aa98                _Balloc
 .text._Bfree   0x0800aae4       0x14 /usr/lib/gcc/arm-none-eabi/13.2.0/../../../../arm-none-eabi/lib/thumb/v7e-m+fp/hard/libg.a(libc_a-mprec.o)
                0x0800aae4                _Bfree
 .text.__multadd
                0x0800aaf8       0xa0 /usr/lib/gcc/arm-none-eabi/13.2.0/../../../../arm-none-eabi/lib/thumb/v7e-m+fp/hard/libg.a(libc_a-mprec.o)
                0x0800aaf8                __multadd
 .text.__hi0bits
                0x0800ab98       0x44 /usr/lib/gcc/arm-none-eabi/13.2.0/../../../../arm-none-eabi/lib/thumb/v7e-m+fp/hard/libg.a(libc_a-mprec.o)
                0x0800ab98                __hi0bits
 .text.__lo0bits
                0x0800abdc       0x60 /usr/lib/gcc/arm-none-eabi/13.2.0/../../../../arm-none-eabi/lib/thumb/v7e-m+fp/hard/libg.a(libc_a-mprec.o)
                0x0800abdc                __lo0bits
 .text.__i2b    0x0800ac3c       0x5c /usr/lib/gcc/arm-none-eabi/13.2.0/../../../../arm-none-eabi/lib/thumb/v7e-m+fp/hard/libg.a(libc_a-mprec.o)
                0x0800ac3c                __i2b
 .text.__multiply
                0x0800ac98      0x16c /usr/lib/gcc/arm-none-eabi/13.2.0/../../../../arm-none-eabi/lib/thumb/v7e-m+fp/hard/libg.a(libc_a-mprec.o)
                0x0800ac98                __multiply
 .text.__pow5mult
                0x0800ae04       0xb4 /usr/lib/gcc/arm-none-eabi/13.2.0/../../../../arm-none-eabi/lib/thumb/v7e-m+fp/hard/libg.a(libc_a-mprec.o)
                0x0800ae04                __pow5mult
 .text.__lshift
                0x0800aeb8       0xf0 /usr/lib/gcc/arm-none-eabi/13.2.0/../../../../arm-none-eabi/lib/thumb/v7e-m+fp/hard/libg.a(libc_a-mprec.o)
                0x0800aeb8                __lshift
 .text.__mcmp   0x0800afa8       0x44 /usr/lib/gcc/arm-none-eabi/13.2.0/../../../../arm-none-eabi/lib/thumb/v7e-m+fp/hard/libg.a(libc_a-mprec.o)
                0x0800afa8                __mcmp
 .text.__mdiff  0x0800afec      0x164 /usr/lib/gcc/arm-none-eabi/13.2.0/../../../../arm-none-eabi/lib/thumb/v7e-m+fp/hard/libg.a(libc_a-mprec.o)
                0x0800afec                __mdiff
 .text.__d2b    0x0800b150       0xc0 /usr/lib/gcc/arm-none-eabi/13.2.0/../../../../arm-none-eabi/lib/thumb/v7e-m+fp/hard/libg.a(libc_a-mprec.o)
                0x0800b150                __d2b
 .text._realloc_r
                0x0800b210      0x344 /usr/lib/gcc/arm-none-eabi/13.2.0/../../../../arm-none-eabi/lib/thumb/v7e-m+fp/hard/libg.a(libc_a-reallocr.o)
                0x0800b210                _realloc_r
 .text.__ascii_wctomb
                0x0800b554       0x1c /usr/lib/gcc/arm-none-eabi/13.2.0/../../../../arm-none-eabi/lib/thumb/v7e-m+fp/hard/libg.a(libc_a-wctomb_r.o)
                0x0800b554                __ascii_wctomb
 .text._wcrtomb_r
                0x0800b570       0x34 /usr/lib/gcc/arm-none-eabi/13.2.0/../../../../arm-none-eabi/lib/thumb/v7e-m+fp/hard/libg.a(libc_a-wcrtomb.o)
                0x0800b570                _wcrtomb_r
 .text.__smakebuf_r
                0x0800b5a4       0xdc /usr/lib/gcc/arm-none-eabi/13.2.0/../../../../arm-none-eabi/lib/thumb/v7e-m+fp/hard/libg.a(libc_a-makebuf.o)
                0x0800b5a4                __smakebuf_r
 .text.__swbuf_r
                0x0800b680       0xac /usr/lib/gcc/arm-none-eabi/13.2.0/../../../../arm-none-eabi/lib/thumb/v7e-m+fp/hard/libg.a(libc_a-wbuf.o)
                0x0800b680                __swbuf_r
 .text._fstat_r
                0x0800b72c       0x2c /usr/lib/gcc/arm-none-eabi/13.2.0/../../../../arm-none-eabi/lib/thumb/v7e-m+fp/hard/libg.a(libc_a-fstatr.o)
                0x0800b72c                _fstat_r
 .text._isatty_r
                0x0800b758       0x24 /usr/lib/gcc/arm-none-eabi/13.2.0/../../../../arm-none-eabi/lib/thumb/v7e-m+fp/hard/libg.a(libc_a-isattyr.o)
                0x0800b758                _isatty_r
 .text.__assert_func
                0x0800b77c       0x40 /usr/lib/gcc/arm-none-eabi/13.2.0/../../../../arm-none-eabi/lib/thumb/v7e-m+fp/hard/libg.a(libc_a-assert.o)
                0x0800b77c                __assert_func
 .text._calloc_r
                0x0800b7bc       0x6c /usr/lib/gcc/arm-none-eabi/13.2.0/../../../../arm-none-eabi/lib/thumb/v7e-m+fp/hard/libg.a(libc_a-callocr.o)
                0x0800b7bc                _calloc_r
 .text.fiprintf
                0x0800b828       0x28 /usr/lib/gcc/arm-none-eabi/13.2.0/../../../../arm-none-eabi/lib/thumb/v7e-m+fp/hard/libg.a(libc_a-fiprintf.o)
                0x0800b828                fiprintf
 .text.abort    0x0800b850       0x10 /usr/lib/gcc/arm-none-eabi/13.2.0/../../../../arm-none-eabi/lib/thumb/v7e-m+fp/hard/libg.a(libc_a-abort.o)
                0x0800b850                abort
 .text.raise    0x0800b860       0x58 /usr/lib/gcc/arm-none-eabi/13.2.0/../../../../arm-none-eabi/lib/thumb/v7e-m+fp/hard/libg.a(libc_a-signal.o)
                0x0800b860                raise
 .text._kill_r  0x0800b8b8       0x2c /usr/lib/gcc/arm-none-eabi/13.2.0/../../../../arm-none-eabi/lib/thumb/v7e-m+fp/hard/libg.a(libc_a-signalr.o)
                0x0800b8b8                _kill_r
 .text._getpid_r
                0x0800b8e4        0x4 /usr/lib/gcc/arm-none-eabi/13.2.0/../../../../arm-none-eabi/lib/thumb/v7e-m+fp/hard/libg.a(libc_a-signalr.o)
                0x0800b8e4                _getpid_r
 .text.sqrt     0x0800b8e8       0x68 /usr/lib/gcc/arm-none-eabi/13.2.0/../../../../arm-none-eabi/lib/thumb/v7e-m+fp/hard/libm.a(libm_a-w_sqrt.o)
                0x0800b8e8                sqrt
 .text.asinf    0x0800b950       0x58 /usr/lib/gcc/arm-none-eabi/13.2.0/../../../../arm-none-eabi/lib/thumb/v7e-m+fp/hard/libm.a(libm_a-wf_asin.o)
                0x0800b950                asinf
 .text.atan2f   0x0800b9a8        0x4 /usr/lib/gcc/arm-none-eabi/13.2.0/../../../../arm-none-eabi/lib/thumb/v7e-m+fp/hard/libm.a(libm_a-wf_atan2.o)
                0x0800b9a8                atan2f
 .text.fabsf    0x0800b9ac       0x10 /usr/lib/gcc/arm-none-eabi/13.2.0/../../../../arm-none-eabi/lib/thumb/v7e-m+fp/hard/libm.a(libm_a-sf_fabs.o)
                0x0800b9ac                fabsf
 .text.nanf     0x0800b9bc        0xc /usr/lib/gcc/arm-none-eabi/13.2.0/../../../../arm-none-eabi/lib/thumb/v7e-m+fp/hard/libm.a(libm_a-sf_nan.o)
                0x0800b9bc                nanf
 .text.__ieee754_sqrt
                0x0800b9c8      0x1f4 /usr/lib/gcc/arm-none-eabi/13.2.0/../../../../arm-none-eabi/lib/thumb/v7e-m+fp/hard/libm.a(libm_a-e_sqrt.o)
                0x0800b9c8                __ieee754_sqrt
 .text.__ieee754_asinf
                0x0800bbbc      0x1fc /usr/lib/gcc/arm-none-eabi/13.2.0/../../../../arm-none-eabi/lib/thumb/v7e-m+fp/hard/libm.a(libm_a-ef_asin.o)
                0x0800bbbc                __ieee754_asinf
 .text.__ieee754_atan2f
                0x0800bdb8      0x150 /usr/lib/gcc/arm-none-eabi/13.2.0/../../../../arm-none-eabi/lib/thumb/v7e-m+fp/hard/libm.a(libm_a-ef_atan2.o)
                0x0800bdb8                __ieee754_atan2f
 .text.atanf    0x0800bf08      0x1ac /usr/lib/gcc/arm-none-eabi/13.2.0/../../../../arm-none-eabi/lib/thumb/v7e-m+fp/hard/libm.a(libm_a-sf_atan.o)
                0x0800bf08                atanf
 .text.__ieee754_sqrtf
                0x0800c0b4        0x8 /usr/lib/gcc/arm-none-eabi/13.2.0/../../../../arm-none-eabi/lib/thumb/v7e-m+fp/hard/libm.a(libm_a-ef_sqrt.o)
                0x0800c0b4                __ieee754_sqrtf
 *(.glue_7)
 .glue_7        0x0800c0bc        0x0 linker stubs
 *(.glue_7t)
 .glue_7t       0x0800c0bc        0x0 linker stubs
 *(.eh_frame)
 .eh_frame      0x0800c0bc        0x0 /usr/lib/gcc/arm-none-eabi/13.2.0/thumb/v7e-m+fp/hard/crtbegin.o
 *(.init)
 .init          0x0800c0bc        0x4 /usr/lib/gcc/arm-none-eabi/13.2.0/thumb/v7e-m+fp/hard/crti.o
                0x0800c0bc                _init
 .init          0x0800c0c0        0x8 /usr/lib/gcc/arm-none-eabi/13.2.0/thumb/v7e-m+fp/hard/crtn.o
 *(.fini)
 .fini          0x0800c0c8        0x4 /usr/lib/gcc/arm-none-eabi/13.2.0/thumb/v7e-m+fp/hard/crti.o
                0x0800c0c8                _fini
 .fini          0x0800c0cc        0x8 /usr/lib/gcc/arm-none-eabi/13.2.0/thumb/v7e-m+fp/hard/crtn.o
                0x0800c0d4                        . = ALIGN (0x4)
                0x0800c0d4                        _etext = .

.vfp11_veneer   0x0800c0d4        0x0
 .vfp11_veneer  0x0800c0d4        0x0 linker stubs

.v4_bx          0x0800c0d4        0x0
 .v4_bx         0x0800c0d4        0x0 linker stubs

.iplt           0x0800c0d4        0x0
 .iplt          0x0800c0d4        0x0 /usr/lib/gcc/arm-none-eabi/13.2.0/thumb/v7e-m+fp/hard/crtbegin.o

.rodata         0x0800c0d8      0x66c
                0x0800c0d8                        . = ALIGN (0x4)
 *(.rodata)
 .rodata        0x0800c0d8      0x11b CMakeFiles/freefly.elf.dir/Application/main.c.obj
 *fill*         0x0800c1f3        0x1 
 .rodata        0x0800c1f4       0x22 CMakeFiles/freefly.elf.dir/ucos2/Source/os_core.c.obj
 *fill*         0x0800c216        0x2 
 .rodata        0x0800c218        0x2 CMakeFiles/freefly.elf.dir/ucos2/Source/os_flag.c.obj
 *fill*         0x0800c21a        0x2 
 .rodata        0x0800c21c        0x2 CMakeFiles/freefly.elf.dir/ucos2/Source/os_mem.c.obj
 *fill*         0x0800c21e        0x2 
 .rodata        0x0800c220        0x2 CMakeFiles/freefly.elf.dir/ucos2/Source/os_task.c.obj
 *(.rodata*)
 *fill*         0x0800c222        0x2 
 .rodata.OSUnMapTbl
                0x0800c224      0x100 CMakeFiles/freefly.elf.dir/ucos2/Source/os_core.c.obj
                0x0800c224                OSUnMapTbl
 .rodata.OSDebugEn
                0x0800c324        0x2 CMakeFiles/freefly.elf.dir/ucos2/Source/os_dbg_r.c.obj
                0x0800c324                OSDebugEn
 *fill*         0x0800c326        0x2 
 .rodata.OSEndiannessTest
                0x0800c328        0x4 CMakeFiles/freefly.elf.dir/ucos2/Source/os_dbg_r.c.obj
                0x0800c328                OSEndiannessTest
 .rodata.OSEventEn
                0x0800c32c        0x2 CMakeFiles/freefly.elf.dir/ucos2/Source/os_dbg_r.c.obj
                0x0800c32c                OSEventEn
 .rodata.OSEventMax
                0x0800c32e        0x2 CMakeFiles/freefly.elf.dir/ucos2/Source/os_dbg_r.c.obj
                0x0800c32e                OSEventMax
 .rodata.OSEventNameEn
                0x0800c330        0x2 CMakeFiles/freefly.elf.dir/ucos2/Source/os_dbg_r.c.obj
                0x0800c330                OSEventNameEn
 .rodata.OSEventSize
                0x0800c332        0x2 CMakeFiles/freefly.elf.dir/ucos2/Source/os_dbg_r.c.obj
                0x0800c332                OSEventSize
 .rodata.OSEventTblSize
                0x0800c334        0x2 CMakeFiles/freefly.elf.dir/ucos2/Source/os_dbg_r.c.obj
                0x0800c334                OSEventTblSize
 .rodata.OSEventMultiEn
                0x0800c336        0x2 CMakeFiles/freefly.elf.dir/ucos2/Source/os_dbg_r.c.obj
                0x0800c336                OSEventMultiEn
 .rodata.OSFlagEn
                0x0800c338        0x2 CMakeFiles/freefly.elf.dir/ucos2/Source/os_dbg_r.c.obj
                0x0800c338                OSFlagEn
 .rodata.OSFlagGrpSize
                0x0800c33a        0x2 CMakeFiles/freefly.elf.dir/ucos2/Source/os_dbg_r.c.obj
                0x0800c33a                OSFlagGrpSize
 .rodata.OSFlagNodeSize
                0x0800c33c        0x2 CMakeFiles/freefly.elf.dir/ucos2/Source/os_dbg_r.c.obj
                0x0800c33c                OSFlagNodeSize
 .rodata.OSFlagWidth
                0x0800c33e        0x2 CMakeFiles/freefly.elf.dir/ucos2/Source/os_dbg_r.c.obj
                0x0800c33e                OSFlagWidth
 .rodata.OSFlagMax
                0x0800c340        0x2 CMakeFiles/freefly.elf.dir/ucos2/Source/os_dbg_r.c.obj
                0x0800c340                OSFlagMax
 .rodata.OSFlagNameEn
                0x0800c342        0x2 CMakeFiles/freefly.elf.dir/ucos2/Source/os_dbg_r.c.obj
                0x0800c342                OSFlagNameEn
 .rodata.OSLowestPrio
                0x0800c344        0x2 CMakeFiles/freefly.elf.dir/ucos2/Source/os_dbg_r.c.obj
                0x0800c344                OSLowestPrio
 .rodata.OSMboxEn
                0x0800c346        0x2 CMakeFiles/freefly.elf.dir/ucos2/Source/os_dbg_r.c.obj
                0x0800c346                OSMboxEn
 .rodata.OSMemEn
                0x0800c348        0x2 CMakeFiles/freefly.elf.dir/ucos2/Source/os_dbg_r.c.obj
                0x0800c348                OSMemEn
 .rodata.OSMemMax
                0x0800c34a        0x2 CMakeFiles/freefly.elf.dir/ucos2/Source/os_dbg_r.c.obj
                0x0800c34a                OSMemMax
 .rodata.OSMemNameEn
                0x0800c34c        0x2 CMakeFiles/freefly.elf.dir/ucos2/Source/os_dbg_r.c.obj
                0x0800c34c                OSMemNameEn
 .rodata.OSMemSize
                0x0800c34e        0x2 CMakeFiles/freefly.elf.dir/ucos2/Source/os_dbg_r.c.obj
                0x0800c34e                OSMemSize
 .rodata.OSMemTblSize
                0x0800c350        0x2 CMakeFiles/freefly.elf.dir/ucos2/Source/os_dbg_r.c.obj
                0x0800c350                OSMemTblSize
 .rodata.OSMutexEn
                0x0800c352        0x2 CMakeFiles/freefly.elf.dir/ucos2/Source/os_dbg_r.c.obj
                0x0800c352                OSMutexEn
 .rodata.OSPtrSize
                0x0800c354        0x2 CMakeFiles/freefly.elf.dir/ucos2/Source/os_dbg_r.c.obj
                0x0800c354                OSPtrSize
 .rodata.OSQEn  0x0800c356        0x2 CMakeFiles/freefly.elf.dir/ucos2/Source/os_dbg_r.c.obj
                0x0800c356                OSQEn
 .rodata.OSQMax
                0x0800c358        0x2 CMakeFiles/freefly.elf.dir/ucos2/Source/os_dbg_r.c.obj
                0x0800c358                OSQMax
 .rodata.OSQSize
                0x0800c35a        0x2 CMakeFiles/freefly.elf.dir/ucos2/Source/os_dbg_r.c.obj
                0x0800c35a                OSQSize
 .rodata.OSRdyTblSize
                0x0800c35c        0x2 CMakeFiles/freefly.elf.dir/ucos2/Source/os_dbg_r.c.obj
                0x0800c35c                OSRdyTblSize
 .rodata.OSSemEn
                0x0800c35e        0x2 CMakeFiles/freefly.elf.dir/ucos2/Source/os_dbg_r.c.obj
                0x0800c35e                OSSemEn
 .rodata.OSStkWidth
                0x0800c360        0x2 CMakeFiles/freefly.elf.dir/ucos2/Source/os_dbg_r.c.obj
                0x0800c360                OSStkWidth
 .rodata.OSTaskCreateEn
                0x0800c362        0x2 CMakeFiles/freefly.elf.dir/ucos2/Source/os_dbg_r.c.obj
                0x0800c362                OSTaskCreateEn
 .rodata.OSTaskCreateExtEn
                0x0800c364        0x2 CMakeFiles/freefly.elf.dir/ucos2/Source/os_dbg_r.c.obj
                0x0800c364                OSTaskCreateExtEn
 .rodata.OSTaskDelEn
                0x0800c366        0x2 CMakeFiles/freefly.elf.dir/ucos2/Source/os_dbg_r.c.obj
                0x0800c366                OSTaskDelEn
 .rodata.OSTaskIdleStkSize
                0x0800c368        0x2 CMakeFiles/freefly.elf.dir/ucos2/Source/os_dbg_r.c.obj
                0x0800c368                OSTaskIdleStkSize
 .rodata.OSTaskProfileEn
                0x0800c36a        0x2 CMakeFiles/freefly.elf.dir/ucos2/Source/os_dbg_r.c.obj
                0x0800c36a                OSTaskProfileEn
 .rodata.OSTaskMax
                0x0800c36c        0x2 CMakeFiles/freefly.elf.dir/ucos2/Source/os_dbg_r.c.obj
                0x0800c36c                OSTaskMax
 .rodata.OSTaskNameEn
                0x0800c36e        0x2 CMakeFiles/freefly.elf.dir/ucos2/Source/os_dbg_r.c.obj
                0x0800c36e                OSTaskNameEn
 .rodata.OSTaskStatEn
                0x0800c370        0x2 CMakeFiles/freefly.elf.dir/ucos2/Source/os_dbg_r.c.obj
                0x0800c370                OSTaskStatEn
 .rodata.OSTaskStatStkSize
                0x0800c372        0x2 CMakeFiles/freefly.elf.dir/ucos2/Source/os_dbg_r.c.obj
                0x0800c372                OSTaskStatStkSize
 .rodata.OSTaskStatStkChkEn
                0x0800c374        0x2 CMakeFiles/freefly.elf.dir/ucos2/Source/os_dbg_r.c.obj
                0x0800c374                OSTaskStatStkChkEn
 .rodata.OSTaskSwHookEn
                0x0800c376        0x2 CMakeFiles/freefly.elf.dir/ucos2/Source/os_dbg_r.c.obj
                0x0800c376                OSTaskSwHookEn
 .rodata.OSTCBPrioTblMax
                0x0800c378        0x2 CMakeFiles/freefly.elf.dir/ucos2/Source/os_dbg_r.c.obj
                0x0800c378                OSTCBPrioTblMax
 .rodata.OSTCBSize
                0x0800c37a        0x2 CMakeFiles/freefly.elf.dir/ucos2/Source/os_dbg_r.c.obj
                0x0800c37a                OSTCBSize
 .rodata.OSTicksPerSec
                0x0800c37c        0x2 CMakeFiles/freefly.elf.dir/ucos2/Source/os_dbg_r.c.obj
                0x0800c37c                OSTicksPerSec
 .rodata.OSTimeTickHookEn
                0x0800c37e        0x2 CMakeFiles/freefly.elf.dir/ucos2/Source/os_dbg_r.c.obj
                0x0800c37e                OSTimeTickHookEn
 .rodata.OSVersionNbr
                0x0800c380        0x2 CMakeFiles/freefly.elf.dir/ucos2/Source/os_dbg_r.c.obj
                0x0800c380                OSVersionNbr
 .rodata.OSDataSize
                0x0800c382        0x2 CMakeFiles/freefly.elf.dir/ucos2/Source/os_dbg_r.c.obj
                0x0800c382                OSDataSize
 .rodata._puts_r.str1.4
                0x0800c384      0x143 /usr/lib/gcc/arm-none-eabi/13.2.0/../../../../arm-none-eabi/lib/thumb/v7e-m+fp/hard/libg.a(libc_a-puts.o)
                                  0x2 (size before relaxing)
 .rodata._vfprintf_r.str1.4
                0x0800c4c7       0x42 /usr/lib/gcc/arm-none-eabi/13.2.0/../../../../arm-none-eabi/lib/thumb/v7e-m+fp/hard/libg.a(libc_a-vfprintf.o)
 *fill*         0x0800c4c7        0x1 
 .rodata.zeroes.0
                0x0800c4c8       0x10 /usr/lib/gcc/arm-none-eabi/13.2.0/../../../../arm-none-eabi/lib/thumb/v7e-m+fp/hard/libg.a(libc_a-vfprintf.o)
 .rodata.blanks.1
                0x0800c4d8       0x10 /usr/lib/gcc/arm-none-eabi/13.2.0/../../../../arm-none-eabi/lib/thumb/v7e-m+fp/hard/libg.a(libc_a-vfprintf.o)
 .rodata._vfiprintf_r.str1.4
                0x0800c4e8       0x2f /usr/lib/gcc/arm-none-eabi/13.2.0/../../../../arm-none-eabi/lib/thumb/v7e-m+fp/hard/libg.a(libc_a-vfiprintf.o)
 .rodata.zeroes.0
                0x0800c4e8       0x10 /usr/lib/gcc/arm-none-eabi/13.2.0/../../../../arm-none-eabi/lib/thumb/v7e-m+fp/hard/libg.a(libc_a-vfiprintf.o)
 .rodata.blanks.1
                0x0800c4f8       0x10 /usr/lib/gcc/arm-none-eabi/13.2.0/../../../../arm-none-eabi/lib/thumb/v7e-m+fp/hard/libg.a(libc_a-vfiprintf.o)
 .rodata._setlocale_r.str1.4
                0x0800c508        0xd /usr/lib/gcc/arm-none-eabi/13.2.0/../../../../arm-none-eabi/lib/thumb/v7e-m+fp/hard/libg.a(libc_a-locale.o)
 .rodata.str1.4
                0x0800c508        0x2 /usr/lib/gcc/arm-none-eabi/13.2.0/../../../../arm-none-eabi/lib/thumb/v7e-m+fp/hard/libg.a(libc_a-locale.o)
 .rodata._dtoa_r.str1.4
                0x0800c508       0x6a /usr/lib/gcc/arm-none-eabi/13.2.0/../../../../arm-none-eabi/lib/thumb/v7e-m+fp/hard/libg.a(libc_a-dtoa.o)
 .rodata.__multadd.str1.4
                0x0800c508       0x57 /usr/lib/gcc/arm-none-eabi/13.2.0/../../../../arm-none-eabi/lib/thumb/v7e-m+fp/hard/libg.a(libc_a-mprec.o)
 .rodata.p05.0  0x0800c508        0xc /usr/lib/gcc/arm-none-eabi/13.2.0/../../../../arm-none-eabi/lib/thumb/v7e-m+fp/hard/libg.a(libc_a-mprec.o)
 *fill*         0x0800c514        0x4 
 .rodata.__mprec_bigtens
                0x0800c518       0x28 /usr/lib/gcc/arm-none-eabi/13.2.0/../../../../arm-none-eabi/lib/thumb/v7e-m+fp/hard/libg.a(libc_a-mprec.o)
                0x0800c518                __mprec_bigtens
 .rodata.__mprec_tens
                0x0800c540       0xc8 /usr/lib/gcc/arm-none-eabi/13.2.0/../../../../arm-none-eabi/lib/thumb/v7e-m+fp/hard/libg.a(libc_a-mprec.o)
                0x0800c540                __mprec_tens
 .rodata._ctype_
                0x0800c608      0x101 /usr/lib/gcc/arm-none-eabi/13.2.0/../../../../arm-none-eabi/lib/thumb/v7e-m+fp/hard/libg.a(libc_a-ctype_.o)
                0x0800c608                _ctype_
 .rodata.__assert_func.str1.4
                0x0800c709       0x43 /usr/lib/gcc/arm-none-eabi/13.2.0/../../../../arm-none-eabi/lib/thumb/v7e-m+fp/hard/libg.a(libc_a-assert.o)
 .rodata.asinf.str1.4
                0x0800c709        0x1 /usr/lib/gcc/arm-none-eabi/13.2.0/../../../../arm-none-eabi/lib/thumb/v7e-m+fp/hard/libm.a(libm_a-wf_asin.o)
 *fill*         0x0800c709        0x3 
 .rodata.CSWTCH.9
                0x0800c70c        0xc /usr/lib/gcc/arm-none-eabi/13.2.0/../../../../arm-none-eabi/lib/thumb/v7e-m+fp/hard/libm.a(libm_a-ef_atan2.o)
 .rodata.CSWTCH.8
                0x0800c718        0xc /usr/lib/gcc/arm-none-eabi/13.2.0/../../../../arm-none-eabi/lib/thumb/v7e-m+fp/hard/libm.a(libm_a-ef_atan2.o)
 .rodata.atanlo
                0x0800c724       0x10 /usr/lib/gcc/arm-none-eabi/13.2.0/../../../../arm-none-eabi/lib/thumb/v7e-m+fp/hard/libm.a(libm_a-sf_atan.o)
 .rodata.atanhi
                0x0800c734       0x10 /usr/lib/gcc/arm-none-eabi/13.2.0/../../../../arm-none-eabi/lib/thumb/v7e-m+fp/hard/libm.a(libm_a-sf_atan.o)
                0x0800c744                        . = ALIGN (0x4)

.ARM.extab
 *(.ARM.extab* .gnu.linkonce.armextab.*)

.ARM            0x0800c744        0x8
                0x0800c744                        __exidx_start = .
 *(.ARM.exidx*)
 .ARM.exidx     0x0800c744        0x8 /usr/lib/gcc/arm-none-eabi/13.2.0/../../../../arm-none-eabi/lib/thumb/v7e-m+fp/hard/libg.a(libc_a-memcpy.o)
 .ARM.exidx     0x0800c74c        0x0 /usr/lib/gcc/arm-none-eabi/13.2.0/../../../../arm-none-eabi/lib/thumb/v7e-m+fp/hard/libg.a(libc_a-strlen.o)
                                  0x8 (size before relaxing)
 .ARM.exidx     0x0800c74c        0x0 /usr/lib/gcc/arm-none-eabi/13.2.0/../../../../arm-none-eabi/lib/thumb/v7e-m+fp/hard/libg.a(libc_a-memchr.o)
                                  0x8 (size before relaxing)
                0x0800c74c                        __exidx_end = .

.rel.dyn        0x0800c74c        0x0
 .rel.iplt      0x0800c74c        0x0 /usr/lib/gcc/arm-none-eabi/13.2.0/thumb/v7e-m+fp/hard/crtbegin.o

.preinit_array  0x0800c74c        0x0
                0x0800c74c                        PROVIDE (__preinit_array_start = .)
 *(.preinit_array*)
                0x0800c74c                        PROVIDE (__preinit_array_end = .)

.init_array     0x0800c74c        0x8
                0x0800c74c                        PROVIDE (__init_array_start = .)
 *(SORT_BY_NAME(.init_array.*))
 .init_array.00000
                0x0800c74c        0x4 /usr/lib/gcc/arm-none-eabi/13.2.0/../../../../arm-none-eabi/lib/thumb/v7e-m+fp/hard/libc.a(libc_a-__call_atexit.o)
 *(.init_array*)
 .init_array    0x0800c750        0x4 /usr/lib/gcc/arm-none-eabi/13.2.0/thumb/v7e-m+fp/hard/crtbegin.o
                0x0800c754                        PROVIDE (__init_array_end = .)

.fini_array     0x0800c754        0x4
                0x0800c754                        PROVIDE (__fini_array_start = .)
 *(SORT_BY_NAME(.fini_array.*))
 *(.fini_array*)
 .fini_array    0x0800c754        0x4 /usr/lib/gcc/arm-none-eabi/13.2.0/thumb/v7e-m+fp/hard/crtbegin.o
                0x0800c758                        PROVIDE (__fini_array_end = .)
                0x0800c758                        _sidata = LOADADDR (.data)

.data           0x20000000      0x748 load address 0x0800c758
                0x20000000                        . = ALIGN (0x4)
                0x20000000                        _sdata = .
 *(.data)
 *(.data*)
 .data.__sglue  0x20000000        0xc /usr/lib/gcc/arm-none-eabi/13.2.0/../../../../arm-none-eabi/lib/thumb/v7e-m+fp/hard/libc.a(libc_a-findfp.o)
                0x20000000                __sglue
 .data._impure_ptr
                0x2000000c        0x4 /usr/lib/gcc/arm-none-eabi/13.2.0/../../../../arm-none-eabi/lib/thumb/v7e-m+fp/hard/libc.a(libc_a-impure.o)
                0x2000000c                _impure_ptr
 .data._impure_data
                0x20000010      0x120 /usr/lib/gcc/arm-none-eabi/13.2.0/../../../../arm-none-eabi/lib/thumb/v7e-m+fp/hard/libc.a(libc_a-impure.o)
                0x20000010                _impure_data
 .data.__atexit_recursive_mutex
                0x20000130        0x4 /usr/lib/gcc/arm-none-eabi/13.2.0/../../../../arm-none-eabi/lib/thumb/v7e-m+fp/hard/libc.a(libc_a-__call_atexit.o)
                0x20000130                __atexit_recursive_mutex
 .data.__malloc_sbrk_base
                0x20000134        0x4 /usr/lib/gcc/arm-none-eabi/13.2.0/../../../../arm-none-eabi/lib/thumb/v7e-m+fp/hard/libc.a(libc_a-mallocr.o)
                0x20000134                __malloc_sbrk_base
 .data.__malloc_trim_threshold
                0x20000138        0x4 /usr/lib/gcc/arm-none-eabi/13.2.0/../../../../arm-none-eabi/lib/thumb/v7e-m+fp/hard/libc.a(libc_a-mallocr.o)
                0x20000138                __malloc_trim_threshold
 *fill*         0x2000013c        0x4 
 .data.__malloc_av_
                0x20000140      0x408 /usr/lib/gcc/arm-none-eabi/13.2.0/../../../../arm-none-eabi/lib/thumb/v7e-m+fp/hard/libc.a(libc_a-mallocr.o)
                0x20000140                __malloc_av_
 .data.acc_offset
                0x20000548       0x18 CMakeFiles/freefly.elf.dir/Application/Hardware/Src/gy86.c.obj
                0x20000548                acc_offset
 .data.acc_scale
                0x20000560       0x18 CMakeFiles/freefly.elf.dir/Application/Hardware/Src/gy86.c.obj
                0x20000560                acc_scale
 .data.acc_calibrated
                0x20000578        0x1 CMakeFiles/freefly.elf.dir/Application/Hardware/Src/gy86.c.obj
                0x20000578                acc_calibrated
 .data.gyro_calibrated
                0x20000579        0x1 CMakeFiles/freefly.elf.dir/Application/Hardware/Src/gy86.c.obj
                0x20000579                gyro_calibrated
 *fill*         0x2000057a        0x6 
 .data.gyro_offset
                0x20000580       0x18 CMakeFiles/freefly.elf.dir/Application/Hardware/Src/gy86.c.obj
                0x20000580                gyro_offset
 .data.gyro_filter
                0x20000598       0x30 CMakeFiles/freefly.elf.dir/Application/Hardware/Src/gy86.c.obj
                0x20000598                gyro_filter
 .data.__global_locale
                0x200005c8      0x16c /usr/lib/gcc/arm-none-eabi/13.2.0/../../../../arm-none-eabi/lib/thumb/v7e-m+fp/hard/libg.a(libc_a-locale.o)
                0x200005c8                __global_locale
 *fill*         0x20000734        0x4 
 .data.tiny     0x20000738        0x8 /usr/lib/gcc/arm-none-eabi/13.2.0/../../../../arm-none-eabi/lib/thumb/v7e-m+fp/hard/libm.a(libm_a-e_sqrt.o)
 .data.one      0x20000740        0x8 /usr/lib/gcc/arm-none-eabi/13.2.0/../../../../arm-none-eabi/lib/thumb/v7e-m+fp/hard/libm.a(libm_a-e_sqrt.o)
                0x20000748                        . = ALIGN (0x4)
                0x20000748                        _edata = .

.igot.plt       0x20000748        0x0 load address 0x0800cea0
 .igot.plt      0x20000748        0x0 /usr/lib/gcc/arm-none-eabi/13.2.0/thumb/v7e-m+fp/hard/crtbegin.o
                0x20000748                        . = ALIGN (0x4)

.bss            0x20000748     0x7624 load address 0x0800cea0
                0x20000748                        _sbss = .
                0x20000748                        __bss_start__ = _sbss
 *(.bss)
 *(.bss*)
 .bss.completed.1
                0x20000748        0x1 /usr/lib/gcc/arm-none-eabi/13.2.0/thumb/v7e-m+fp/hard/crtbegin.o
 *fill*         0x20000749        0x3 
 .bss.object.0  0x2000074c       0x18 /usr/lib/gcc/arm-none-eabi/13.2.0/thumb/v7e-m+fp/hard/crtbegin.o
 .bss.__sf      0x20000764      0x138 /usr/lib/gcc/arm-none-eabi/13.2.0/../../../../arm-none-eabi/lib/thumb/v7e-m+fp/hard/libc.a(libc_a-findfp.o)
                0x20000764                __sf
 .bss.__stdio_exit_handler
                0x2000089c        0x4 /usr/lib/gcc/arm-none-eabi/13.2.0/../../../../arm-none-eabi/lib/thumb/v7e-m+fp/hard/libc.a(libc_a-findfp.o)
                0x2000089c                __stdio_exit_handler
 .bss.errno     0x200008a0        0x4 /usr/lib/gcc/arm-none-eabi/13.2.0/../../../../arm-none-eabi/lib/thumb/v7e-m+fp/hard/libc.a(libc_a-reent.o)
                0x200008a0                errno
 .bss.__lock___malloc_recursive_mutex
                0x200008a4        0x1 /usr/lib/gcc/arm-none-eabi/13.2.0/../../../../arm-none-eabi/lib/thumb/v7e-m+fp/hard/libc.a(libc_a-lock.o)
                0x200008a4                __lock___malloc_recursive_mutex
 *fill*         0x200008a5        0x3 
 .bss.__lock___atexit_recursive_mutex
                0x200008a8        0x1 /usr/lib/gcc/arm-none-eabi/13.2.0/../../../../arm-none-eabi/lib/thumb/v7e-m+fp/hard/libc.a(libc_a-lock.o)
                0x200008a8                __lock___atexit_recursive_mutex
 *fill*         0x200008a9        0x3 
 .bss.__lock___sfp_recursive_mutex
                0x200008ac        0x1 /usr/lib/gcc/arm-none-eabi/13.2.0/../../../../arm-none-eabi/lib/thumb/v7e-m+fp/hard/libc.a(libc_a-lock.o)
                0x200008ac                __lock___sfp_recursive_mutex
 *fill*         0x200008ad        0x3 
 .bss.__atexit0
                0x200008b0      0x190 /usr/lib/gcc/arm-none-eabi/13.2.0/../../../../arm-none-eabi/lib/thumb/v7e-m+fp/hard/libc.a(libc_a-__atexit.o)
                0x200008b0                __atexit0
 .bss.__atexit  0x20000a40        0x4 /usr/lib/gcc/arm-none-eabi/13.2.0/../../../../arm-none-eabi/lib/thumb/v7e-m+fp/hard/libc.a(libc_a-__call_atexit.o)
                0x20000a40                __atexit
 .bss.__malloc_current_mallinfo
                0x20000a44       0x28 /usr/lib/gcc/arm-none-eabi/13.2.0/../../../../arm-none-eabi/lib/thumb/v7e-m+fp/hard/libc.a(libc_a-mallocr.o)
                0x20000a44                __malloc_current_mallinfo
 .bss.__malloc_max_total_mem
                0x20000a6c        0x4 /usr/lib/gcc/arm-none-eabi/13.2.0/../../../../arm-none-eabi/lib/thumb/v7e-m+fp/hard/libc.a(libc_a-mallocr.o)
                0x20000a6c                __malloc_max_total_mem
 .bss.__malloc_max_sbrked_mem
                0x20000a70        0x4 /usr/lib/gcc/arm-none-eabi/13.2.0/../../../../arm-none-eabi/lib/thumb/v7e-m+fp/hard/libc.a(libc_a-mallocr.o)
                0x20000a70                __malloc_max_sbrked_mem
 .bss.__malloc_top_pad
                0x20000a74        0x4 /usr/lib/gcc/arm-none-eabi/13.2.0/../../../../arm-none-eabi/lib/thumb/v7e-m+fp/hard/libc.a(libc_a-mallocr.o)
                0x20000a74                __malloc_top_pad
 .bss.mu        0x20000a78        0x8 CMakeFiles/freefly.elf.dir/Application/Hardware/Src/attitude.c.obj
                0x20000a78                mu
 .bss.DutyCycle
                0x20000a80        0x4 CMakeFiles/freefly.elf.dir/Application/Hardware/Src/receiver.c.obj
                0x20000a80                DutyCycle
 .bss.ppm_val   0x20000a84       0x28 CMakeFiles/freefly.elf.dir/Application/Hardware/Src/receiver.c.obj
                0x20000a84                ppm_val
 .bss.ppm_cnt   0x20000aac        0x4 CMakeFiles/freefly.elf.dir/Application/Hardware/Src/receiver.c.obj
                0x20000aac                ppm_cnt
 .bss.First     0x20000ab0        0x4 CMakeFiles/freefly.elf.dir/Application/Hardware/Src/receiver.c.obj
                0x20000ab0                First
 .bss.MainTaskStk
                0x20000ab4     0x2000 CMakeFiles/freefly.elf.dir/Application/main.c.obj
                0x20000ab4                MainTaskStk
 .bss.Task4Stk  0x20002ab4     0x2000 CMakeFiles/freefly.elf.dir/Application/main.c.obj
                0x20002ab4                Task4Stk
 .bss.Task8Stk  0x20004ab4     0x2000 CMakeFiles/freefly.elf.dir/Application/main.c.obj
                0x20004ab4                Task8Stk
 .bss.times     0x20006ab4        0x2 CMakeFiles/freefly.elf.dir/Application/main.c.obj
                0x20006ab4                times
 *fill*         0x20006ab6        0x2 
 .bss.OS_CPU_ExceptStk
                0x20006ab8      0x400 CMakeFiles/freefly.elf.dir/ucos2/Ports/os_cpu_c.c.obj
                0x20006ab8                OS_CPU_ExceptStk
 .bss.OS_CPU_ExceptStkBase
                0x20006eb8        0x4 CMakeFiles/freefly.elf.dir/ucos2/Ports/os_cpu_c.c.obj
                0x20006eb8                OS_CPU_ExceptStkBase
 .bss.OS_KA_BASEPRI_Boundary
                0x20006ebc        0x4 CMakeFiles/freefly.elf.dir/ucos2/Ports/os_cpu_c.c.obj
                0x20006ebc                OS_KA_BASEPRI_Boundary
 .bss.OSCtxSwCtr
                0x20006ec0        0x4 CMakeFiles/freefly.elf.dir/ucos2/Source/os_core.c.obj
                0x20006ec0                OSCtxSwCtr
 .bss.OSEventFreeList
                0x20006ec4        0x4 CMakeFiles/freefly.elf.dir/ucos2/Source/os_core.c.obj
                0x20006ec4                OSEventFreeList
 .bss.OSEventTbl
                0x20006ec8       0xf0 CMakeFiles/freefly.elf.dir/ucos2/Source/os_core.c.obj
                0x20006ec8                OSEventTbl
 .bss.OSFlagTbl
                0x20006fb8       0x50 CMakeFiles/freefly.elf.dir/ucos2/Source/os_core.c.obj
                0x20006fb8                OSFlagTbl
 .bss.OSFlagFreeList
                0x20007008        0x4 CMakeFiles/freefly.elf.dir/ucos2/Source/os_core.c.obj
                0x20007008                OSFlagFreeList
 .bss.OSCPUUsage
                0x2000700c        0x1 CMakeFiles/freefly.elf.dir/ucos2/Source/os_core.c.obj
                0x2000700c                OSCPUUsage
 *fill*         0x2000700d        0x3 
 .bss.OSIdleCtrMax
                0x20007010        0x4 CMakeFiles/freefly.elf.dir/ucos2/Source/os_core.c.obj
                0x20007010                OSIdleCtrMax
 .bss.OSIdleCtrRun
                0x20007014        0x4 CMakeFiles/freefly.elf.dir/ucos2/Source/os_core.c.obj
                0x20007014                OSIdleCtrRun
 .bss.OSStatRdy
                0x20007018        0x1 CMakeFiles/freefly.elf.dir/ucos2/Source/os_core.c.obj
                0x20007018                OSStatRdy
 *fill*         0x20007019        0x3 
 .bss.OSTaskStatStk
                0x2000701c      0x200 CMakeFiles/freefly.elf.dir/ucos2/Source/os_core.c.obj
                0x2000701c                OSTaskStatStk
 .bss.OSIntNesting
                0x2000721c        0x1 CMakeFiles/freefly.elf.dir/ucos2/Source/os_core.c.obj
                0x2000721c                OSIntNesting
 .bss.OSLockNesting
                0x2000721d        0x1 CMakeFiles/freefly.elf.dir/ucos2/Source/os_core.c.obj
                0x2000721d                OSLockNesting
 .bss.OSPrioCur
                0x2000721e        0x1 CMakeFiles/freefly.elf.dir/ucos2/Source/os_core.c.obj
                0x2000721e                OSPrioCur
 .bss.OSPrioHighRdy
                0x2000721f        0x1 CMakeFiles/freefly.elf.dir/ucos2/Source/os_core.c.obj
                0x2000721f                OSPrioHighRdy
 .bss.OSRdyGrp  0x20007220        0x1 CMakeFiles/freefly.elf.dir/ucos2/Source/os_core.c.obj
                0x20007220                OSRdyGrp
 *fill*         0x20007221        0x3 
 .bss.OSRdyTbl  0x20007224        0x8 CMakeFiles/freefly.elf.dir/ucos2/Source/os_core.c.obj
                0x20007224                OSRdyTbl
 .bss.OSRunning
                0x2000722c        0x1 CMakeFiles/freefly.elf.dir/ucos2/Source/os_core.c.obj
                0x2000722c                OSRunning
 .bss.OSTaskCtr
                0x2000722d        0x1 CMakeFiles/freefly.elf.dir/ucos2/Source/os_core.c.obj
                0x2000722d                OSTaskCtr
 *fill*         0x2000722e        0x2 
 .bss.OSIdleCtr
                0x20007230        0x4 CMakeFiles/freefly.elf.dir/ucos2/Source/os_core.c.obj
                0x20007230                OSIdleCtr
 .bss.OSTaskIdleStk
                0x20007234      0x200 CMakeFiles/freefly.elf.dir/ucos2/Source/os_core.c.obj
                0x20007234                OSTaskIdleStk
 .bss.OSTCBCur  0x20007434        0x4 CMakeFiles/freefly.elf.dir/ucos2/Source/os_core.c.obj
                0x20007434                OSTCBCur
 .bss.OSTCBFreeList
                0x20007438        0x4 CMakeFiles/freefly.elf.dir/ucos2/Source/os_core.c.obj
                0x20007438                OSTCBFreeList
 .bss.OSTCBHighRdy
                0x2000743c        0x4 CMakeFiles/freefly.elf.dir/ucos2/Source/os_core.c.obj
                0x2000743c                OSTCBHighRdy
 .bss.OSTCBList
                0x20007440        0x4 CMakeFiles/freefly.elf.dir/ucos2/Source/os_core.c.obj
                0x20007440                OSTCBList
 .bss.OSTCBPrioTbl
                0x20007444      0x100 CMakeFiles/freefly.elf.dir/ucos2/Source/os_core.c.obj
                0x20007444                OSTCBPrioTbl
 .bss.OSTCBTbl  0x20007544      0x738 CMakeFiles/freefly.elf.dir/ucos2/Source/os_core.c.obj
                0x20007544                OSTCBTbl
 .bss.OSTickStepState
                0x20007c7c        0x1 CMakeFiles/freefly.elf.dir/ucos2/Source/os_core.c.obj
                0x20007c7c                OSTickStepState
 *fill*         0x20007c7d        0x3 
 .bss.OSMemFreeList
                0x20007c80        0x4 CMakeFiles/freefly.elf.dir/ucos2/Source/os_core.c.obj
                0x20007c80                OSMemFreeList
 .bss.OSMemTbl  0x20007c84       0x78 CMakeFiles/freefly.elf.dir/ucos2/Source/os_core.c.obj
                0x20007c84                OSMemTbl
 .bss.OSQFreeList
                0x20007cfc        0x4 CMakeFiles/freefly.elf.dir/ucos2/Source/os_core.c.obj
                0x20007cfc                OSQFreeList
 .bss.OSQTbl    0x20007d00       0x60 CMakeFiles/freefly.elf.dir/ucos2/Source/os_core.c.obj
                0x20007d00                OSQTbl
 .bss.OSTaskRegNextAvailID
                0x20007d60        0x1 CMakeFiles/freefly.elf.dir/ucos2/Source/os_core.c.obj
                0x20007d60                OSTaskRegNextAvailID
 *fill*         0x20007d61        0x3 
 .bss.OSTime    0x20007d64        0x4 CMakeFiles/freefly.elf.dir/ucos2/Source/os_core.c.obj
                0x20007d64                OSTime
 .bss.heap_end.0
                0x20007d68        0x4 CMakeFiles/freefly.elf.dir/System/BSP/syscalls.c.obj
 *(COMMON)
                0x20007d6c                        . = ALIGN (0x4)
                0x20007d6c                        _ebss = .
                0x20007d6c                        __bss_end__ = _ebss

._user_heap_stack
                0x20007d6c      0x604 load address 0x0800cea0
                0x20007d70                        . = ALIGN (0x8)
 *fill*         0x20007d6c        0x4 
                [!provide]                        PROVIDE (end = .)
                0x20007d70                        PROVIDE (_end = .)
                0x20007f70                        . = (. + _Min_Heap_Size)
 *fill*         0x20007d70      0x200 
                0x20008370                        . = (. + _Min_Stack_Size)
 *fill*         0x20007f70      0x400 
                0x20008370                        . = ALIGN (0x8)

/DISCARD/
 libc.a(*)
 libm.a(*)
 libgcc.a(*)

.ARM.attributes
                0x00000000       0x30
 *(.ARM.attributes)
 .ARM.attributes
                0x00000000       0x22 /usr/lib/gcc/arm-none-eabi/13.2.0/thumb/v7e-m+fp/hard/crti.o
 .ARM.attributes
                0x00000022       0x34 /usr/lib/gcc/arm-none-eabi/13.2.0/thumb/v7e-m+fp/hard/crtbegin.o
 .ARM.attributes
                0x00000056       0x34 /usr/lib/gcc/arm-none-eabi/13.2.0/../../../../arm-none-eabi/lib/thumb/v7e-m+fp/hard/libc.a(libc_a-atexit.o)
 .ARM.attributes
                0x0000008a       0x34 /usr/lib/gcc/arm-none-eabi/13.2.0/../../../../arm-none-eabi/lib/thumb/v7e-m+fp/hard/libc.a(libc_a-findfp.o)
 .ARM.attributes
                0x000000be       0x34 /usr/lib/gcc/arm-none-eabi/13.2.0/../../../../arm-none-eabi/lib/thumb/v7e-m+fp/hard/libc.a(libc_a-fwalk.o)
 .ARM.attributes
                0x000000f2       0x34 /usr/lib/gcc/arm-none-eabi/13.2.0/../../../../arm-none-eabi/lib/thumb/v7e-m+fp/hard/libc.a(libc_a-stdio.o)
 .ARM.attributes
                0x00000126       0x34 /usr/lib/gcc/arm-none-eabi/13.2.0/../../../../arm-none-eabi/lib/thumb/v7e-m+fp/hard/libc.a(libc_a-memset.o)
 .ARM.attributes
                0x0000015a       0x34 /usr/lib/gcc/arm-none-eabi/13.2.0/../../../../arm-none-eabi/lib/thumb/v7e-m+fp/hard/libc.a(libc_a-closer.o)
 .ARM.attributes
                0x0000018e       0x34 /usr/lib/gcc/arm-none-eabi/13.2.0/../../../../arm-none-eabi/lib/thumb/v7e-m+fp/hard/libc.a(libc_a-reent.o)
 .ARM.attributes
                0x000001c2       0x34 /usr/lib/gcc/arm-none-eabi/13.2.0/../../../../arm-none-eabi/lib/thumb/v7e-m+fp/hard/libc.a(libc_a-impure.o)
 .ARM.attributes
                0x000001f6       0x34 /usr/lib/gcc/arm-none-eabi/13.2.0/../../../../arm-none-eabi/lib/thumb/v7e-m+fp/hard/libc.a(libc_a-lseekr.o)
 .ARM.attributes
                0x0000022a       0x34 /usr/lib/gcc/arm-none-eabi/13.2.0/../../../../arm-none-eabi/lib/thumb/v7e-m+fp/hard/libc.a(libc_a-readr.o)
 .ARM.attributes
                0x0000025e       0x34 /usr/lib/gcc/arm-none-eabi/13.2.0/../../../../arm-none-eabi/lib/thumb/v7e-m+fp/hard/libc.a(libc_a-writer.o)
 .ARM.attributes
                0x00000292       0x34 /usr/lib/gcc/arm-none-eabi/13.2.0/../../../../arm-none-eabi/lib/thumb/v7e-m+fp/hard/libc.a(libc_a-init.o)
 .ARM.attributes
                0x000002c6       0x34 /usr/lib/gcc/arm-none-eabi/13.2.0/../../../../arm-none-eabi/lib/thumb/v7e-m+fp/hard/libc.a(libc_a-fini.o)
 .ARM.attributes
                0x000002fa       0x34 /usr/lib/gcc/arm-none-eabi/13.2.0/../../../../arm-none-eabi/lib/thumb/v7e-m+fp/hard/libc.a(libc_a-lock.o)
 .ARM.attributes
                0x0000032e       0x34 /usr/lib/gcc/arm-none-eabi/13.2.0/../../../../arm-none-eabi/lib/thumb/v7e-m+fp/hard/libc.a(libc_a-__atexit.o)
 .ARM.attributes
                0x00000362       0x34 /usr/lib/gcc/arm-none-eabi/13.2.0/../../../../arm-none-eabi/lib/thumb/v7e-m+fp/hard/libc.a(libc_a-__call_atexit.o)
 .ARM.attributes
                0x00000396       0x34 /usr/lib/gcc/arm-none-eabi/13.2.0/../../../../arm-none-eabi/lib/thumb/v7e-m+fp/hard/libc.a(libc_a-freer.o)
 .ARM.attributes
                0x000003ca       0x34 /usr/lib/gcc/arm-none-eabi/13.2.0/../../../../arm-none-eabi/lib/thumb/v7e-m+fp/hard/libc.a(libc_a-mallocr.o)
 .ARM.attributes
                0x000003fe       0x34 /usr/lib/gcc/arm-none-eabi/13.2.0/../../../../arm-none-eabi/lib/thumb/v7e-m+fp/hard/libc.a(libc_a-mlock.o)
 .ARM.attributes
                0x00000432       0x34 /usr/lib/gcc/arm-none-eabi/13.2.0/../../../../arm-none-eabi/lib/thumb/v7e-m+fp/hard/libc.a(libc_a-fclose.o)
 .ARM.attributes
                0x00000466       0x34 /usr/lib/gcc/arm-none-eabi/13.2.0/../../../../arm-none-eabi/lib/thumb/v7e-m+fp/hard/libc.a(libc_a-fflush.o)
 .ARM.attributes
                0x0000049a       0x34 /usr/lib/gcc/arm-none-eabi/13.2.0/../../../../arm-none-eabi/lib/thumb/v7e-m+fp/hard/libc.a(libc_a-sbrkr.o)
 .ARM.attributes
                0x000004ce       0x34 /usr/lib/gcc/arm-none-eabi/13.2.0/../../../../arm-none-eabi/lib/thumb/v7e-m+fp/hard/libc.a(libc_a-sysconf.o)
 .ARM.attributes
                0x00000502       0x34 /usr/lib/gcc/arm-none-eabi/13.2.0/../../../../arm-none-eabi/lib/thumb/v7e-m+fp/hard/libc.a(libc_a-errno.o)
 .ARM.attributes
                0x00000536       0x34 CMakeFiles/freefly.elf.dir/System/FWLIB/Src/misc.c.obj
 .ARM.attributes
                0x0000056a       0x34 CMakeFiles/freefly.elf.dir/System/FWLIB/Src/stm32f4xx_gpio.c.obj
 .ARM.attributes
                0x0000059e       0x34 CMakeFiles/freefly.elf.dir/System/FWLIB/Src/stm32f4xx_rcc.c.obj
 .ARM.attributes
                0x000005d2       0x34 CMakeFiles/freefly.elf.dir/System/FWLIB/Src/stm32f4xx_tim.c.obj
 .ARM.attributes
                0x00000606       0x34 CMakeFiles/freefly.elf.dir/System/FWLIB/Src/stm32f4xx_usart.c.obj
 .ARM.attributes
                0x0000063a       0x34 CMakeFiles/freefly.elf.dir/Application/Hardware/Src/attitude.c.obj
 .ARM.attributes
                0x0000066e       0x34 CMakeFiles/freefly.elf.dir/Application/Hardware/Src/bluetooth.c.obj
 .ARM.attributes
                0x000006a2       0x34 CMakeFiles/freefly.elf.dir/Application/Hardware/Src/gy86.c.obj
 .ARM.attributes
                0x000006d6       0x34 CMakeFiles/freefly.elf.dir/Application/Hardware/Src/led.c.obj
 .ARM.attributes
                0x0000070a       0x34 CMakeFiles/freefly.elf.dir/Application/Hardware/Src/mathkit.c.obj
 .ARM.attributes
                0x0000073e       0x34 CMakeFiles/freefly.elf.dir/Application/Hardware/Src/motor.c.obj
 .ARM.attributes
                0x00000772       0x34 CMakeFiles/freefly.elf.dir/Application/Hardware/Src/myI2C.c.obj
 .ARM.attributes
                0x000007a6       0x34 CMakeFiles/freefly.elf.dir/Application/Hardware/Src/receiver.c.obj
 .ARM.attributes
                0x000007da       0x34 CMakeFiles/freefly.elf.dir/Application/main.c.obj
 .ARM.attributes
                0x0000080e       0x34 CMakeFiles/freefly.elf.dir/Application/SystemConfig/systick.c.obj
 .ARM.attributes
                0x00000842       0x20 CMakeFiles/freefly.elf.dir/ucos2/Ports/os_cpu_a.s.obj
 .ARM.attributes
                0x00000862       0x34 CMakeFiles/freefly.elf.dir/ucos2/Ports/os_cpu_c.c.obj
 .ARM.attributes
                0x00000896       0x34 CMakeFiles/freefly.elf.dir/ucos2/Source/os_core.c.obj
 .ARM.attributes
                0x000008ca       0x34 CMakeFiles/freefly.elf.dir/ucos2/Source/os_dbg_r.c.obj
 .ARM.attributes
                0x000008fe       0x34 CMakeFiles/freefly.elf.dir/ucos2/Source/os_flag.c.obj
 .ARM.attributes
                0x00000932       0x34 CMakeFiles/freefly.elf.dir/ucos2/Source/os_mem.c.obj
 .ARM.attributes
                0x00000966       0x34 CMakeFiles/freefly.elf.dir/ucos2/Source/os_q.c.obj
 .ARM.attributes
                0x0000099a       0x34 CMakeFiles/freefly.elf.dir/ucos2/Source/os_task.c.obj
 .ARM.attributes
                0x000009ce       0x34 CMakeFiles/freefly.elf.dir/ucos2/Source/os_time.c.obj
 .ARM.attributes
                0x00000a02       0x21 CMakeFiles/freefly.elf.dir/System/CMSIS/Device/startup_stm32f401xe.s.obj
 .ARM.attributes
                0x00000a23       0x34 CMakeFiles/freefly.elf.dir/System/CMSIS/Device/system_stm32f4xx.c.obj
 .ARM.attributes
                0x00000a57       0x34 CMakeFiles/freefly.elf.dir/System/BSP/syscalls.c.obj
 .ARM.attributes
                0x00000a8b       0x22 /usr/lib/gcc/arm-none-eabi/13.2.0/thumb/v7e-m+fp/hard/libgcc.a(_arm_addsubdf3.o)
 .ARM.attributes
                0x00000aad       0x22 /usr/lib/gcc/arm-none-eabi/13.2.0/thumb/v7e-m+fp/hard/libgcc.a(_arm_muldivdf3.o)
 .ARM.attributes
                0x00000acf       0x22 /usr/lib/gcc/arm-none-eabi/13.2.0/thumb/v7e-m+fp/hard/libgcc.a(_arm_cmpdf2.o)
 .ARM.attributes
                0x00000af1       0x22 /usr/lib/gcc/arm-none-eabi/13.2.0/thumb/v7e-m+fp/hard/libgcc.a(_arm_truncdfsf2.o)
 .ARM.attributes
                0x00000b13       0x34 /usr/lib/gcc/arm-none-eabi/13.2.0/../../../../arm-none-eabi/lib/thumb/v7e-m+fp/hard/libg.a(libc_a-printf.o)
 .ARM.attributes
                0x00000b47       0x34 /usr/lib/gcc/arm-none-eabi/13.2.0/../../../../arm-none-eabi/lib/thumb/v7e-m+fp/hard/libg.a(libc_a-puts.o)
 .ARM.attributes