Component: ARM Compiler 5.06 update 7 (build 960) Tool: armlink [4d3601]

==============================================================================

Section Cross References

    os_core.o(i.OSEventNameGet) refers to os_cpu_a.o(.text) for OS_SaveSR
    os_core.o(i.OSEventNameGet) refers to os_core.o(i.OS_StrLen) for OS_StrLen
    os_core.o(i.OSEventNameGet) refers to os_core.o(.data) for OSIntNesting
    os_core.o(i.OSEventNameSet) refers to os_cpu_a.o(.text) for OS_SaveSR
    os_core.o(i.OSEventNameSet) refers to segger_sysview_ucosii.o(i.SYSVIEW_UpdateResource) for SYSVIEW_UpdateResource
    os_core.o(i.OSEventNameSet) refers to os_core.o(.data) for OSIntNesting
    os_core.o(i.OSEventPendMulti) refers to os_cpu_a.o(.text) for OS_SaveSR
    os_core.o(i.OSEventPendMulti) refers to os_core.o(i.OS_EventTaskWaitMulti) for OS_EventTaskWaitMulti
    os_core.o(i.OSEventPendMulti) refers to os_core.o(i.OS_Sched) for OS_Sched
    os_core.o(i.OSEventPendMulti) refers to os_core.o(i.OS_EventTaskRemoveMulti) for OS_EventTaskRemoveMulti
    os_core.o(i.OSEventPendMulti) refers to os_core.o(.data) for OSIntNesting
    os_core.o(i.OSInit) refers to os_cpu_c.o(i.OSInitHookBegin) for OSInitHookBegin
    os_core.o(i.OSInit) refers to os_core.o(i.OS_InitMisc) for OS_InitMisc
    os_core.o(i.OSInit) refers to os_core.o(i.OS_InitRdyList) for OS_InitRdyList
    os_core.o(i.OSInit) refers to os_core.o(i.OS_InitTCBList) for OS_InitTCBList
    os_core.o(i.OSInit) refers to os_core.o(i.OS_InitEventList) for OS_InitEventList
    os_core.o(i.OSInit) refers to os_flag.o(i.OS_FlagInit) for OS_FlagInit
    os_core.o(i.OSInit) refers to os_mem.o(i.OS_MemInit) for OS_MemInit
    os_core.o(i.OSInit) refers to os_q.o(i.OS_QInit) for OS_QInit
    os_core.o(i.OSInit) refers to os_core.o(i.OS_InitTaskIdle) for OS_InitTaskIdle
    os_core.o(i.OSInit) refers to os_core.o(i.OS_InitTaskStat) for OS_InitTaskStat
    os_core.o(i.OSInit) refers to os_tmr.o(i.OSTmr_Init) for OSTmr_Init
    os_core.o(i.OSInit) refers to os_cpu_c.o(i.OSInitHookEnd) for OSInitHookEnd
    os_core.o(i.OSInit) refers to os_dbg_r.o(i.OSDebugInit) for OSDebugInit
    os_core.o(i.OSIntEnter) refers to segger_sysview.o(i.SEGGER_SYSVIEW_RecordEnterISR) for SEGGER_SYSVIEW_RecordEnterISR
    os_core.o(i.OSIntEnter) refers to os_core.o(.data) for OSRunning
    os_core.o(i.OSIntExit) refers to os_cpu_a.o(.text) for OS_SaveSR
    os_core.o(i.OSIntExit) refers to os_core.o(i.OS_SchedNew) for OS_SchedNew
    os_core.o(i.OSIntExit) refers to segger_sysview.o(i.SEGGER_SYSVIEW_RecordExitISRToScheduler) for SEGGER_SYSVIEW_RecordExitISRToScheduler
    os_core.o(i.OSIntExit) refers to segger_sysview.o(i.SEGGER_SYSVIEW_RecordExitISR) for SEGGER_SYSVIEW_RecordExitISR
    os_core.o(i.OSIntExit) refers to os_core.o(.data) for OSRunning
    os_core.o(i.OSIntExit) refers to os_core.o(.bss) for OSTCBPrioTbl
    os_core.o(i.OSSchedLock) refers to os_cpu_a.o(.text) for OS_SaveSR
    os_core.o(i.OSSchedLock) refers to os_core.o(.data) for OSRunning
    os_core.o(i.OSSchedUnlock) refers to os_cpu_a.o(.text) for OS_SaveSR
    os_core.o(i.OSSchedUnlock) refers to os_core.o(i.OS_Sched) for OS_Sched
    os_core.o(i.OSSchedUnlock) refers to os_core.o(.data) for OSRunning
    os_core.o(i.OSStart) refers to os_core.o(i.OS_SchedNew) for OS_SchedNew
    os_core.o(i.OSStart) refers to os_cpu_a.o(.text) for OSStartHighRdy
    os_core.o(i.OSStart) refers to os_core.o(.data) for OSRunning
    os_core.o(i.OSStart) refers to os_core.o(.bss) for OSTCBPrioTbl
    os_core.o(i.OSStatInit) refers to os_time.o(i.OSTimeDly) for OSTimeDly
    os_core.o(i.OSStatInit) refers to os_cpu_a.o(.text) for OS_SaveSR
    os_core.o(i.OSStatInit) refers to os_core.o(.data) for OSIdleCtr
    os_core.o(i.OSTimeTick) refers to os_cpu_c.o(i.OSTimeTickHook) for OSTimeTickHook
    os_core.o(i.OSTimeTick) refers to os_cpu_a.o(.text) for OS_SaveSR
    os_core.o(i.OSTimeTick) refers to segger_sysview.o(i.SEGGER_SYSVIEW_RecordU32) for SEGGER_SYSVIEW_RecordU32
    os_core.o(i.OSTimeTick) refers to segger_sysview_ucosii.o(i.SYSVIEW_TaskReady) for SYSVIEW_TaskReady
    os_core.o(i.OSTimeTick) refers to os_core.o(.data) for OSTime
    os_core.o(i.OS_EventTaskRdy) refers to segger_sysview_ucosii.o(i.SYSVIEW_TaskReady) for SYSVIEW_TaskReady
    os_core.o(i.OS_EventTaskRdy) refers to os_core.o(i.OS_EventTaskRemove) for OS_EventTaskRemove
    os_core.o(i.OS_EventTaskRdy) refers to os_core.o(i.OS_EventTaskRemoveMulti) for OS_EventTaskRemoveMulti
    os_core.o(i.OS_EventTaskRdy) refers to os_core.o(.constdata) for OSUnMapTbl
    os_core.o(i.OS_EventTaskRdy) refers to os_core.o(.bss) for OSTCBPrioTbl
    os_core.o(i.OS_EventTaskRdy) refers to os_core.o(.data) for OSRdyGrp
    os_core.o(i.OS_EventTaskWait) refers to segger_sysview_ucosii.o(i.SYSVIEW_TaskSuspend) for SYSVIEW_TaskSuspend
    os_core.o(i.OS_EventTaskWait) refers to os_core.o(.data) for OSTCBCur
[...]
    .ARM.Collect$$libinit$$00000001          0x0800020a   Section        4  libinit2.o(.ARM.Collect$$libinit$$00000001)
    .ARM.Collect$$libinit$$00000004          0x0800020e   Section        0  libinit2.o(.ARM.Collect$$libinit$$00000004)
    .ARM.Collect$$libinit$$0000000A          0x0800020e   Section        0  libinit2.o(.ARM.Collect$$libinit$$0000000A)
    .ARM.Collect$$libinit$$0000000C          0x0800020e   Section        0  libinit2.o(.ARM.Collect$$libinit$$0000000C)
    .ARM.Collect$$libinit$$0000000E          0x0800020e   Section        0  libinit2.o(.ARM.Collect$$libinit$$0000000E)
    .ARM.Collect$$libinit$$00000011          0x0800020e   Section        0  libinit2.o(.ARM.Collect$$libinit$$00000011)
    .ARM.Collect$$libinit$$00000013          0x0800020e   Section        0  libinit2.o(.ARM.Collect$$libinit$$00000013)
    .ARM.Collect$$libinit$$00000015          0x0800020e   Section        0  libinit2.o(.ARM.Collect$$libinit$$00000015)
    .ARM.Collect$$libinit$$00000017          0x0800020e   Section        0  libinit2.o(.ARM.Collect$$libinit$$00000017)
    .ARM.Collect$$libinit$$00000019          0x0800020e   Section        0  libinit2.o(.ARM.Collect$$libinit$$00000019)
    .ARM.Collect$$libinit$$0000001B          0x0800020e   Section        0  libinit2.o(.ARM.Collect$$libinit$$0000001B)
    .ARM.Collect$$libinit$$0000001D          0x0800020e   Section        0  libinit2.o(.ARM.Collect$$libinit$$0000001D)
    .ARM.Collect$$libinit$$0000001F          0x0800020e   Section        0  libinit2.o(.ARM.Collect$$libinit$$0000001F)
    .ARM.Collect$$libinit$$00000021          0x0800020e   Section        0  libinit2.o(.ARM.Collect$$libinit$$00000021)
    .ARM.Collect$$libinit$$00000023          0x0800020e   Section        0  libinit2.o(.ARM.Collect$$libinit$$00000023)
    .ARM.Collect$$libinit$$00000025          0x0800020e   Section        0  libinit2.o(.ARM.Collect$$libinit$$00000025)
    .ARM.Collect$$libinit$$0000002C          0x0800020e   Section        0  libinit2.o(.ARM.Collect$$libinit$$0000002C)
    .ARM.Collect$$libinit$$0000002E          0x0800020e   Section        0  libinit2.o(.ARM.Collect$$libinit$$0000002E)
    .ARM.Collect$$libinit$$00000030          0x0800020e   Section        0  libinit2.o(.ARM.Collect$$libinit$$00000030)
    .ARM.Collect$$libinit$$00000032          0x0800020e   Section        0  libinit2.o(.ARM.Collect$$libinit$$00000032)
    .ARM.Collect$$libinit$$00000033          0x0800020e   Section        2  libinit2.o(.ARM.Collect$$libinit$$00000033)
    .ARM.Collect$$libshutdown$$00000000      0x08000210   Section        2  libshutdown.o(.ARM.Collect$$libshutdown$$00000000)
    .ARM.Collect$$libshutdown$$00000002      0x08000212   Section        0  libshutdown2.o(.ARM.Collect$$libshutdown$$00000002)
    .ARM.Collect$$libshutdown$$00000004      0x08000212   Section        0  libshutdown2.o(.ARM.Collect$$libshutdown$$00000004)
    .ARM.Collect$$libshutdown$$00000006      0x08000212   Section        0  libshutdown2.o(.ARM.Collect$$libshutdown$$00000006)
    .ARM.Collect$$libshutdown$$00000009      0x08000212   Section        0  libshutdown2.o(.ARM.Collect$$libshutdown$$00000009)
    .ARM.Collect$$libshutdown$$0000000C      0x08000212   Section        0  libshutdown2.o(.ARM.Collect$$libshutdown$$0000000C)
    .ARM.Collect$$libshutdown$$0000000E      0x08000212   Section        0  libshutdown2.o(.ARM.Collect$$libshutdown$$0000000E)
    .ARM.Collect$$libshutdown$$00000011      0x08000212   Section        0  libshutdown2.o(.ARM.Collect$$libshutdown$$00000011)
    .ARM.Collect$$libshutdown$$00000012      0x08000212   Section        2  libshutdown2.o(.ARM.Collect$$libshutdown$$00000012)
    .ARM.Collect$$rtentry$$00000000          0x08000214   Section        0  __rtentry.o(.ARM.Collect$$rtentry$$00000000)
    .ARM.Collect$$rtentry$$00000002          0x08000214   Section        0  __rtentry2.o(.ARM.Collect$$rtentry$$00000002)
    .ARM.Collect$$rtentry$$00000004          0x08000214   Section        6  __rtentry4.o(.ARM.Collect$$rtentry$$00000004)
    .ARM.Collect$$rtentry$$00000009          0x0800021a   Section        0  __rtentry2.o(.ARM.Collect$$rtentry$$00000009)
    .ARM.Collect$$rtentry$$0000000A          0x0800021a   Section        4  __rtentry2.o(.ARM.Collect$$rtentry$$0000000A)
    .ARM.Collect$$rtentry$$0000000C          0x0800021e   Section        0  __rtentry2.o(.ARM.Collect$$rtentry$$0000000C)
    .ARM.Collect$$rtentry$$0000000D          0x0800021e   Section        8  __rtentry2.o(.ARM.Collect$$rtentry$$0000000D)
    .ARM.Collect$$rtexit$$00000000           0x08000226   Section        2  rtexit.o(.ARM.Collect$$rtexit$$00000000)
    .ARM.Collect$$rtexit$$00000002           0x08000228   Section        0  rtexit2.o(.ARM.Collect$$rtexit$$00000002)
    .ARM.Collect$$rtexit$$00000003           0x08000228   Section        4  rtexit2.o(.ARM.Collect$$rtexit$$00000003)
    .ARM.Collect$$rtexit$$00000004           0x0800022c   Section        6  rtexit2.o(.ARM.Collect$$rtexit$$00000004)
    .text                                    0x08000234   Section      360  os_cpu_a.o(.text)
    $v0                                      0x08000234   Number         0  os_cpu_a.o(.text)
    .text                                    0x0800039c   Section       64  my_start.o(.text)
    $v0                                      0x0800039c   Number         0  my_start.o(.text)
    .text                                    0x080003dc   Section      138  rt_memcpy_v6.o(.text)
    .text                                    0x08000466   Section       78  rt_memclr_w.o(.text)
    .text                                    0x080004b4   Section        0  heapauxi.o(.text)
    .text                                    0x080004ba   Section      100  rt_memcpy_w.o(.text)
    .text                                    0x0800051e   Section       74  sys_stackheap_outer.o(.text)
    .text                                    0x08000568   Section        0  exit.o(.text)
    .text                                    0x0800057c   Section        8  libspace.o(.text)
    .text                                    0x08000584   Section        0  sys_exit.o(.text)
    .text                                    0x08000590   Section        2  use_no_semi.o(.text)
    .text                                    0x08000592   Section        0  indicate_semi.o(.text)
    i.My_Systick_Config                      0x08000592   Section        0  systick.o(i.My_Systick_Config)
    i.OSDebugInit                            0x080005d0   Section        0  os_dbg_r.o(i.OSDebugInit)
    i.OSEventNameSet                         0x0800072c   Section        0  os_core.o(i.OSEventNameSet)
    i.OSInit                                 0x080007a8   Section        0  os_core.o(i.OSInit)
    i.OSInitHookBegin                        0x080007e0   Section        0  os_cpu_c.o(i.OSInitHookBegin)
    i.OSInitHookEnd                          0x080007e2   Section        0  os_cpu_c.o(i.OSInitHookEnd)
    i.OSIntEnter                             0x080007e4   Section        0  os_core.o(i.OSIntEnter)
    i.OSIntExit                              0x08000810   Section        0  os_core.o(i.OSIntExit)
    i.OSSchedLock                            0x080008c0   Section        0  os_core.o(i.OSSchedLock)
    i.OSSchedUnlock                          0x08000908   Section        0  os_core.o(i.OSSchedUnlock)
    i.OSSemCreate                            0x08000978   Section        0  os_sem.o(i.OSSemCreate)
    i.OSSemPend                              0x080009e0   Section        0  os_sem.o(i.OSSemPend)
    i.OSStart                                0x08000b2c   Section        0  os_core.o(i.OSStart)
    i.OSTCBInitHook                          0x08000b74   Section        0  os_cpu_c.o(i.OSTCBInitHook)
    i.OSTaskCreate                           0x08000b78   Section        0  os_task.o(i.OSTaskCreate)
    i.OSTaskCreateExt                        0x08000c88   Section        0  os_task.o(i.OSTaskCreateExt)
    i.OSTaskCreateHook                       0x08000dac   Section        0  os_cpu_c.o(i.OSTaskCreateHook)
    i.OSTaskDel                              0x08000db0   Section        0  os_task.o(i.OSTaskDel)
    i.OSTaskDelHook                          0x08000f3c   Section        0  os_cpu_c.o(i.OSTaskDelHook)
    i.OSTaskIdleHook                         0x08000f3e   Section        0  os_cpu_c.o(i.OSTaskIdleHook)
    i.OSTaskNameSet                          0x08000f40   Section        0  os_task.o(i.OSTaskNameSet)
    i.OSTaskStatHook                         0x08000fe8   Section        0  os_cpu_c.o(i.OSTaskStatHook)
    i.OSTaskStkChk                           0x08000fec   Section        0  os_task.o(i.OSTaskStkChk)
    i.OSTaskStkInit                          0x0800109c   Section        0  os_cpu_c.o(i.OSTaskStkInit)
    i.OSTaskSuspend                          0x08001130   Section        0  os_task.o(i.OSTaskSuspend)
    i.OSTimeDly                              0x08001204   Section        0  os_time.o(i.OSTimeDly)
    i.OSTimeGet                              0x0800128c   Section        0  os_time.o(i.OSTimeGet)
    i.OSTimeTick                             0x080012b0   Section        0  os_core.o(i.OSTimeTick)
    i.OSTimeTickHook                         0x080013bc   Section        0  os_cpu_c.o(i.OSTimeTickHook)
    i.OSTmr_Init                             0x080013c0   Section        0  os_tmr.o(i.OSTmr_Init)
    i.OSTmr_InitTask                         0x080014b4   Section        0  os_tmr.o(i.OSTmr_InitTask)
    OSTmr_InitTask                           0x080014b5   Thumb Code    50  os_tmr.o(i.OSTmr_InitTask)
    i.OSTmr_Link                             0x08001504   Section        0  os_tmr.o(i.OSTmr_Link)
    OSTmr_Link                               0x08001505   Thumb Code   106  os_tmr.o(i.OSTmr_Link)
    i.OSTmr_Task                             0x08001578   Section        0  os_tmr.o(i.OSTmr_Task)
    OSTmr_Task                               0x08001579   Thumb Code   136  os_tmr.o(i.OSTmr_Task)
    i.OSTmr_Unlink                           0x0800160c   Section        0  os_tmr.o(i.OSTmr_Unlink)
    OSTmr_Unlink                             0x0800160d   Thumb Code    68  os_tmr.o(i.OSTmr_Unlink)
    i.OS_Dummy                               0x08001654   Section        0  os_core.o(i.OS_Dummy)
    i.OS_EventTaskRemove                     0x08001656   Section        0  os_core.o(i.OS_EventTaskRemove)
    i.OS_EventTaskRemoveMulti                0x08001684   Section        0  os_core.o(i.OS_EventTaskRemoveMulti)
    i.OS_EventTaskWait                       0x080016c0   Section        0  os_core.o(i.OS_EventTaskWait)
    i.OS_EventWaitListInit                   0x08001748   Section        0  os_core.o(i.OS_EventWaitListInit)
    i.OS_FlagInit                            0x08001764   Section        0  os_flag.o(i.OS_FlagInit)
    i.OS_FlagUnlink                          0x080017bc   Section        0  os_flag.o(i.OS_FlagUnlink)
    i.OS_InitEventList                       0x080017e0   Section        0  os_core.o(i.OS_InitEventList)
    OS_InitEventList                         0x080017e1   Thumb Code    82  os_core.o(i.OS_InitEventList)
    i.OS_InitMisc                            0x08001840   Section        0  os_core.o(i.OS_InitMisc)
    OS_InitMisc                              0x08001841   Thumb Code    48  os_core.o(i.OS_InitMisc)
    i.OS_InitRdyList                         0x0800189c   Section        0  os_core.o(i.OS_InitRdyList)
    OS_InitRdyList                           0x0800189d   Thumb Code    44  os_core.o(i.OS_InitRdyList)
    i.OS_InitTCBList                         0x080018e0   Section        0  os_core.o(i.OS_InitTCBList)
    OS_InitTCBList                           0x080018e1   Thumb Code   106  os_core.o(i.OS_InitTCBList)
    i.OS_InitTaskIdle                        0x08001960   Section        0  os_core.o(i.OS_InitTaskIdle)
    OS_InitTaskIdle                          0x08001961   Thumb Code    50  os_core.o(i.OS_InitTaskIdle)
    i.OS_InitTaskStat                        0x080019b0   Section        0  os_core.o(i.OS_InitTaskStat)
    OS_InitTaskStat                          0x080019b1   Thumb Code    50  os_core.o(i.OS_InitTaskStat)
    i.OS_MemClr                              0x08001a00   Section        0  os_core.o(i.OS_MemClr)
    i.OS_MemInit                             0x08001a14   Section        0  os_mem.o(i.OS_MemInit)
    i.OS_QInit                               0x08001a6c   Section        0  os_q.o(i.OS_QInit)
    i.OS_Sched                               0x08001abc   Section        0  os_core.o(i.OS_Sched)
    i.OS_SchedNew                            0x08001b38   Section        0  os_core.o(i.OS_SchedNew)
    OS_SchedNew                              0x08001b39   Thumb Code    26  os_core.o(i.OS_SchedNew)
    i.OS_TCBInit                             0x08001b64   Section        0  os_core.o(i.OS_TCBInit)
    i.OS_TaskIdle                            0x08001ccc   Section        0  os_core.o(i.OS_TaskIdle)
    i.OS_TaskStat                            0x08001cf8   Section        0  os_core.o(i.OS_TaskStat)
    i.OS_TaskStatStkChk                      0x08001de0   Section        0  os_core.o(i.OS_TaskStatStkChk)
    i.OS_TaskStkClr                          0x08001e1c   Section        0  os_task.o(i.OS_TaskStkClr)
    i.SEGGER_RTT_AllocUpBuffer               0x08001e38   Section        0  segger_rtt.o(i.SEGGER_RTT_AllocUpBuffer)
    i.SEGGER_RTT_ConfigDownBuffer            0x08001efc   Section        0  segger_rtt.o(i.SEGGER_RTT_ConfigDownBuffer)
    i.SEGGER_RTT_ReadNoLock                  0x08001f70   Section        0  segger_rtt.o(i.SEGGER_RTT_ReadNoLock)
    i.SEGGER_RTT_WriteSkipNoLock             0x08002018   Section        0  segger_rtt.o(i.SEGGER_RTT_WriteSkipNoLock)
    i.SEGGER_SYSVIEW_Conf                    0x080020b8   Section        0  segger_sysview_config_ucosii.o(i.SEGGER_SYSVIEW_Conf)
    i.SEGGER_SYSVIEW_GetSysDesc              0x080020dc   Section        0  segger_sysview.o(i.SEGGER_SYSVIEW_GetSysDesc)
    i.SEGGER_SYSVIEW_Init                    0x08002198   Section        0  segger_sysview.o(i.SEGGER_SYSVIEW_Init)
    i.SEGGER_SYSVIEW_NameResource            0x08002200   Section        0  segger_sysview.o(i.SEGGER_SYSVIEW_NameResource)
    i.SEGGER_SYSVIEW_OnIdle                  0x08002270   Section        0  segger_sysview.o(i.SEGGER_SYSVIEW_OnIdle)
    i.SEGGER_SYSVIEW_OnTaskCreate            0x080022a4   Section        0  segger_sysview.o(i.SEGGER_SYSVIEW_OnTaskCreate)
    i.SEGGER_SYSVIEW_OnTaskStartExec         0x08002308   Section        0  segger_sysview.o(i.SEGGER_SYSVIEW_OnTaskStartExec)
    i.SEGGER_SYSVIEW_OnTaskStartReady        0x0800236c   Section        0  segger_sysview.o(i.SEGGER_SYSVIEW_OnTaskStartReady)
    i.SEGGER_SYSVIEW_OnTaskStopReady         0x080023d0   Section        0  segger_sysview.o(i.SEGGER_SYSVIEW_OnTaskStopReady)
    i.SEGGER_SYSVIEW_RecordEndCallU32        0x08002454   Section        0  segger_sysview.o(i.SEGGER_SYSVIEW_RecordEndCallU32)
    i.SEGGER_SYSVIEW_RecordEnterISR          0x080024cc   Section        0  segger_sysview.o(i.SEGGER_SYSVIEW_RecordEnterISR)
    i.SEGGER_SYSVIEW_RecordExitISR           0x08002530   Section        0  segger_sysview.o(i.SEGGER_SYSVIEW_RecordExitISR)
    i.SEGGER_SYSVIEW_RecordExitISRToScheduler 0x08002564   Section        0  segger_sysview.o(i.SEGGER_SYSVIEW_RecordExitISRToScheduler)
    i.SEGGER_SYSVIEW_RecordSystime           0x08002598   Section        0  segger_sysview.o(i.SEGGER_SYSVIEW_RecordSystime)
    i.SEGGER_SYSVIEW_RecordU32               0x080025d4   Section        0  segger_sysview.o(i.SEGGER_SYSVIEW_RecordU32)
    i.SEGGER_SYSVIEW_RecordU32x2             0x08002630   Section        0  segger_sysview.o(i.SEGGER_SYSVIEW_RecordU32x2)
    i.SEGGER_SYSVIEW_RecordVoid              0x080026ac   Section        0  segger_sysview.o(i.SEGGER_SYSVIEW_RecordVoid)
    i.SEGGER_SYSVIEW_SendModule              0x080026e4   Section        0  segger_sysview.o(i.SEGGER_SYSVIEW_SendModule)
    i.SEGGER_SYSVIEW_SendModuleDescription   0x08002798   Section        0  segger_sysview.o(i.SEGGER_SYSVIEW_SendModuleDescription)
    i.SEGGER_SYSVIEW_SendNumModules          0x080027bc   Section        0  segger_sysview.o(i.SEGGER_SYSVIEW_SendNumModules)
    i.SEGGER_SYSVIEW_SendSysDesc             0x08002814   Section        0  segger_sysview.o(i.SEGGER_SYSVIEW_SendSysDesc)
    i.SEGGER_SYSVIEW_SendTaskInfo            0x0800285c   Section        0  segger_sysview.o(i.SEGGER_SYSVIEW_SendTaskInfo)
    i.SEGGER_SYSVIEW_SendTaskList            0x08002968   Section        0  segger_sysview.o(i.SEGGER_SYSVIEW_SendTaskList)
    i.SEGGER_SYSVIEW_SetRAMBase              0x08002988   Section        0  segger_sysview.o(i.SEGGER_SYSVIEW_SetRAMBase)
    i.SEGGER_SYSVIEW_ShrinkId                0x08002994   Section        0  segger_sysview.o(i.SEGGER_SYSVIEW_ShrinkId)
    i.SEGGER_SYSVIEW_Start                   0x080029a4   Section        0  segger_sysview.o(i.SEGGER_SYSVIEW_Start)
    i.SEGGER_SYSVIEW_Stop                    0x08002aa0   Section        0  segger_sysview.o(i.SEGGER_SYSVIEW_Stop)
    i.SEGGER_SYSVIEW_Warn                    0x08002ae4   Section        0  segger_sysview.o(i.SEGGER_SYSVIEW_Warn)
    i.SYSVIEW_AddTask                        0x08002b64   Section        0  segger_sysview_ucosii.o(i.SYSVIEW_AddTask)
    i.SYSVIEW_RecordU32Register              0x08002c08   Section        0  segger_sysview_ucosii.o(i.SYSVIEW_RecordU32Register)
    i.SYSVIEW_SendResourceList               0x08002c84   Section        0  segger_sysview_ucosii.o(i.SYSVIEW_SendResourceList)
    i.SYSVIEW_SendTaskInfo                   0x08002cd4   Section        0  segger_sysview_ucosii.o(i.SYSVIEW_SendTaskInfo)
    i.SYSVIEW_TaskReady                      0x08002d08   Section        0  segger_sysview_ucosii.o(i.SYSVIEW_TaskReady)
    i.SYSVIEW_TaskSuspend                    0x08002d24   Section        0  segger_sysview_ucosii.o(i.SYSVIEW_TaskSuspend)
    i.SYSVIEW_TaskSwitchedIn                 0x08002d40   Section        0  segger_sysview_ucosii.o(i.SYSVIEW_TaskSwitchedIn)
    i.SYSVIEW_UpdateResource                 0x08002d60   Section        0  segger_sysview_ucosii.o(i.SYSVIEW_UpdateResource)
    i.SYSVIEW_UpdateTask                     0x08002dbc   Section        0  segger_sysview_ucosii.o(i.SYSVIEW_UpdateTask)
    i._DoInit                                0x08002e58   Section        0  segger_rtt.o(i._DoInit)
    _DoInit                                  0x08002e59   Thumb Code    82  segger_rtt.o(i._DoInit)
    i._EncodeStr                             0x08002ec8   Section        0  segger_sysview.o(i._EncodeStr)
    _EncodeStr                               0x08002ec9   Thumb Code    44  segger_sysview.o(i._EncodeStr)
    i._HandleIncomingPacket                  0x08002ef4   Section        0  segger_sysview.o(i._HandleIncomingPacket)
    _HandleIncomingPacket                    0x08002ef5   Thumb Code   162  segger_sysview.o(i._HandleIncomingPacket)
    i._PreparePacket                         0x08002f9c   Section        0  segger_sysview.o(i._PreparePacket)
    _PreparePacket                           0x08002f9d   Thumb Code     6  segger_sysview.o(i._PreparePacket)
    i._SendPacket                            0x08002fa4   Section        0  segger_sysview.o(i._SendPacket)
    _SendPacket                              0x08002fa5   Thumb Code   468  segger_sysview.o(i._SendPacket)
    i._TrySendOverflowPacket                 0x08003184   Section        0  segger_sysview.o(i._TrySendOverflowPacket)
    _TrySendOverflowPacket                   0x08003185   Thumb Code   126  segger_sysview.o(i._TrySendOverflowPacket)
    i._cbGetTime                             0x0800320c   Section        0  segger_sysview_ucosii.o(i._cbGetTime)
    _cbGetTime                               0x0800320d   Thumb Code    20  segger_sysview_ucosii.o(i._cbGetTime)
    i._cbSendSystemDesc                      0x08003220   Section        0  segger_sysview_config_ucosii.o(i._cbSendSystemDesc)
    _cbSendSystemDesc                        0x08003221   Thumb Code    20  segger_sysview_config_ucosii.o(i._cbSendSystemDesc)
    i._cbSendTaskList                        0x08003274   Section        0  segger_sysview_ucosii.o(i._cbSendTaskList)
    _cbSendTaskList                          0x08003275   Thumb Code    76  segger_sysview_ucosii.o(i._cbSendTaskList)
    i.first_task                             0x080032c8   Section        0  main.o(i.first_task)
    i.led_init                               0x08003348   Section        0  led.o(i.led_init)
    i.led_off                                0x0800339c   Section        0  led.o(i.led_off)
    i.led_on                                 0x080033ac   Section        0  led.o(i.led_on)
    i.main                                   0x080033c0   Section        0  main.o(i.main)
    i.my_SystemInit                          0x08003410   Section        0  clock_cfg.o(i.my_SystemInit)
    i.my__main                               0x080034c8   Section        0  my_system.o(i.my__main)
    i.task_led_off                           0x0800350c   Section        0  main.o(i.task_led_off)
    i.task_led_on                            0x08003528   Section        0  main.o(i.task_led_on)
    x$fpl$fpinit                             0x08003544   Section       10  fpinit.o(x$fpl$fpinit)
    $v0                                      0x08003544   Number         0  fpinit.o(x$fpl$fpinit)
    .constdata                               0x0800354e   Section      256  os_core.o(.constdata)
    .constdata                               0x08003650   Section      118  os_dbg_r.o(.constdata)
    .constdata                               0x080036c8   Section        8  segger_sysview_ucosii.o(.constdata)
    .constdata                               0x080036d0   Section       17  segger_rtt.o(.constdata)
    _aInitStr                                0x080036d0   Data          17  segger_rtt.o(.constdata)
    .constdata                               0x080036e1   Section       26  segger_sysview.o(.constdata)
    _abSync                                  0x080036e1   Data          10  segger_sysview.o(.constdata)
    _aV2C                                    0x080036eb   Data          16  segger_sysview.o(.constdata)
    .conststring                             0x080036fc   Section      164  segger_sysview_ucosii.o(.conststring)
    .data                                    0x20000000   Section      100  os_core.o(.data)
    .data                                    0x20000064   Section       12  main.o(.data)
    .data                                    0x20000070   Section        8  segger_sysview_ucosii.o(.data)
    _NumTasks                                0x20000070   Data           4  segger_sysview_ucosii.o(.data)
    _NumResources                            0x20000074   Data           4  segger_sysview_ucosii.o(.data)
    .data                                    0x20000078   Section       21  segger_sysview.o(.data)
    _DownBuffer                              0x20000080   Data           8  segger_sysview.o(.data)
    _pFirstModule                            0x20000088   Data           4  segger_sysview.o(.data)
    _NumModules                              0x2000008c   Data           1  segger_sysview.o(.data)
    .bss                                     0x20000090   Section     5048  os_core.o(.bss)
    .bss                                     0x20001448   Section    32768  main.o(.bss)
    .bss                                     0x20009448   Section     2176  segger_sysview_ucosii.o(.bss)
    _aTasks                                  0x20009448   Data         640  segger_sysview_ucosii.o(.bss)
    _aResources                              0x200096c8   Data        1536  segger_sysview_ucosii.o(.bss)
    .bss                                     0x20009cc8   Section     1208  segger_rtt.o(.bss)
    _acUpBuffer                              0x20009d70   Data        1024  segger_rtt.o(.bss)
    _acDownBuffer                            0x2000a170   Data          16  segger_rtt.o(.bss)
    .bss                                     0x2000a180   Section     4363  segger_sysview.o(.bss)
    _UpBuffer                                0x2000a180   Data        4096  segger_sysview.o(.bss)
    _SYSVIEW_Globals                         0x2000b180   Data          40  segger_sysview.o(.bss)
    _aPacket                                 0x2000b1a8   Data         227  segger_sysview.o(.bss)
    .bss                                     0x2000b28c   Section       96  libspace.o(.bss)
    HEAP                                     0x2000b2f0   Section      512  my_start.o(HEAP)
    Heap_Mem                                 0x2000b2f0   Data         512  my_start.o(HEAP)
    STACK                                    0x2000b4f0   Section     1024  my_start.o(STACK)
    Stack_Mem                                0x2000b4f0   Data        1024  my_start.o(STACK)
    __initial_sp                             0x2000b8f0   Data           0  my_start.o(STACK)

    Global Symbols

    Symbol Name                              Value     Ov Type        Size  Object(Section)

    BuildAttributes$$THM_ISAv4$E$P$D$K$B$S$7EM$VFPi3$EXTD16$VFPS$VFMA$PE$A:L22UL41UL21$X:L11$S22US41US21$IEEE1$IW$USESV6$~STKCKD$USESV7$~SHL$OSPACE$ROPI$EBA8$UX$STANDARDLIB$REQ8$PRES8$EABIv2 0x00000000   Number         0  anon$$obj.o ABSOLUTE
    __ARM_use_no_argv                        0x00000000   Number         0  main.o ABSOLUTE
    __ARM_exceptions_init                     - Undefined Weak Reference
    __alloca_initialize                       - Undefined Weak Reference
    __arm_fini_                               - Undefined Weak Reference
    __arm_preinit_                            - Undefined Weak Reference
    __cpp_initialize__aeabi_                  - Undefined Weak Reference
    __cxa_finalize                            - Undefined Weak Reference
    __rt_locale                               - Undefined Weak Reference
    __sigvec_lookup                           - Undefined Weak Reference
    _atexit_init                              - Undefined Weak Reference
    _call_atexit_fns                          - Undefined Weak Reference
    _clock_init                               - Undefined Weak Reference
    _fp_trap_init                             - Undefined Weak Reference
    _fp_trap_shutdown                         - Undefined Weak Reference
    _get_lc_collate                           - Undefined Weak Reference
    _get_lc_ctype                             - Undefined Weak Reference
    _get_lc_monetary                          - Undefined Weak Reference
    _get_lc_numeric                           - Undefined Weak Reference
    _get_lc_time                              - Undefined Weak Reference
    _getenv_init                              - Undefined Weak Reference
    _handle_redirection                       - Undefined Weak Reference
    _init_alloc                               - Undefined Weak Reference
    _init_user_alloc                          - Undefined Weak Reference
    _initio                                   - Undefined Weak Reference
    _rand_init                                - Undefined Weak Reference
    _signal_finish                            - Undefined Weak Reference
    _signal_init                              - Undefined Weak Reference
    _terminate_alloc                          - Undefined Weak Reference
    _terminate_user_alloc                     - Undefined Weak Reference
    _terminateio                              - Undefined Weak Reference
    Image$$RW_IRAM1$$Length                  0x00000090   Number         0  anon$$obj.o ABSOLUTE
    __Vectors_Size                           0x00000194   Number         0  my_start.o ABSOLUTE
    Image$$RW_IRAM1$$ZI$$Length              0x0000b860   Number         0  anon$$obj.o ABSOLUTE
    __Vectors                                0x08000000   Data           4  my_start.o(RESET)
    __Vectors_End                            0x08000194   Data           0  my_start.o(RESET)
    __main                                   0x08000195   Thumb Code     8  __main.o(!!!main)
    __scatterload                            0x0800019d   Thumb Code     0  __scatter.o(!!!scatter)
    __scatterload_rt2                        0x0800019d   Thumb Code    44  __scatter.o(!!!scatter)
    __scatterload_rt2_thumb_only             0x0800019d   Thumb Code     0  __scatter.o(!!!scatter)
    __scatterload_null                       0x080001ab   Thumb Code     0  __scatter.o(!!!scatter)
    __scatterload_copy                       0x080001d1   Thumb Code    26  __scatter_copy.o(!!handler_copy)
    __scatterload_zeroinit                   0x080001ed   Thumb Code    28  __scatter_zi.o(!!handler_zi)
    __rt_lib_init                            0x08000209   Thumb Code     0  libinit.o(.ARM.Collect$$libinit$$00000000)
    __rt_lib_init_fp_1                       0x0800020b   Thumb Code     0  libinit2.o(.ARM.Collect$$libinit$$00000001)
    __rt_lib_init_alloca_1                   0x0800020f   Thumb Code     0  libinit2.o(.ARM.Collect$$libinit$$0000002E)
    __rt_lib_init_argv_1                     0x0800020f   Thumb Code     0  libinit2.o(.ARM.Collect$$libinit$$0000002C)
    __rt_lib_init_atexit_1                   0x0800020f   Thumb Code     0  libinit2.o(.ARM.Collect$$libinit$$0000001B)
    __rt_lib_init_clock_1                    0x0800020f   Thumb Code     0  libinit2.o(.ARM.Collect$$libinit$$00000021)
    __rt_lib_init_cpp_1                      0x0800020f   Thumb Code     0  libinit2.o(.ARM.Collect$$libinit$$00000032)
    __rt_lib_init_exceptions_1               0x0800020f   Thumb Code     0  libinit2.o(.ARM.Collect$$libinit$$00000030)
    __rt_lib_init_fp_trap_1                  0x0800020f   Thumb Code     0  libinit2.o(.ARM.Collect$$libinit$$0000001F)
    __rt_lib_init_getenv_1                   0x0800020f   Thumb Code     0  libinit2.o(.ARM.Collect$$libinit$$00000023)
    __rt_lib_init_heap_1                     0x0800020f   Thumb Code     0  libinit2.o(.ARM.Collect$$libinit$$0000000A)
    __rt_lib_init_lc_collate_1               0x0800020f   Thumb Code     0  libinit2.o(.ARM.Collect$$libinit$$00000011)
    __rt_lib_init_lc_ctype_1                 0x0800020f   Thumb Code     0  libinit2.o(.ARM.Collect$$libinit$$00000013)
    __rt_lib_init_lc_monetary_1              0x0800020f   Thumb Code     0  libinit2.o(.ARM.Collect$$libinit$$00000015)
    __rt_lib_init_lc_numeric_1               0x0800020f   Thumb Code     0  libinit2.o(.ARM.Collect$$libinit$$00000017)
    __rt_lib_init_lc_time_1                  0x0800020f   Thumb Code     0  libinit2.o(.ARM.Collect$$libinit$$00000019)
    __rt_lib_init_preinit_1                  0x0800020f   Thumb Code     0  libinit2.o(.ARM.Collect$$libinit$$00000004)
    __rt_lib_init_rand_1                     0x0800020f   Thumb Code     0  libinit2.o(.ARM.Collect$$libinit$$0000000E)
    __rt_lib_init_return                     0x0800020f   Thumb Code     0  libinit2.o(.ARM.Collect$$libinit$$00000033)
    __rt_lib_init_signal_1                   0x0800020f   Thumb Code     0  libinit2.o(.ARM.Collect$$libinit$$0000001D)
    __rt_lib_init_stdio_1                    0x0800020f   Thumb Code     0  libinit2.o(.ARM.Collect$$libinit$$00000025)
    __rt_lib_init_user_alloc_1               0x0800020f   Thumb Code     0  libinit2.o(.ARM.Collect$$libinit$$0000000C)
    __rt_lib_shutdown                        0x08000211   Thumb Code     0  libshutdown.o(.ARM.Collect$$libshutdown$$00000000)
    __rt_lib_shutdown_cpp_1                  0x08000213   Thumb Code     0  libshutdown2.o(.ARM.Collect$$libshutdown$$00000004)
    __rt_lib_shutdown_fini_1                 0x08000213   Thumb Code     0  libshutdown2.o(.ARM.Collect$$libshutdown$$00000002)
    __rt_lib_shutdown_fp_trap_1              0x08000213   Thumb Code     0  libshutdown2.o(.ARM.Collect$$libshutdown$$00000009)
    __rt_lib_shutdown_heap_1                 0x08000213   Thumb Code     0  libshutdown2.o(.ARM.Collect$$libshutdown$$00000011)
    __rt_lib_shutdown_return                 0x08000213   Thumb Code     0  libshutdown2.o(.ARM.Collect$$libshutdown$$00000012)
    __rt_lib_shutdown_signal_1               0x08000213   Thumb Code     0  libshutdown2.o(.ARM.Collect$$libshutdown$$0000000C)
    __rt_lib_shutdown_stdio_1                0x08000213   Thumb Code     0  libshutdown2.o(.ARM.Collect$$libshutdown$$00000006)
    __rt_lib_shutdown_user_alloc_1           0x08000213   Thumb Code     0  libshutdown2.o(.ARM.Collect$$libshutdown$$0000000E)
    __rt_entry                               0x08000215   Thumb Code     0  __rtentry.o(.ARM.Collect$$rtentry$$00000000)
    __rt_entry_presh_1                       0x08000215   Thumb Code     0  __rtentry2.o(.ARM.Collect$$rtentry$$00000002)
    __rt_entry_sh                            0x08000215   Thumb Code     0  __rtentry4.o(.ARM.Collect$$rtentry$$00000004)
    __rt_entry_li                            0x0800021b   Thumb Code     0  __rtentry2.o(.ARM.Collect$$rtentry$$0000000A)
    __rt_entry_postsh_1                      0x0800021b   Thumb Code     0  __rtentry2.o(.ARM.Collect$$rtentry$$00000009)
    __rt_entry_main                          0x0800021f   Thumb Code     0  __rtentry2.o(.ARM.Collect$$rtentry$$0000000D)
    __rt_entry_postli_1                      0x0800021f   Thumb Code     0  __rtentry2.o(.ARM.Collect$$rtentry$$0000000C)
    __rt_exit                                0x08000227   Thumb Code     0  rtexit.o(.ARM.Collect$$rtexit$$00000000)
    __rt_exit_ls                             0x08000229   Thumb Code     0  rtexit2.o(.ARM.Collect$$rtexit$$00000003)
    __rt_exit_prels_1                        0x08000229   Thumb Code     0  rtexit2.o(.ARM.Collect$$rtexit$$00000002)
    __rt_exit_exit                           0x0800022d   Thumb Code     0  rtexit2.o(.ARM.Collect$$rtexit$$00000004)
    OSStartHighRdy                           0x08000235   Thumb Code     0  os_cpu_a.o(.text)
    OSCtxSw                                  0x0800027f   Thumb Code     0  os_cpu_a.o(.text)
    OSIntCtxSw                               0x0800027f   Thumb Code     0  os_cpu_a.o(.text)
    PendSV_Handler                           0x0800028f   Thumb Code     0  os_cpu_a.o(.text)
    OS_SaveSR                                0x080002c9   Thumb Code     0  os_cpu_a.o(.text)
    OS_RestoreSR                             0x080002e3   Thumb Code     0  os_cpu_a.o(.text)
    SysTick_Handler                          0x080002f5   Thumb Code     0  os_cpu_a.o(.text)
    Reset_Handler                            0x0800039d   Thumb Code     8  my_start.o(.text)
    NMI_Handler                              0x080003a5   Thumb Code     2  my_start.o(.text)
    HardFault_Handler                        0x080003a7   Thumb Code     2  my_start.o(.text)
    MemManage_Handler                        0x080003a9   Thumb Code     2  my_start.o(.text)
    BusFault_Handler                         0x080003ab   Thumb Code     2  my_start.o(.text)
    UsageFault_Handler                       0x080003ad   Thumb Code     2  my_start.o(.text)
    SVC_Handler                              0x080003af   Thumb Code     2  my_start.o(.text)
    DebugMon_Handler                         0x080003b1   Thumb Code     2  my_start.o(.text)
    ADC_IRQHandler                           0x080003b7   Thumb Code     0  my_start.o(.text)
    DMA1_Stream0_IRQHandler                  0x080003b7   Thumb Code     0  my_start.o(.text)
    DMA1_Stream1_IRQHandler                  0x080003b7   Thumb Code     0  my_start.o(.text)
    DMA1_Stream2_IRQHandler                  0x080003b7   Thumb Code     0  my_start.o(.text)
    DMA1_Stream3_IRQHandler                  0x080003b7   Thumb Code     0  my_start.o(.text)
    DMA1_Stream4_IRQHandler                  0x080003b7   Thumb Code     0  my_start.o(.text)
    DMA1_Stream5_IRQHandler                  0x080003b7   Thumb Code     0  my_start.o(.text)
    DMA1_Stream6_IRQHandler                  0x080003b7   Thumb Code     0  my_start.o(.text)
    DMA1_Stream7_IRQHandler                  0x080003b7   Thumb Code     0  my_start.o(.text)
    DMA2_Stream0_IRQHandler                  0x080003b7   Thumb Code     0  my_start.o(.text)
    DMA2_Stream1_IRQHandler                  0x080003b7   Thumb Code     0  my_start.o(.text)
    DMA2_Stream2_IRQHandler                  0x080003b7   Thumb Code     0  my_start.o(.text)
    DMA2_Stream3_IRQHandler                  0x080003b7   Thumb Code     0  my_start.o(.text)
    DMA2_Stream4_IRQHandler                  0x080003b7   Thumb Code     0  my_start.o(.text)
    DMA2_Stream5_IRQHandler                  0x080003b7   Thumb Code     0  my_start.o(.text)
    DMA2_Stream6_IRQHandler                  0x080003b7   Thumb Code     0  my_start.o(.text)
    DMA2_Stream7_IRQHandler                  0x080003b7   Thumb Code     0  my_start.o(.text)
    EXTI0_IRQHandler                         0x080003b7   Thumb Code     0  my_start.o(.text)
    EXTI15_10_IRQHandler                     0x080003b7   Thumb Code     0  my_start.o(.text)
    EXTI1_IRQHandler                         0x080003b7   Thumb Code     0  my_start.o(.text)
    EXTI2_IRQHandler                         0x080003b7   Thumb Code     0  my_start.o(.text)
    EXTI3_IRQHandler                         0x080003b7   Thumb Code     0  my_start.o(.text)
    EXTI4_IRQHandler                         0x080003b7   Thumb Code     0  my_start.o(.text)
    EXTI9_5_IRQHandler                       0x080003b7   Thumb Code     0  my_start.o(.text)
    FLASH_IRQHandler                         0x080003b7   Thumb Code     0  my_start.o(.text)
    FPU_IRQHandler                           0x080003b7   Thumb Code     0  my_start.o(.text)
    I2C1_ER_IRQHandler                       0x080003b7   Thumb Code     0  my_start.o(.text)
    I2C1_EV_IRQHandler                       0x080003b7   Thumb Code     0  my_start.o(.text)
    I2C2_ER_IRQHandler                       0x080003b7   Thumb Code     0  my_start.o(.text)
    I2C2_EV_IRQHandler                       0x080003b7   Thumb Code     0  my_start.o(.text)
    I2C3_ER_IRQHandler                       0x080003b7   Thumb Code     0  my_start.o(.text)
    I2C3_EV_IRQHandler                       0x080003b7   Thumb Code     0  my_start.o(.text)
    OTG_FS_IRQHandler                        0x080003b7   Thumb Code     0  my_start.o(.text)
    OTG_FS_WKUP_IRQHandler                   0x080003b7   Thumb Code     0  my_start.o(.text)
    PVD_IRQHandler                           0x080003b7   Thumb Code     0  my_start.o(.text)
    RCC_IRQHandler                           0x080003b7   Thumb Code     0  my_start.o(.text)
    RTC_Alarm_IRQHandler                     0x080003b7   Thumb Code     0  my_start.o(.text)
    RTC_WKUP_IRQHandler                      0x080003b7   Thumb Code     0  my_start.o(.text)
    SDIO_IRQHandler                          0x080003b7   Thumb Code     0  my_start.o(.text)
    SPI1_IRQHandler                          0x080003b7   Thumb Code     0  my_start.o(.text)
    SPI2_IRQHandler                          0x080003b7   Thumb Code     0  my_start.o(.text)
    SPI3_IRQHandler                          0x080003b7   Thumb Code     0  my_start.o(.text)
    SPI4_IRQHandler                          0x080003b7   Thumb Code     0  my_start.o(.text)
    TAMP_STAMP_IRQHandler                    0x080003b7   Thumb Code     0  my_start.o(.text)
    TIM1_BRK_TIM9_IRQHandler                 0x080003b7   Thumb Code     0  my_start.o(.text)
    TIM1_CC_IRQHandler                       0x080003b7   Thumb Code     0  my_start.o(.text)
    TIM1_TRG_COM_TIM11_IRQHandler            0x080003b7   Thumb Code     0  my_start.o(.text)
    TIM1_UP_TIM10_IRQHandler                 0x080003b7   Thumb Code     0  my_start.o(.text)
    TIM2_IRQHandler                          0x080003b7   Thumb Code     0  my_start.o(.text)
    TIM3_IRQHandler                          0x080003b7   Thumb Code     0  my_start.o(.text)
    TIM4_IRQHandler                          0x080003b7   Thumb Code     0  my_start.o(.text)
    TIM5_IRQHandler                          0x080003b7   Thumb Code     0  my_start.o(.text)
    USART1_IRQHandler                        0x080003b7   Thumb Code     0  my_start.o(.text)
    USART2_IRQHandler                        0x080003b7   Thumb Code     0  my_start.o(.text)
    USART6_IRQHandler                        0x080003b7   Thumb Code     0  my_start.o(.text)
    WWDG_IRQHandler                          0x080003b7   Thumb Code     0  my_start.o(.text)
    __user_initial_stackheap                 0x080003b9   Thumb Code     0  my_start.o(.text)
    __aeabi_memcpy                           0x080003dd   Thumb Code     0  rt_memcpy_v6.o(.text)
    __rt_memcpy                              0x080003dd   Thumb Code   138  rt_memcpy_v6.o(.text)
    _memcpy_lastbytes                        0x08000443   Thumb Code     0  rt_memcpy_v6.o(.text)
    __aeabi_memclr4                          0x08000467   Thumb Code     0  rt_memclr_w.o(.text)
    __aeabi_memclr8                          0x08000467   Thumb Code     0  rt_memclr_w.o(.text)
    __rt_memclr_w                            0x08000467   Thumb Code    78  rt_memclr_w.o(.text)
    _memset_w                                0x0800046b   Thumb Code     0  rt_memclr_w.o(.text)
    __use_two_region_memory                  0x080004b5   Thumb Code     2  heapauxi.o(.text)
    __rt_heap_escrow$2region                 0x080004b7   Thumb Code     2  heapauxi.o(.text)
    __rt_heap_expand$2region                 0x080004b9   Thumb Code     2  heapauxi.o(.text)
    __aeabi_memcpy4                          0x080004bb   Thumb Code     0  rt_memcpy_w.o(.text)
    __aeabi_memcpy8                          0x080004bb   Thumb Code     0  rt_memcpy_w.o(.text)
    __rt_memcpy_w                            0x080004bb   Thumb Code   100  rt_memcpy_w.o(.text)
    _memcpy_lastbytes_aligned                0x08000503   Thumb Code     0  rt_memcpy_w.o(.text)
    __user_setup_stackheap                   0x0800051f   Thumb Code    74  sys_stackheap_outer.o(.text)
    exit                                     0x08000569   Thumb Code    18  exit.o(.text)
    __user_libspace                          0x0800057d   Thumb Code     8  libspace.o(.text)
    __user_perproc_libspace                  0x0800057d   Thumb Code     0  libspace.o(.text)
    __user_perthread_libspace                0x0800057d   Thumb Code     0  libspace.o(.text)
    _sys_exit                                0x08000585   Thumb Code     8  sys_exit.o(.text)
    __I$use$semihosting                      0x08000591   Thumb Code     0  use_no_semi.o(.text)
    __use_no_semihosting_swi                 0x08000591   Thumb Code     2  use_no_semi.o(.text)
    My_Systick_Config                        0x08000593   Thumb Code    62  systick.o(i.My_Systick_Config)
    __semihosting_library_function           0x08000593   Thumb Code     0  indicate_semi.o(.text)
    OSDebugInit                              0x080005d1   Thumb Code   118  os_dbg_r.o(i.OSDebugInit)
    OSEventNameSet                           0x0800072d   Thumb Code   120  os_core.o(i.OSEventNameSet)
    OSInit                                   0x080007a9   Thumb Code    56  os_core.o(i.OSInit)
    OSInitHookBegin                          0x080007e1   Thumb Code     2  os_cpu_c.o(i.OSInitHookBegin)
    OSInitHookEnd                            0x080007e3   Thumb Code     2  os_cpu_c.o(i.OSInitHookEnd)
    OSIntEnter                               0x080007e5   Thumb Code    34  os_core.o(i.OSIntEnter)
    OSIntExit                                0x08000811   Thumb Code   142  os_core.o(i.OSIntExit)
    OSSchedLock                              0x080008c1   Thumb Code    58  os_core.o(i.OSSchedLock)
    OSSchedUnlock                            0x08000909   Thumb Code    98  os_core.o(i.OSSchedUnlock)
    OSSemCreate                              0x08000979   Thumb Code    90  os_sem.o(i.OSSemCreate)
    OSSemPend                                0x080009e1   Thumb Code   320  os_sem.o(i.OSSemPend)
    OSStart                                  0x08000b2d   Thumb Code    48  os_core.o(i.OSStart)
    OSTCBInitHook                            0x08000b75   Thumb Code     2  os_cpu_c.o(i.OSTCBInitHook)
    OSTaskCreate                             0x08000b79   Thumb Code   258  os_task.o(i.OSTaskCreate)
    OSTaskCreateExt                          0x08000c89   Thumb Code   278  os_task.o(i.OSTaskCreateExt)
    OSTaskCreateHook                         0x08000dad   Thumb Code     2  os_cpu_c.o(i.OSTaskCreateHook)
    OSTaskDel                                0x08000db1   Thumb Code   350  os_task.o(i.OSTaskDel)
    OSTaskDelHook                            0x08000f3d   Thumb Code     2  os_cpu_c.o(i.OSTaskDelHook)
    OSTaskIdleHook                           0x08000f3f   Thumb Code     2  os_cpu_c.o(i.OSTaskIdleHook)
    OSTaskNameSet                            0x08000f41   Thumb Code   156  os_task.o(i.OSTaskNameSet)
    OSTaskStatHook                           0x08000fe9   Thumb Code     2  os_cpu_c.o(i.OSTaskStatHook)
    OSTaskStkChk                             0x08000fed   Thumb Code   166  os_task.o(i.OSTaskStkChk)
    OSTaskStkInit                            0x0800109d   Thumb Code   148  os_cpu_c.o(i.OSTaskStkInit)
    OSTaskSuspend                            0x08001131   Thumb Code   194  os_task.o(i.OSTaskSuspend)
    OSTimeDly                                0x08001205   Thumb Code   116  os_time.o(i.OSTimeDly)
    OSTimeGet                                0x0800128d   Thumb Code    32  os_time.o(i.OSTimeGet)
    OSTimeTick                               0x080012b1   Thumb Code   242  os_core.o(i.OSTimeTick)
    OSTimeTickHook                           0x080013bd   Thumb Code     2  os_cpu_c.o(i.OSTimeTickHook)
    OSTmr_Init                               0x080013c1   Thumb Code   168  os_tmr.o(i.OSTmr_Init)
    OS_Dummy                                 0x08001655   Thumb Code     2  os_core.o(i.OS_Dummy)
    OS_EventTaskRemove                       0x08001657   Thumb Code    46  os_core.o(i.OS_EventTaskRemove)
    OS_EventTaskRemoveMulti                  0x08001685   Thumb Code    58  os_core.o(i.OS_EventTaskRemoveMulti)
    OS_EventTaskWait                         0x080016c1   Thumb Code   122  os_core.o(i.OS_EventTaskWait)
    OS_EventWaitListInit                     0x08001749   Thumb Code    28  os_core.o(i.OS_EventWaitListInit)
    OS_FlagInit                              0x08001765   Thumb Code    74  os_flag.o(i.OS_FlagInit)
    OS_FlagUnlink                            0x080017bd   Thumb Code    36  os_flag.o(i.OS_FlagUnlink)
    OS_MemClr                                0x08001a01   Thumb Code    18  os_core.o(i.OS_MemClr)
    OS_MemInit                               0x08001a15   Thumb Code    74  os_mem.o(i.OS_MemInit)
    OS_QInit                                 0x08001a6d   Thumb Code    72  os_q.o(i.OS_QInit)
    OS_Sched                                 0x08001abd   Thumb Code    96  os_core.o(i.OS_Sched)
    OS_TCBInit                               0x08001b65   Thumb Code   330  os_core.o(i.OS_TCBInit)
    OS_TaskIdle                              0x08001ccd   Thumb Code    40  os_core.o(i.OS_TaskIdle)
    OS_TaskStat                              0x08001cf9   Thumb Code   212  os_core.o(i.OS_TaskStat)
    OS_TaskStatStkChk                        0x08001de1   Thumb Code    54  os_core.o(i.OS_TaskStatStkChk)
    OS_TaskStkClr                            0x08001e1d   Thumb Code    26  os_task.o(i.OS_TaskStkClr)
    SEGGER_RTT_AllocUpBuffer                 0x08001e39   Thumb Code   192  segger_rtt.o(i.SEGGER_RTT_AllocUpBuffer)
    SEGGER_RTT_ConfigDownBuffer              0x08001efd   Thumb Code   112  segger_rtt.o(i.SEGGER_RTT_ConfigDownBuffer)
    SEGGER_RTT_ReadNoLock                    0x08001f71   Thumb Code   164  segger_rtt.o(i.SEGGER_RTT_ReadNoLock)
    SEGGER_RTT_WriteSkipNoLock               0x08002019   Thumb Code   154  segger_rtt.o(i.SEGGER_RTT_WriteSkipNoLock)
    SEGGER_SYSVIEW_Conf                      0x080020b9   Thumb Code    24  segger_sysview_config_ucosii.o(i.SEGGER_SYSVIEW_Conf)
    SEGGER_SYSVIEW_GetSysDesc                0x080020dd   Thumb Code   180  segger_sysview.o(i.SEGGER_SYSVIEW_GetSysDesc)
    SEGGER_SYSVIEW_Init                      0x08002199   Thumb Code    80  segger_sysview.o(i.SEGGER_SYSVIEW_Init)
    SEGGER_SYSVIEW_NameResource              0x08002201   Thumb Code   104  segger_sysview.o(i.SEGGER_SYSVIEW_NameResource)
    SEGGER_SYSVIEW_OnIdle                    0x08002271   Thumb Code    48  segger_sysview.o(i.SEGGER_SYSVIEW_OnIdle)
    SEGGER_SYSVIEW_OnTaskCreate              0x080022a5   Thumb Code    90  segger_sysview.o(i.SEGGER_SYSVIEW_OnTaskCreate)
    SEGGER_SYSVIEW_OnTaskStartExec           0x08002309   Thumb Code    90  segger_sysview.o(i.SEGGER_SYSVIEW_OnTaskStartExec)
    SEGGER_SYSVIEW_OnTaskStartReady          0x0800236d   Thumb Code    90  segger_sysview.o(i.SEGGER_SYSVIEW_OnTaskStartReady)
    SEGGER_SYSVIEW_OnTaskStopReady           0x080023d1   Thumb Code   122  segger_sysview.o(i.SEGGER_SYSVIEW_OnTaskStopReady)
    SEGGER_SYSVIEW_RecordEndCallU32          0x08002455   Thumb Code   116  segger_sysview.o(i.SEGGER_SYSVIEW_RecordEndCallU32)
    SEGGER_SYSVIEW_RecordEnterISR            0x080024cd   Thumb Code    90  segger_sysview.o(i.SEGGER_SYSVIEW_RecordEnterISR)
    SEGGER_SYSVIEW_RecordExitISR             0x08002531   Thumb Code    48  segger_sysview.o(i.SEGGER_SYSVIEW_RecordExitISR)
    SEGGER_SYSVIEW_RecordExitISRToScheduler  0x08002565   Thumb Code    48  segger_sysview.o(i.SEGGER_SYSVIEW_RecordExitISRToScheduler)
    SEGGER_SYSVIEW_RecordSystime             0x08002599   Thumb Code    52  segger_sysview.o(i.SEGGER_SYSVIEW_RecordSystime)
    SEGGER_SYSVIEW_RecordU32                 0x080025d5   Thumb Code    88  segger_sysview.o(i.SEGGER_SYSVIEW_RecordU32)
    SEGGER_SYSVIEW_RecordU32x2               0x08002631   Thumb Code   118  segger_sysview.o(i.SEGGER_SYSVIEW_RecordU32x2)
    SEGGER_SYSVIEW_RecordVoid                0x080026ad   Thumb Code    50  segger_sysview.o(i.SEGGER_SYSVIEW_RecordVoid)
    SEGGER_SYSVIEW_SendModule                0x080026e5   Thumb Code   172  segger_sysview.o(i.SEGGER_SYSVIEW_SendModule)
    SEGGER_SYSVIEW_SendModuleDescription     0x08002799   Thumb Code    30  segger_sysview.o(i.SEGGER_SYSVIEW_SendModuleDescription)
    SEGGER_SYSVIEW_SendNumModules            0x080027bd   Thumb Code    80  segger_sysview.o(i.SEGGER_SYSVIEW_SendNumModules)
    SEGGER_SYSVIEW_SendSysDesc               0x08002815   Thumb Code    66  segger_sysview.o(i.SEGGER_SYSVIEW_SendSysDesc)
    SEGGER_SYSVIEW_SendTaskInfo              0x0800285d   Thumb Code   260  segger_sysview.o(i.SEGGER_SYSVIEW_SendTaskInfo)
    SEGGER_SYSVIEW_SendTaskList              0x08002969   Thumb Code    26  segger_sysview.o(i.SEGGER_SYSVIEW_SendTaskList)
    SEGGER_SYSVIEW_SetRAMBase                0x08002989   Thumb Code     6  segger_sysview.o(i.SEGGER_SYSVIEW_SetRAMBase)
    SEGGER_SYSVIEW_ShrinkId                  0x08002995   Thumb Code    10  segger_sysview.o(i.SEGGER_SYSVIEW_ShrinkId)
    SEGGER_SYSVIEW_Start                     0x080029a5   Thumb Code   240  segger_sysview.o(i.SEGGER_SYSVIEW_Start)
    SEGGER_SYSVIEW_Stop                      0x08002aa1   Thumb Code    60  segger_sysview.o(i.SEGGER_SYSVIEW_Stop)
    SEGGER_SYSVIEW_Warn                      0x08002ae5   Thumb Code   122  segger_sysview.o(i.SEGGER_SYSVIEW_Warn)
    SYSVIEW_AddTask                          0x08002b65   Thumb Code   146  segger_sysview_ucosii.o(i.SYSVIEW_AddTask)
    SYSVIEW_RecordU32Register                0x08002c09   Thumb Code   112  segger_sysview_ucosii.o(i.SYSVIEW_RecordU32Register)
    SYSVIEW_SendResourceList                 0x08002c85   Thumb Code    70  segger_sysview_ucosii.o(i.SYSVIEW_SendResourceList)
    SYSVIEW_SendTaskInfo                     0x08002cd5   Thumb Code    50  segger_sysview_ucosii.o(i.SYSVIEW_SendTaskInfo)
    SYSVIEW_TaskReady                        0x08002d09   Thumb Code    22  segger_sysview_ucosii.o(i.SYSVIEW_TaskReady)
    SYSVIEW_TaskSuspend                      0x08002d25   Thumb Code    24  segger_sysview_ucosii.o(i.SYSVIEW_TaskSuspend)
    SYSVIEW_TaskSwitchedIn                   0x08002d41   Thumb Code    28  segger_sysview_ucosii.o(i.SYSVIEW_TaskSwitchedIn)
    SYSVIEW_UpdateResource                   0x08002d61   Thumb Code    84  segger_sysview_ucosii.o(i.SYSVIEW_UpdateResource)
    SYSVIEW_UpdateTask                       0x08002dbd   Thumb Code   144  segger_sysview_ucosii.o(i.SYSVIEW_UpdateTask)
    first_task                               0x080032c9   Thumb Code    66  main.o(i.first_task)
    led_init                                 0x08003349   Thumb Code    76  led.o(i.led_init)
    led_off                                  0x0800339d   Thumb Code    12  led.o(i.led_off)
    led_on                                   0x080033ad   Thumb Code    14  led.o(i.led_on)
    main                                     0x080033c1   Thumb Code    44  main.o(i.main)
    my_SystemInit                            0x08003411   Thumb Code   168  clock_cfg.o(i.my_SystemInit)
    my__main                                 0x080034c9   Thumb Code    48  my_system.o(i.my__main)
    task_led_off                             0x0800350d   Thumb Code    24  main.o(i.task_led_off)
    task_led_on                              0x08003529   Thumb Code    24  main.o(i.task_led_on)
    _fp_init                                 0x08003545   Thumb Code    10  fpinit.o(x$fpl$fpinit)
    __fplib_config_fpu_vfp                   0x0800354d   Thumb Code     0  fpinit.o(x$fpl$fpinit)
    __fplib_config_pureend_doubles           0x0800354d   Thumb Code     0  fpinit.o(x$fpl$fpinit)
    OSUnMapTbl                               0x0800354e   Data         256  os_core.o(.constdata)
    OSDebugEn                                0x08003650   Data           2  os_dbg_r.o(.constdata)
    OSEndiannessTest                         0x08003654   Data           4  os_dbg_r.o(.constdata)
    OSEventEn                                0x08003658   Data           2  os_dbg_r.o(.constdata)
    OSEventMax                               0x0800365a   Data           2  os_dbg_r.o(.constdata)
    OSEventNameEn                            0x0800365c   Data           2  os_dbg_r.o(.constdata)
    OSEventSize                              0x0800365e   Data           2  os_dbg_r.o(.constdata)
    OSEventTblSize                           0x08003660   Data           2  os_dbg_r.o(.constdata)
    OSEventMultiEn                           0x08003662   Data           2  os_dbg_r.o(.constdata)
    OSFlagEn                                 0x08003664   Data           2  os_dbg_r.o(.constdata)
    OSFlagGrpSize                            0x08003666   Data           2  os_dbg_r.o(.constdata)
    OSFlagNodeSize                           0x08003668   Data           2  os_dbg_r.o(.constdata)
    OSFlagWidth                              0x0800366a   Data           2  os_dbg_r.o(.constdata)
    OSFlagMax                                0x0800366c   Data           2  os_dbg_r.o(.constdata)
    OSFlagNameEn                             0x0800366e   Data           2  os_dbg_r.o(.constdata)
    OSLowestPrio                             0x08003670   Data           2  os_dbg_r.o(.constdata)
    OSMboxEn                                 0x08003672   Data           2  os_dbg_r.o(.constdata)
    OSMemEn                                  0x08003674   Data           2  os_dbg_r.o(.constdata)
    OSMemMax                                 0x08003676   Data           2  os_dbg_r.o(.constdata)
    OSMemNameEn                              0x08003678   Data           2  os_dbg_r.o(.constdata)
    OSMemSize                                0x0800367a   Data           2  os_dbg_r.o(.constdata)
    OSMemTblSize                             0x0800367c   Data           2  os_dbg_r.o(.constdata)
    OSMutexEn                                0x0800367e   Data           2  os_dbg_r.o(.constdata)
    OSPtrSize                                0x08003680   Data           2  os_dbg_r.o(.constdata)
    OSQEn                                    0x08003682   Data           2  os_dbg_r.o(.constdata)
    OSQMax                                   0x08003684   Data           2  os_dbg_r.o(.constdata)
    OSQSize                                  0x08003686   Data           2  os_dbg_r.o(.constdata)
    OSRdyTblSize                             0x08003688   Data           2  os_dbg_r.o(.constdata)
    OSSemEn                                  0x0800368a   Data           2  os_dbg_r.o(.constdata)
    OSStkWidth                               0x0800368c   Data           2  os_dbg_r.o(.constdata)
    OSTaskCreateEn                           0x0800368e   Data           2  os_dbg_r.o(.constdata)
    OSTaskCreateExtEn                        0x08003690   Data           2  os_dbg_r.o(.constdata)
    OSTaskDelEn                              0x08003692   Data           2  os_dbg_r.o(.constdata)
    OSTaskIdleStkSize                        0x08003694   Data           2  os_dbg_r.o(.constdata)
    OSTaskProfileEn                          0x08003696   Data           2  os_dbg_r.o(.constdata)
    OSTaskMax                                0x08003698   Data           2  os_dbg_r.o(.constdata)
    OSTaskNameEn                             0x0800369a   Data           2  os_dbg_r.o(.constdata)
    OSTaskStatEn                             0x0800369c   Data           2  os_dbg_r.o(.constdata)
    OSTaskStatStkSize                        0x0800369e   Data           2  os_dbg_r.o(.constdata)
    OSTaskStatStkChkEn                       0x080036a0   Data           2  os_dbg_r.o(.constdata)
    OSTaskSwHookEn                           0x080036a2   Data           2  os_dbg_r.o(.constdata)
    OSTaskRegTblSize                         0x080036a4   Data           2  os_dbg_r.o(.constdata)
    OSTCBPrioTblMax                          0x080036a6   Data           2  os_dbg_r.o(.constdata)
    OSTCBSize                                0x080036a8   Data           2  os_dbg_r.o(.constdata)
    OSTicksPerSec                            0x080036aa   Data           2  os_dbg_r.o(.constdata)
    OSTimeTickHookEn                         0x080036ac   Data           2  os_dbg_r.o(.constdata)
    OSVersionNbr                             0x080036ae   Data           2  os_dbg_r.o(.constdata)
    OS_TLS_TblSize                           0x080036b0   Data           2  os_dbg_r.o(.constdata)
    OSTmrEn                                  0x080036b2   Data           2  os_dbg_r.o(.constdata)
    OSTmrCfgMax                              0x080036b4   Data           2  os_dbg_r.o(.constdata)
    OSTmrCfgNameEn                           0x080036b6   Data           2  os_dbg_r.o(.constdata)
    OSTmrCfgWheelSize                        0x080036b8   Data           2  os_dbg_r.o(.constdata)
    OSTmrCfgTicksPerSec                      0x080036ba   Data           2  os_dbg_r.o(.constdata)
    OSTmrSize                                0x080036bc   Data           2  os_dbg_r.o(.constdata)
    OSTmrTblSize                             0x080036be   Data           2  os_dbg_r.o(.constdata)
    OSTmrWheelSize                           0x080036c0   Data           2  os_dbg_r.o(.constdata)
    OSTmrWheelTblSize                        0x080036c2   Data           2  os_dbg_r.o(.constdata)
    OSDataSize                               0x080036c4   Data           2  os_dbg_r.o(.constdata)
    SYSVIEW_X_OS_TraceAPI                    0x080036c8   Data           8  segger_sysview_ucosii.o(.constdata)
    Region$$Table$$Base                      0x080037a0   Number         0  anon$$obj.o(Region$$Table)
    Load$$RW_IRAM1$$Base                     0x080037c0   Number         0  anon$$obj.o ABSOLUTE
    Region$$Table$$Limit                     0x080037c0   Number         0  anon$$obj.o(Region$$Table)
    Image$$RW_IRAM1$$Base                    0x20000000   Number         0  anon$$obj.o ABSOLUTE
    OSCtxSwCtr                               0x20000000   Data           4  os_core.o(.data)
    OSEventFreeList                          0x20000004   Data           4  os_core.o(.data)
    OSFlagFreeList                           0x20000008   Data           4  os_core.o(.data)
    OSCPUUsage                               0x2000000c   Data           1  os_core.o(.data)
    OSIdleCtrMax                             0x20000010   Data           4  os_core.o(.data)
    OSIdleCtrRun                             0x20000014   Data           4  os_core.o(.data)
    OSStatRdy                                0x20000018   Data           1  os_core.o(.data)
    OSIntNesting                             0x20000019   Data           1  os_core.o(.data)
    OSLockNesting                            0x2000001a   Data           1  os_core.o(.data)
    OSPrioCur                                0x2000001b   Data           1  os_core.o(.data)
    OSPrioHighRdy                            0x2000001c   Data           1  os_core.o(.data)
    OSRdyGrp                                 0x2000001d   Data           1  os_core.o(.data)
    OSRdyTbl                                 0x2000001e   Data           8  os_core.o(.data)
    OSRunning                                0x20000026   Data           1  os_core.o(.data)
    OSTaskCtr                                0x20000027   Data           1  os_core.o(.data)
    OSIdleCtr                                0x20000028   Data           4  os_core.o(.data)
    OSTCBCur                                 0x2000002c   Data           4  os_core.o(.data)
    OSTCBFreeList                            0x20000030   Data           4  os_core.o(.data)
    OSTCBHighRdy                             0x20000034   Data           4  os_core.o(.data)
    OSTCBList                                0x20000038   Data           4  os_core.o(.data)
    OSTickStepState                          0x2000003c   Data           1  os_core.o(.data)
    OSMemFreeList                            0x20000040   Data           4  os_core.o(.data)
    OSQFreeList                              0x20000044   Data           4  os_core.o(.data)
    OSTaskRegNextAvailID                     0x20000048   Data           1  os_core.o(.data)
    OSTime                                   0x2000004c   Data           4  os_core.o(.data)
    OSTmrFree                                0x20000050   Data           2  os_core.o(.data)
    OSTmrUsed                                0x20000052   Data           2  os_core.o(.data)
    OSTmrTime                                0x20000054   Data           4  os_core.o(.data)
    OSTmrSem                                 0x20000058   Data           4  os_core.o(.data)
    OSTmrSemSignal                           0x2000005c   Data           4  os_core.o(.data)
    OSTmrFreeList                            0x20000060   Data           4  os_core.o(.data)
    states                                   0x20000064   Data           4  main.o(.data)
    task1_cnt                                0x20000068   Data           4  main.o(.data)
    task2_cnt                                0x2000006c   Data           4  main.o(.data)
    SEGGER_SYSVIEW_TickCnt                   0x20000078   Data           4  segger_sysview.o(.data)
    SEGGER_SYSVIEW_InterruptId               0x2000007c   Data           4  segger_sysview.o(.data)
    Image$$RW_IRAM1$$ZI$$Base                0x20000090   Number         0  anon$$obj.o ABSOLUTE
    OSEventTbl                               0x20000090   Data         240  os_core.o(.bss)
    OSFlagTbl                                0x20000180   Data          80  os_core.o(.bss)
    OSTaskStatStk                            0x200001d0   Data         512  os_core.o(.bss)
    OSTaskIdleStk                            0x200003d0   Data         512  os_core.o(.bss)
    OSTCBPrioTbl                             0x200005d0   Data         256  os_core.o(.bss)
    OSTCBTbl                                 0x200006d0   Data        2024  os_core.o(.bss)
    OSMemTbl                                 0x20000eb8   Data         120  os_core.o(.bss)
    OSQTbl                                   0x20000f30   Data          96  os_core.o(.bss)
    OSTmrTbl                                 0x20000f90   Data         640  os_core.o(.bss)
    OSTmrTaskStk                             0x20001210   Data         512  os_core.o(.bss)
    OSTmrWheelTbl                            0x20001410   Data          56  os_core.o(.bss)
    MainTaskStk                              0x20001448   Data        8192  main.o(.bss)
    Task1Stk                                 0x20003448   Data        8192  main.o(.bss)
    Task2Stk                                 0x20005448   Data        8192  main.o(.bss)
    Task3Stk                                 0x20007448   Data        8192  main.o(.bss)
    _SEGGER_RTT                              0x20009cc8   Data         168  segger_rtt.o(.bss)
    __libspace_start                         0x2000b28c   Data          96  libspace.o(.bss)
    __temporary_stack_top$libspace           0x2000b2ec   Data           0  libspace.o(.bss)



==============================================================================

Memory Map of the image

  Image Entry point : 0x08000195

  Load Region LR_IROM1 (Base: 0x08000000, Size: 0x00003850, Max: 0x00080000, ABSOLUTE)

    Execution Region ER_IROM1 (Exec base: 0x08000000, Load base: 0x08000000, Size: 0x000037c0, Max: 0x00080000, ABSOLUTE)

    Exec Addr    Load Addr    Size         Type   Attr      Idx    E Section Name        Object

    0x08000000   0x08000000   0x00000194   Data   RO         1110    RESET               my_start.o
    0x08000194   0x08000194   0x00000008   Code   RO         2112  * !!!main             c_w.l(__main.o)
    0x0800019c   0x0800019c   0x00000034   Code   RO         2273    !!!scatter          c_w.l(__scatter.o)
    0x080001d0   0x080001d0   0x0000001a   Code   RO         2275    !!handler_copy      c_w.l(__scatter_copy.o)
    0x080001ea   0x080001ea   0x00000002   PAD
    0x080001ec   0x080001ec   0x0000001c   Code   RO         2277    !!handler_zi        c_w.l(__scatter_zi.o)
    0x08000208   0x08000208   0x00000002   Code   RO         2141    .ARM.Collect$$libinit$$00000000  c_w.l(libinit.o)
    0x0800020a   0x0800020a   0x00000004   Code   RO         2147    .ARM.Collect$$libinit$$00000001  c_w.l(libinit2.o)
    0x0800020e   0x0800020e   0x00000000   Code   RO         2150    .ARM.Collect$$libinit$$00000004  c_w.l(libinit2.o)
    0x0800020e   0x0800020e   0x00000000   Code   RO         2153    .ARM.Collect$$libinit$$0000000A  c_w.l(libinit2.o)
    0x0800020e   0x0800020e   0x00000000   Code   RO         2155    .ARM.Collect$$libinit$$0000000C  c_w.l(libinit2.o)
    0x0800020e   0x0800020e   0x00000000   Code   RO         2157    .ARM.Collect$$libinit$$0000000E  c_w.l(libinit2.o)
    0x0800020e   0x0800020e   0x00000000   Code   RO         2160    .ARM.Collect$$libinit$$00000011  c_w.l(libinit2.o)
    0x0800020e   0x0800020e   0x00000000   Code   RO         2162    .ARM.Collect$$libinit$$00000013  c_w.l(libinit2.o)
    0x0800020e   0x0800020e   0x00000000   Code   RO         2164    .ARM.Collect$$libinit$$00000015  c_w.l(libinit2.o)
    0x0800020e   0x0800020e   0x00000000   Code   RO         2166    .ARM.Collect$$libinit$$00000017  c_w.l(libinit2.o)
    0x0800020e   0x0800020e   0x00000000   Code   RO         2168    .ARM.Collect$$libinit$$00000019  c_w.l(libinit2.o)
    0x0800020e   0x0800020e   0x00000000   Code   RO         2170    .ARM.Collect$$libinit$$0000001B  c_w.l(libinit2.o)
    0x0800020e   0x0800020e   0x00000000   Code   RO         2172    .ARM.Collect$$libinit$$0000001D  c_w.l(libinit2.o)
    0x0800020e   0x0800020e   0x00000000   Code   RO         2174    .ARM.Collect$$libinit$$0000001F  c_w.l(libinit2.o)
    0x0800020e   0x0800020e   0x00000000   Code   RO         2176    .ARM.Collect$$libinit$$00000021  c_w.l(libinit2.o)
    0x0800020e   0x0800020e   0x00000000   Code   RO         2178    .ARM.Collect$$libinit$$00000023  c_w.l(libinit2.o)
    0x0800020e   0x0800020e   0x00000000   Code   RO         2180    .ARM.Collect$$libinit$$00000025  c_w.l(libinit2.o)
    0x0800020e   0x0800020e   0x00000000   Code   RO         2184    .ARM.Collect$$libinit$$0000002C  c_w.l(libinit2.o)
    0x0800020e   0x0800020e   0x00000000   Code   RO         2186    .ARM.Collect$$libinit$$0000002E  c_w.l(libinit2.o)
    0x0800020e   0x0800020e   0x00000000   Code   RO         2188    .ARM.Collect$$libinit$$00000030  c_w.l(libinit2.o)
    0x0800020e   0x0800020e   0x00000000   Code   RO         2190    .ARM.Collect$$libinit$$00000032  c_w.l(libinit2.o)
    0x0800020e   0x0800020e   0x00000002   Code   RO         2191    .ARM.Collect$$libinit$$00000033  c_w.l(libinit2.o)
    0x08000210   0x08000210   0x00000002   Code   RO         2211    .ARM.Collect$$libshutdown$$00000000  c_w.l(libshutdown.o)
    0x08000212   0x08000212   0x00000000   Code   RO         2224    .ARM.Collect$$libshutdown$$00000002  c_w.l(libshutdown2.o)
    0x08000212   0x08000212   0x00000000   Code   RO         2226    .ARM.Collect$$libshutdown$$00000004  c_w.l(libshutdown2.o)
    0x08000212   0x08000212   0x00000000   Code   RO         2228    .ARM.Collect$$libshutdown$$00000006  c_w.l(libshutdown2.o)
    0x08000212   0x08000212   0x00000000   Code   RO         2231    .ARM.Collect$$libshutdown$$00000009  c_w.l(libshutdown2.o)
    0x08000212   0x08000212   0x00000000   Code   RO         2234    .ARM.Collect$$libshutdown$$0000000C  c_w.l(libshutdown2.o)
    0x08000212   0x08000212   0x00000000   Code   RO         2236    .ARM.Collect$$libshutdown$$0000000E  c_w.l(libshutdown2.o)
    0x08000212   0x08000212   0x00000000   Code   RO         2239    .ARM.Collect$$libshutdown$$00000011  c_w.l(libshutdown2.o)
    0x08000212   0x08000212   0x00000002   Code   RO         2240    .ARM.Collect$$libshutdown$$00000012  c_w.l(libshutdown2.o)
    0x08000214   0x08000214   0x00000000   Code   RO         2114    .ARM.Collect$$rtentry$$00000000  c_w.l(__rtentry.o)
    0x08000214   0x08000214   0x00000000   Code   RO         2118    .ARM.Collect$$rtentry$$00000002  c_w.l(__rtentry2.o)
    0x08000214   0x08000214   0x00000006   Code   RO         2130    .ARM.Collect$$rtentry$$00000004  c_w.l(__rtentry4.o)
    0x0800021a   0x0800021a   0x00000000   Code   RO         2120    .ARM.Collect$$rtentry$$00000009  c_w.l(__rtentry2.o)
    0x0800021a   0x0800021a   0x00000004   Code   RO         2121    .ARM.Collect$$rtentry$$0000000A  c_w.l(__rtentry2.o)
    0x0800021e   0x0800021e   0x00000000   Code   RO         2123    .ARM.Collect$$rtentry$$0000000C  c_w.l(__rtentry2.o)
    0x0800021e   0x0800021e   0x00000008   Code   RO         2124    .ARM.Collect$$rtentry$$0000000D  c_w.l(__rtentry2.o)
    0x08000226   0x08000226   0x00000002   Code   RO         2145    .ARM.Collect$$rtexit$$00000000  c_w.l(rtexit.o)
    0x08000228   0x08000228   0x00000000   Code   RO         2193    .ARM.Collect$$rtexit$$00000002  c_w.l(rtexit2.o)
    0x08000228   0x08000228   0x00000004   Code   RO         2194    .ARM.Collect$$rtexit$$00000003  c_w.l(rtexit2.o)
    0x0800022c   0x0800022c   0x00000006   Code   RO         2195    .ARM.Collect$$rtexit$$00000004  c_w.l(rtexit2.o)
    0x08000232   0x08000232   0x00000002   PAD
    0x08000234   0x08000234   0x00000168   Code   RO          998    .text               os_cpu_a.o
    0x0800039c   0x0800039c   0x00000040   Code   RO         1111    .text               my_start.o
    0x080003dc   0x080003dc   0x0000008a   Code   RO         2106    .text               c_w.l(rt_memcpy_v6.o)
    0x08000466   0x08000466   0x0000004e   Code   RO         2108    .text               c_w.l(rt_memclr_w.o)
    0x080004b4   0x080004b4   0x00000006   Code   RO         2110    .text               c_w.l(heapauxi.o)
    0x080004ba   0x080004ba   0x00000064   Code   RO         2115    .text               c_w.l(rt_memcpy_w.o)
    0x0800051e   0x0800051e   0x0000004a   Code   RO         2132    .text               c_w.l(sys_stackheap_outer.o)
    0x08000568   0x08000568   0x00000012   Code   RO         2134    .text               c_w.l(exit.o)
    0x0800057a   0x0800057a   0x00000002   PAD
    0x0800057c   0x0800057c   0x00000008   Code   RO         2142    .text               c_w.l(libspace.o)
    0x08000584   0x08000584   0x0000000c   Code   RO         2203    .text               c_w.l(sys_exit.o)
    0x08000590   0x08000590   0x00000002   Code   RO         2214    .text               c_w.l(use_no_semi.o)
    0x08000592   0x08000592   0x00000000   Code   RO         2216    .text               c_w.l(indicate_semi.o)
    0x08000592   0x08000592   0x0000003e   Code   RO         1083    i.My_Systick_Config  systick.o
    0x080005d0   0x080005d0   0x0000015c   Code   RO          319    i.OSDebugInit       os_dbg_r.o
    0x0800072c   0x0800072c   0x0000007c   Code   RO          109    i.OSEventNameSet    os_core.o
    0x080007a8   0x080007a8   0x00000038   Code   RO          111    i.OSInit            os_core.o
    0x080007e0   0x080007e0   0x00000002   Code   RO          919    i.OSInitHookBegin   os_cpu_c.o
    0x080007e2   0x080007e2   0x00000002   Code   RO          920    i.OSInitHookEnd     os_cpu_c.o
    0x080007e4   0x080007e4   0x0000002c   Code   RO          112    i.OSIntEnter        os_core.o
    0x08000810   0x08000810   0x000000b0   Code   RO          113    i.OSIntExit         os_core.o
    0x080008c0   0x080008c0   0x00000048   Code   RO          114    i.OSSchedLock       os_core.o
    0x08000908   0x08000908   0x00000070   Code   RO          115    i.OSSchedUnlock     os_core.o
    0x08000978   0x08000978   0x00000068   Code   RO          638    i.OSSemCreate       os_sem.o
    0x080009e0   0x080009e0   0x0000014c   Code   RO          640    i.OSSemPend         os_sem.o
    0x08000b2c   0x08000b2c   0x00000048   Code   RO          116    i.OSStart           os_core.o
    0x08000b74   0x08000b74   0x00000002   Code   RO          921    i.OSTCBInitHook     os_cpu_c.o
    0x08000b76   0x08000b76   0x00000002   PAD
    0x08000b78   0x08000b78   0x00000110   Code   RO          692    i.OSTaskCreate      os_task.o
    0x08000c88   0x08000c88   0x00000124   Code   RO          693    i.OSTaskCreateExt   os_task.o
    0x08000dac   0x08000dac   0x00000002   Code   RO          922    i.OSTaskCreateHook  os_cpu_c.o
    0x08000dae   0x08000dae   0x00000002   PAD
    0x08000db0   0x08000db0   0x0000018c   Code   RO          694    i.OSTaskDel         os_task.o
    0x08000f3c   0x08000f3c   0x00000002   Code   RO          923    i.OSTaskDelHook     os_cpu_c.o
    0x08000f3e   0x08000f3e   0x00000002   Code   RO          924    i.OSTaskIdleHook    os_cpu_c.o
    0x08000f40   0x08000f40   0x000000a8   Code   RO          697    i.OSTaskNameSet     os_task.o
    0x08000fe8   0x08000fe8   0x00000002   Code   RO          926    i.OSTaskStatHook    os_cpu_c.o
    0x08000fea   0x08000fea   0x00000002   PAD
    0x08000fec   0x08000fec   0x000000b0   Code   RO          703    i.OSTaskStkChk      os_task.o
    0x0800109c   0x0800109c   0x00000094   Code   RO          927    i.OSTaskStkInit     os_cpu_c.o
    0x08001130   0x08001130   0x000000d4   Code   RO          704    i.OSTaskSuspend     os_task.o
    0x08001204   0x08001204   0x00000088   Code   RO          793    i.OSTimeDly         os_time.o
    0x0800128c   0x0800128c   0x00000024   Code   RO          796    i.OSTimeGet         os_time.o
    0x080012b0   0x080012b0   0x0000010c   Code   RO          118    i.OSTimeTick        os_core.o
    0x080013bc   0x080013bc   0x00000002   Code   RO          928    i.OSTimeTickHook    os_cpu_c.o
    0x080013be   0x080013be   0x00000002   PAD
    0x080013c0   0x080013c0   0x000000f4   Code   RO          839    i.OSTmr_Init        os_tmr.o
    0x080014b4   0x080014b4   0x00000050   Code   RO          840    i.OSTmr_InitTask    os_tmr.o
    0x08001504   0x08001504   0x00000074   Code   RO          841    i.OSTmr_Link        os_tmr.o
    0x08001578   0x08001578   0x00000094   Code   RO          842    i.OSTmr_Task        os_tmr.o
    0x0800160c   0x0800160c   0x00000048   Code   RO          843    i.OSTmr_Unlink      os_tmr.o
    0x08001654   0x08001654   0x00000002   Code   RO          120    i.OS_Dummy          os_core.o
    0x08001656   0x08001656   0x0000002e   Code   RO          122    i.OS_EventTaskRemove  os_core.o
    0x08001684   0x08001684   0x0000003a   Code   RO          123    i.OS_EventTaskRemoveMulti  os_core.o
    0x080016be   0x080016be   0x00000002   PAD
    0x080016c0   0x080016c0   0x00000088   Code   RO          124    i.OS_EventTaskWait  os_core.o
    0x08001748   0x08001748   0x0000001c   Code   RO          126    i.OS_EventWaitListInit  os_core.o
    0x08001764   0x08001764   0x00000058   Code   RO          344    i.OS_FlagInit       os_flag.o
    0x080017bc   0x080017bc   0x00000024   Code   RO          346    i.OS_FlagUnlink     os_flag.o
    0x080017e0   0x080017e0   0x00000060   Code   RO          127    i.OS_InitEventList  os_core.o
    0x08001840   0x08001840   0x0000005c   Code   RO          128    i.OS_InitMisc       os_core.o
    0x0800189c   0x0800189c   0x00000044   Code   RO          129    i.OS_InitRdyList    os_core.o
    0x080018e0   0x080018e0   0x00000080   Code   RO          130    i.OS_InitTCBList    os_core.o
    0x08001960   0x08001960   0x00000050   Code   RO          131    i.OS_InitTaskIdle   os_core.o
    0x080019b0   0x080019b0   0x00000050   Code   RO          132    i.OS_InitTaskStat   os_core.o
    0x08001a00   0x08001a00   0x00000012   Code   RO          133    i.OS_MemClr         os_core.o
    0x08001a12   0x08001a12   0x00000002   PAD
    0x08001a14   0x08001a14   0x00000058   Code   RO          476    i.OS_MemInit        os_mem.o
    0x08001a6c   0x08001a6c   0x00000050   Code   RO          575    i.OS_QInit          os_q.o
    0x08001abc   0x08001abc   0x0000007c   Code   RO          135    i.OS_Sched          os_core.o
    0x08001b38   0x08001b38   0x0000002c   Code   RO          136    i.OS_SchedNew       os_core.o
    0x08001b64   0x08001b64   0x00000168   Code   RO          138    i.OS_TCBInit        os_core.o
    0x08001ccc   0x08001ccc   0x0000002c   Code   RO          139    i.OS_TaskIdle       os_core.o
    0x08001cf8   0x08001cf8   0x000000e8   Code   RO          140    i.OS_TaskStat       os_core.o
    0x08001de0   0x08001de0   0x0000003c   Code   RO          141    i.OS_TaskStatStkChk  os_core.o
    0x08001e1c   0x08001e1c   0x0000001a   Code   RO          706    i.OS_TaskStkClr     os_task.o
    0x08001e36   0x08001e36   0x00000002   PAD
    0x08001e38   0x08001e38   0x000000c4   Code   RO         1310    i.SEGGER_RTT_AllocUpBuffer  segger_rtt.o
    0x08001efc   0x08001efc   0x00000074   Code   RO         1311    i.SEGGER_RTT_ConfigDownBuffer  segger_rtt.o
    0x08001f70   0x08001f70   0x000000a8   Code   RO         1324    i.SEGGER_RTT_ReadNoLock  segger_rtt.o
    0x08002018   0x08002018   0x000000a0   Code   RO         1338    i.SEGGER_RTT_WriteSkipNoLock  segger_rtt.o
    0x080020b8   0x080020b8   0x00000024   Code   RO         1200    i.SEGGER_SYSVIEW_Conf  segger_sysview_config_ucosii.o
    0x080020dc   0x080020dc   0x000000bc   Code   RO         1556    i.SEGGER_SYSVIEW_GetSysDesc  segger_sysview.o
    0x08002198   0x08002198   0x00000068   Code   RO         1561    i.SEGGER_SYSVIEW_Init  segger_sysview.o
    0x08002200   0x08002200   0x00000070   Code   RO         1567    i.SEGGER_SYSVIEW_NameResource  segger_sysview.o
    0x08002270   0x08002270   0x00000034   Code   RO         1568    i.SEGGER_SYSVIEW_OnIdle  segger_sysview.o
    0x080022a4   0x080022a4   0x00000064   Code   RO         1569    i.SEGGER_SYSVIEW_OnTaskCreate  segger_sysview.o
    0x08002308   0x08002308   0x00000064   Code   RO         1570    i.SEGGER_SYSVIEW_OnTaskStartExec  segger_sysview.o
    0x0800236c   0x0800236c   0x00000064   Code   RO         1571    i.SEGGER_SYSVIEW_OnTaskStartReady  segger_sysview.o
    0x080023d0   0x080023d0   0x00000084   Code   RO         1573    i.SEGGER_SYSVIEW_OnTaskStopReady  segger_sysview.o
    0x08002454   0x08002454   0x00000078   Code   RO         1581    i.SEGGER_SYSVIEW_RecordEndCallU32  segger_sysview.o
    0x080024cc   0x080024cc   0x00000064   Code   RO         1582    i.SEGGER_SYSVIEW_RecordEnterISR  segger_sysview.o
    0x08002530   0x08002530   0x00000034   Code   RO         1584    i.SEGGER_SYSVIEW_RecordExitISR  segger_sysview.o
    0x08002564   0x08002564   0x00000034   Code   RO         1585    i.SEGGER_SYSVIEW_RecordExitISRToScheduler  segger_sysview.o
    0x08002598   0x08002598   0x0000003c   Code   RO         1589    i.SEGGER_SYSVIEW_RecordSystime  segger_sysview.o
    0x080025d4   0x080025d4   0x0000005c   Code   RO         1590    i.SEGGER_SYSVIEW_RecordU32  segger_sysview.o
    0x08002630   0x08002630   0x0000007c   Code   RO         1592    i.SEGGER_SYSVIEW_RecordU32x2  segger_sysview.o
    0x080026ac   0x080026ac   0x00000038   Code   RO         1600    i.SEGGER_SYSVIEW_RecordVoid  segger_sysview.o
    0x080026e4   0x080026e4   0x000000b4   Code   RO         1602    i.SEGGER_SYSVIEW_SendModule  segger_sysview.o
    0x08002798   0x08002798   0x00000024   Code   RO         1603    i.SEGGER_SYSVIEW_SendModuleDescription  segger_sysview.o
    0x080027bc   0x080027bc   0x00000058   Code   RO         1604    i.SEGGER_SYSVIEW_SendNumModules  segger_sysview.o
    0x08002814   0x08002814   0x00000048   Code   RO         1606    i.SEGGER_SYSVIEW_SendSysDesc  segger_sysview.o
    0x0800285c   0x0800285c   0x0000010c   Code   RO         1607    i.SEGGER_SYSVIEW_SendTaskInfo  segger_sysview.o
    0x08002968   0x08002968   0x00000020   Code   RO         1608    i.SEGGER_SYSVIEW_SendTaskList  segger_sysview.o
    0x08002988   0x08002988   0x0000000c   Code   RO         1609    i.SEGGER_SYSVIEW_SetRAMBase  segger_sysview.o
    0x08002994   0x08002994   0x00000010   Code   RO         1610    i.SEGGER_SYSVIEW_ShrinkId  segger_sysview.o
    0x080029a4   0x080029a4   0x000000fc   Code   RO         1611    i.SEGGER_SYSVIEW_Start  segger_sysview.o
    0x08002aa0   0x08002aa0   0x00000044   Code   RO         1612    i.SEGGER_SYSVIEW_Stop  segger_sysview.o
    0x08002ae4   0x08002ae4   0x00000080   Code   RO         1621    i.SEGGER_SYSVIEW_Warn  segger_sysview.o
    0x08002b64   0x08002b64   0x000000a4   Code   RO         1218    i.SYSVIEW_AddTask   segger_sysview_ucosii.o
    0x08002c08   0x08002c08   0x0000007c   Code   RO         1219    i.SYSVIEW_RecordU32Register  segger_sysview_ucosii.o
    0x08002c84   0x08002c84   0x00000050   Code   RO         1222    i.SYSVIEW_SendResourceList  segger_sysview_ucosii.o
    0x08002cd4   0x08002cd4   0x00000032   Code   RO         1223    i.SYSVIEW_SendTaskInfo  segger_sysview_ucosii.o
    0x08002d06   0x08002d06   0x00000002   PAD
    0x08002d08   0x08002d08   0x0000001c   Code   RO         1224    i.SYSVIEW_TaskReady  segger_sysview_ucosii.o
    0x08002d24   0x08002d24   0x0000001c   Code   RO         1225    i.SYSVIEW_TaskSuspend  segger_sysview_ucosii.o
    0x08002d40   0x08002d40   0x00000020   Code   RO         1226    i.SYSVIEW_TaskSwitchedIn  segger_sysview_ucosii.o
    0x08002d60   0x08002d60   0x0000005c   Code   RO         1227    i.SYSVIEW_UpdateResource  segger_sysview_ucosii.o
    0x08002dbc   0x08002dbc   0x0000009c   Code   RO         1228    i.SYSVIEW_UpdateTask  segger_sysview_ucosii.o
    0x08002e58   0x08002e58   0x00000070   Code   RO         1341    i._DoInit           segger_rtt.o
    0x08002ec8   0x08002ec8   0x0000002c   Code   RO         1625    i._EncodeStr        segger_sysview.o
    0x08002ef4   0x08002ef4   0x000000a8   Code   RO         1626    i._HandleIncomingPacket  segger_sysview.o
    0x08002f9c   0x08002f9c   0x00000006   Code   RO         1627    i._PreparePacket    segger_sysview.o
    0x08002fa2   0x08002fa2   0x00000002   PAD
    0x08002fa4   0x08002fa4   0x000001e0   Code   RO         1630    i._SendPacket       segger_sysview.o
    0x08003184   0x08003184   0x00000088   Code   RO         1632    i._TrySendOverflowPacket  segger_sysview.o
    0x0800320c   0x0800320c   0x00000014   Code   RO         1229    i._cbGetTime        segger_sysview_ucosii.o
    0x08003220   0x08003220   0x00000054   Code   RO         1201    i._cbSendSystemDesc  segger_sysview_config_ucosii.o
    0x08003274   0x08003274   0x00000054   Code   RO         1230    i._cbSendTaskList   segger_sysview_ucosii.o
    0x080032c8   0x080032c8   0x00000080   Code   RO         1005    i.first_task        main.o
    0x08003348   0x08003348   0x00000054   Code   RO         1167    i.led_init          led.o
    0x0800339c   0x0800339c   0x00000010   Code   RO         1168    i.led_off           led.o
    0x080033ac   0x080033ac   0x00000014   Code   RO         1169    i.led_on            led.o
    0x080033c0   0x080033c0   0x00000050   Code   RO         1006    i.main              main.o
    0x08003410   0x08003410   0x000000b8   Code   RO         1118    i.my_SystemInit     clock_cfg.o
    0x080034c8   0x080034c8   0x00000044   Code   RO         1142    i.my__main          my_system.o
    0x0800350c   0x0800350c   0x0000001c   Code   RO         1007    i.task_led_off      main.o
    0x08003528   0x08003528   0x0000001c   Code   RO         1008    i.task_led_on       main.o
    0x08003544   0x08003544   0x0000000a   Code   RO         2201    x$fpl$fpinit        fz_wm.l(fpinit.o)
    0x0800354e   0x0800354e   0x00000100   Data   RO          143    .constdata          os_core.o
    0x0800364e   0x0800364e   0x00000002   PAD
    0x08003650   0x08003650   0x00000076   Data   RO          320    .constdata          os_dbg_r.o
    0x080036c6   0x080036c6   0x00000002   PAD
    0x080036c8   0x080036c8   0x00000008   Data   RO         1232    .constdata          segger_sysview_ucosii.o
    0x080036d0   0x080036d0   0x00000011   Data   RO         1347    .constdata          segger_rtt.o
    0x080036e1   0x080036e1   0x0000001a   Data   RO         1636    .constdata          segger_sysview.o
    0x080036fb   0x080036fb   0x00000001   PAD
    0x080036fc   0x080036fc   0x000000a4   Data   RO         1233    .conststring        segger_sysview_ucosii.o
    0x080037a0   0x080037a0   0x00000020   Data   RO         2271    Region$$Table       anon$$obj.o


    Execution Region RW_IRAM1 (Exec base: 0x20000000, Load base: 0x080037c0, Size: 0x0000b8f0, Max: 0x00018000, ABSOLUTE)

    Exec Addr    Load Addr    Size         Type   Attr      Idx    E Section Name        Object

    0x20000000   0x080037c0   0x00000064   Data   RW          144    .data               os_core.o
    0x20000064   0x08003824   0x0000000c   Data   RW         1010    .data               main.o
    0x20000070   0x08003830   0x00000008   Data   RW         1234    .data               segger_sysview_ucosii.o
    0x20000078   0x08003838   0x00000015   Data   RW         1637    .data               segger_sysview.o
    0x2000008d   0x0800384d   0x00000003   PAD
    0x20000090        -       0x000013b8   Zero   RW          142    .bss                os_core.o
    0x20001448        -       0x00008000   Zero   RW         1009    .bss                main.o
    0x20009448        -       0x00000880   Zero   RW         1231    .bss                segger_sysview_ucosii.o
    0x20009cc8        -       0x000004b8   Zero   RW         1346    .bss                segger_rtt.o
    0x2000a180        -       0x0000110b   Zero   RW         1635    .bss                segger_sysview.o
    0x2000b28b   0x0800384d   0x00000001   PAD
    0x2000b28c        -       0x00000060   Zero   RW         2143    .bss                c_w.l(libspace.o)
    0x2000b2ec   0x0800384d   0x00000004   PAD
    0x2000b2f0        -       0x00000200   Zero   RW         1109    HEAP                my_start.o
    0x2000b4f0        -       0x00000400   Zero   RW         1108    STACK               my_start.o


==============================================================================

Image component sizes


      Code (inc. data)   RO Data    RW Data    ZI Data      Debug   Object Name

         0          0          0          0          0      16588   app_hooks.o
       184         16          0          0          0        596   clock_cfg.o
       120         18          0          0          0       1342   led.o
       264        106          0         12      32768       6053   main.o
        64         26        404          0       1536        808   my_start.o
        68         20          0          0          0       1376   my_system.o
      2620        410        256        100       5048      25108   os_core.o
       360         34          0          0          0        384   os_cpu_a.o
       164          0          0          0          0       4852   os_cpu_c.o
       348        230        118          0          0       3469   os_dbg_r.o
       124         14          0          0          0       1246   os_flag.o
        88         14          0          0          0        561   os_mem.o
        80          8          0          0          0        587   os_q.o
       436         26          0          0          0       1898   os_sem.o
      1542        114          0          0          0       6696   os_task.o
       172         24          0          0          0       1212   os_time.o
       660        132          0          0          0       3521   os_tmr.o
       752         48         17          0       1208       9944   segger_rtt.o
      3530        238         26         21       4363      36405   segger_sysview.o
       120         76          0          0          0       1082   segger_sysview_config_ucosii.o
       858         82        172          8       2176       9037   segger_sysview_ucosii.o
        62          0          0          0          0        508   systick.o

    ----------------------------------------------------------------------
     12634       1636       1030        144      47100     133273   Object Totals
         0          0         32          0          0          0   (incl. Generated)
        18          0          5          3          1          0   (incl. Padding)

    ----------------------------------------------------------------------

      Code (inc. data)   RO Data    RW Data    ZI Data      Debug   Library Member Name

         8          0          0          0          0         68   __main.o
         0          0          0          0          0          0   __rtentry.o
        12          0          0          0          0          0   __rtentry2.o
         6          0          0          0          0          0   __rtentry4.o
        52          8          0          0          0          0   __scatter.o
        26          0          0          0          0          0   __scatter_copy.o
        28          0          0          0          0          0   __scatter_zi.o
        18          0          0          0          0         80   exit.o
         6          0          0          0          0        152   heapauxi.o
         0          0          0          0          0          0   indicate_semi.o
         2          0          0          0          0          0   libinit.o
         6          0          0          0          0          0   libinit2.o
         2          0          0          0          0          0   libshutdown.o
         2          0          0          0          0          0   libshutdown2.o
         8          4          0          0         96         68   libspace.o
        78          0          0          0          0         80   rt_memclr_w.o
       138          0          0          0          0         68   rt_memcpy_v6.o
       100          0          0          0          0         80   rt_memcpy_w.o
         2          0          0          0          0          0   rtexit.o
        10          0          0          0          0          0   rtexit2.o
        12          4          0          0          0         68   sys_exit.o
        74          0          0          0          0         80   sys_stackheap_outer.o
         2          0          0          0          0         68   use_no_semi.o
        10          0          0          0          0        116   fpinit.o

    ----------------------------------------------------------------------
       608         16          0          0        100        928   Library Totals
         6          0          0          0          4          0   (incl. Padding)

    ----------------------------------------------------------------------

      Code (inc. data)   RO Data    RW Data    ZI Data      Debug   Library Name

       592         16          0          0         96        812   c_w.l
        10          0          0          0          0        116   fz_wm.l

    ----------------------------------------------------------------------
       608         16          0          0        100        928   Library Totals

    ----------------------------------------------------------------------

==============================================================================


      Code (inc. data)   RO Data    RW Data    ZI Data      Debug   

     13242       1652       1030        144      47200     122889   Grand Totals
     13242       1652       1030        144      47200     122889   ELF Image Totals
     13242       1652       1030        144          0          0   ROM Totals

==============================================================================

    Total RO  Size (Code + RO Data)                14272 (  13.94kB)
    Total RW  Size (RW Data + ZI Data)             47344 (  46.23kB)
    Total ROM Size (Code + RO Data + RW Data)      14416 (  14.08kB)

==============================================================================

