Archive member included to satisfy reference by file (symbol)

/usr/lib/gcc/arm-none-eabi/13.2.0/../../../../arm-none-eabi/lib/thumb/v7e-m+fp/hard/libc_nano.a(libc_a-atexit.o)
                              /usr/lib/gcc/arm-none-eabi/13.2.0/../../../../arm-none-eabi/lib/thumb/v7e-m+fp/hard/crt0.o (atexit)
/usr/lib/gcc/arm-none-eabi/13.2.0/../../../../arm-none-eabi/lib/thumb/v7e-m+fp/hard/libc_nano.a(libc_a-exit.o)
                              /usr/lib/gcc/arm-none-eabi/13.2.0/../../../../arm-none-eabi/lib/thumb/v7e-m+fp/hard/crt0.o (exit)
/usr/lib/gcc/arm-none-eabi/13.2.0/../../../../arm-none-eabi/lib/thumb/v7e-m+fp/hard/libc_nano.a(libc_a-findfp.o)
                              /usr/lib/gcc/arm-none-eabi/13.2.0/../../../../arm-none-eabi/lib/thumb/v7e-m+fp/hard/libc_nano.a(libc_a-exit.o) (__stdio_exit_handler)
/usr/lib/gcc/arm-none-eabi/13.2.0/../../../../arm-none-eabi/lib/thumb/v7e-m+fp/hard/libc_nano.a(libc_a-fwalk.o)
                              /usr/lib/gcc/arm-none-eabi/13.2.0/../../../../arm-none-eabi/lib/thumb/v7e-m+fp/hard/libc_nano.a(libc_a-findfp.o) (_fwalk_sglue)
/usr/lib/gcc/arm-none-eabi/13.2.0/../../../../arm-none-eabi/lib/thumb/v7e-m+fp/hard/libc_nano.a(libc_a-stdio.o)
                              /usr/lib/gcc/arm-none-eabi/13.2.0/../../../../arm-none-eabi/lib/thumb/v7e-m+fp/hard/libc_nano.a(libc_a-findfp.o) (__sread)
/usr/lib/gcc/arm-none-eabi/13.2.0/../../../../arm-none-eabi/lib/thumb/v7e-m+fp/hard/libc_nano.a(libc_a-memset.o)
                              /usr/lib/gcc/arm-none-eabi/13.2.0/../../../../arm-none-eabi/lib/thumb/v7e-m+fp/hard/crt0.o (memset)
/usr/lib/gcc/arm-none-eabi/13.2.0/../../../../arm-none-eabi/lib/thumb/v7e-m+fp/hard/libc_nano.a(libc_a-closer.o)
                              /usr/lib/gcc/arm-none-eabi/13.2.0/../../../../arm-none-eabi/lib/thumb/v7e-m+fp/hard/libc_nano.a(libc_a-stdio.o) (_close_r)
/usr/lib/gcc/arm-none-eabi/13.2.0/../../../../arm-none-eabi/lib/thumb/v7e-m+fp/hard/libc_nano.a(libc_a-reent.o)
                              /usr/lib/gcc/arm-none-eabi/13.2.0/../../../../arm-none-eabi/lib/thumb/v7e-m+fp/hard/libc_nano.a(libc_a-closer.o) (errno)
/usr/lib/gcc/arm-none-eabi/13.2.0/../../../../arm-none-eabi/lib/thumb/v7e-m+fp/hard/libc_nano.a(libc_a-impure.o)
                              /usr/lib/gcc/arm-none-eabi/13.2.0/../../../../arm-none-eabi/lib/thumb/v7e-m+fp/hard/libc_nano.a(libc_a-reent.o) (_impure_ptr)
/usr/lib/gcc/arm-none-eabi/13.2.0/../../../../arm-none-eabi/lib/thumb/v7e-m+fp/hard/libc_nano.a(libc_a-lseekr.o)
                              /usr/lib/gcc/arm-none-eabi/13.2.0/../../../../arm-none-eabi/lib/thumb/v7e-m+fp/hard/libc_nano.a(libc_a-stdio.o) (_lseek_r)
/usr/lib/gcc/arm-none-eabi/13.2.0/../../../../arm-none-eabi/lib/thumb/v7e-m+fp/hard/libc_nano.a(libc_a-readr.o)
                              /usr/lib/gcc/arm-none-eabi/13.2.0/../../../../arm-none-eabi/lib/thumb/v7e-m+fp/hard/libc_nano.a(libc_a-stdio.o) (_read_r)
/usr/lib/gcc/arm-none-eabi/13.2.0/../../../../arm-none-eabi/lib/thumb/v7e-m+fp/hard/libc_nano.a(libc_a-writer.o)
                              /usr/lib/gcc/arm-none-eabi/13.2.0/../../../../arm-none-eabi/lib/thumb/v7e-m+fp/hard/libc_nano.a(libc_a-stdio.o) (_write_r)
/usr/lib/gcc/arm-none-eabi/13.2.0/../../../../arm-none-eabi/lib/thumb/v7e-m+fp/hard/libc_nano.a(libc_a-init.o)
                              /usr/lib/gcc/arm-none-eabi/13.2.0/../../../../arm-none-eabi/lib/thumb/v7e-m+fp/hard/crt0.o (__libc_init_array)
/usr/lib/gcc/arm-none-eabi/13.2.0/../../../../arm-none-eabi/lib/thumb/v7e-m+fp/hard/libc_nano.a(libc_a-fini.o)
                              /usr/lib/gcc/arm-none-eabi/13.2.0/../../../../arm-none-eabi/lib/thumb/v7e-m+fp/hard/crt0.o (__libc_fini_array)
/usr/lib/gcc/arm-none-eabi/13.2.0/../../../../arm-none-eabi/lib/thumb/v7e-m+fp/hard/libc_nano.a(libc_a-lock.o)
                              /usr/lib/gcc/arm-none-eabi/13.2.0/../../../../arm-none-eabi/lib/thumb/v7e-m+fp/hard/libc_nano.a(libc_a-findfp.o) (__retarget_lock_init_recursive)
/usr/lib/gcc/arm-none-eabi/13.2.0/../../../../arm-none-eabi/lib/thumb/v7e-m+fp/hard/libc_nano.a(libc_a-__atexit.o)
                              /usr/lib/gcc/arm-none-eabi/13.2.0/../../../../arm-none-eabi/lib/thumb/v7e-m+fp/hard/libc_nano.a(libc_a-atexit.o) (__register_exitproc)
/usr/lib/gcc/arm-none-eabi/13.2.0/../../../../arm-none-eabi/lib/thumb/v7e-m+fp/hard/libc_nano.a(libc_a-__call_atexit.o)
                              /usr/lib/gcc/arm-none-eabi/13.2.0/../../../../arm-none-eabi/lib/thumb/v7e-m+fp/hard/libc_nano.a(libc_a-__atexit.o) (__call_exitprocs)
/usr/lib/gcc/arm-none-eabi/13.2.0/../../../../arm-none-eabi/lib/thumb/v7e-m+fp/hard/libc_nano.a(libc_a-freer.o)
                              /usr/lib/gcc/arm-none-eabi/13.2.0/../../../../arm-none-eabi/lib/thumb/v7e-m+fp/hard/libc_nano.a(libc_a-reent.o) (_free_r)
/usr/lib/gcc/arm-none-eabi/13.2.0/../../../../arm-none-eabi/lib/thumb/v7e-m+fp/hard/libc_nano.a(libc_a-mallocr.o)
[...]
Memory Configuration

Name             Origin             Length             Attributes
RAM              0x20000000         0x00018000         xrw
FLASH            0x08000000         0x00080000         xr
*default*        0x00000000         0xffffffff

Linker script and memory map

LOAD /usr/lib/gcc/arm-none-eabi/13.2.0/thumb/v7e-m+fp/hard/crti.o
LOAD /usr/lib/gcc/arm-none-eabi/13.2.0/thumb/v7e-m+fp/hard/crtbegin.o
LOAD /usr/lib/gcc/arm-none-eabi/13.2.0/../../../../arm-none-eabi/lib/thumb/v7e-m+fp/hard/crt0.o
LOAD /usr/lib/gcc/arm-none-eabi/13.2.0/../../../../arm-none-eabi/lib/thumb/v7e-m+fp/hard/libc_nano.a
LOAD /usr/lib/gcc/arm-none-eabi/13.2.0/../../../../arm-none-eabi/lib/thumb/v7e-m+fp/hard/libm.a
LOAD CMakeFiles/freefly.elf.dir/System/FWLIB/Src/misc.c.obj
LOAD CMakeFiles/freefly.elf.dir/System/FWLIB/Src/stm32f4xx_adc.c.obj
LOAD CMakeFiles/freefly.elf.dir/System/FWLIB/Src/stm32f4xx_can.c.obj
LOAD CMakeFiles/freefly.elf.dir/System/FWLIB/Src/stm32f4xx_crc.c.obj
LOAD CMakeFiles/freefly.elf.dir/System/FWLIB/Src/stm32f4xx_cryp.c.obj
LOAD CMakeFiles/freefly.elf.dir/System/FWLIB/Src/stm32f4xx_cryp_aes.c.obj
LOAD CMakeFiles/freefly.elf.dir/System/FWLIB/Src/stm32f4xx_cryp_des.c.obj
LOAD CMakeFiles/freefly.elf.dir/System/FWLIB/Src/stm32f4xx_cryp_tdes.c.obj
LOAD CMakeFiles/freefly.elf.dir/System/FWLIB/Src/stm32f4xx_dac.c.obj
LOAD CMakeFiles/freefly.elf.dir/System/FWLIB/Src/stm32f4xx_dbgmcu.c.obj
LOAD CMakeFiles/freefly.elf.dir/System/FWLIB/Src/stm32f4xx_dcmi.c.obj
LOAD CMakeFiles/freefly.elf.dir/System/FWLIB/Src/stm32f4xx_dma.c.obj
LOAD CMakeFiles/freefly.elf.dir/System/FWLIB/Src/stm32f4xx_dma2d.c.obj
LOAD CMakeFiles/freefly.elf.dir/System/FWLIB/Src/stm32f4xx_exti.c.obj
LOAD CMakeFiles/freefly.elf.dir/System/FWLIB/Src/stm32f4xx_flash.c.obj
LOAD CMakeFiles/freefly.elf.dir/System/FWLIB/Src/stm32f4xx_flash_ramfunc.c.obj
LOAD CMakeFiles/freefly.elf.dir/System/FWLIB/Src/stm32f4xx_fsmc.c.obj
LOAD CMakeFiles/freefly.elf.dir/System/FWLIB/Src/stm32f4xx_gpio.c.obj
LOAD CMakeFiles/freefly.elf.dir/System/FWLIB/Src/stm32f4xx_hash.c.obj
LOAD CMakeFiles/freefly.elf.dir/System/FWLIB/Src/stm32f4xx_hash_md5.c.obj
LOAD CMakeFiles/freefly.elf.dir/System/FWLIB/Src/stm32f4xx_hash_sha1.c.obj
LOAD CMakeFiles/freefly.elf.dir/System/FWLIB/Src/stm32f4xx_i2c.c.obj
LOAD CMakeFiles/freefly.elf.dir/System/FWLIB/Src/stm32f4xx_iwdg.c.obj
LOAD CMakeFiles/freefly.elf.dir/System/FWLIB/Src/stm32f4xx_ltdc.c.obj
LOAD CMakeFiles/freefly.elf.dir/System/FWLIB/Src/stm32f4xx_pwr.c.obj
LOAD CMakeFiles/freefly.elf.dir/System/FWLIB/Src/stm32f4xx_rcc.c.obj
LOAD CMakeFiles/freefly.elf.dir/System/FWLIB/Src/stm32f4xx_rng.c.obj
LOAD CMakeFiles/freefly.elf.dir/System/FWLIB/Src/stm32f4xx_rtc.c.obj
LOAD CMakeFiles/freefly.elf.dir/System/FWLIB/Src/stm32f4xx_sai.c.obj
LOAD CMakeFiles/freefly.elf.dir/System/FWLIB/Src/stm32f4xx_sdio.c.obj
LOAD CMakeFiles/freefly.elf.dir/System/FWLIB/Src/stm32f4xx_spi.c.obj
LOAD CMakeFiles/freefly.elf.dir/System/FWLIB/Src/stm32f4xx_syscfg.c.obj
LOAD CMakeFiles/freefly.elf.dir/System/FWLIB/Src/stm32f4xx_tim.c.obj
LOAD CMakeFiles/freefly.elf.dir/System/FWLIB/Src/stm32f4xx_usart.c.obj
LOAD CMakeFiles/freefly.elf.dir/System/FWLIB/Src/stm32f4xx_wwdg.c.obj
LOAD CMakeFiles/freefly.elf.dir/Application/Hardware/Src/Bluetooth.c.obj
LOAD CMakeFiles/freefly.elf.dir/Application/Hardware/Src/GY86.c.obj
LOAD CMakeFiles/freefly.elf.dir/Application/Hardware/Src/Motor.c.obj
LOAD CMakeFiles/freefly.elf.dir/Application/Hardware/Src/MyDelay.c.obj
LOAD CMakeFiles/freefly.elf.dir/Application/Hardware/Src/MyI2C.c.obj
LOAD CMakeFiles/freefly.elf.dir/Application/Hardware/Src/Receiver.c.obj
LOAD CMakeFiles/freefly.elf.dir/Application/Hardware/Src/math.c.obj
LOAD CMakeFiles/freefly.elf.dir/Application/main.c.obj
LOAD CMakeFiles/freefly.elf.dir/System/CMSIS/Device/startup_stm32f401xe.s.obj
LOAD CMakeFiles/freefly.elf.dir/System/CMSIS/Device/system_stm32f4xx.c.obj
LOAD CMakeFiles/freefly.elf.dir/System/BSP/syscalls.c.obj
START GROUP
LOAD /usr/lib/gcc/arm-none-eabi/13.2.0/thumb/v7e-m+fp/hard/libgcc.a
LOAD /usr/lib/gcc/arm-none-eabi/13.2.0/../../../../arm-none-eabi/lib/thumb/v7e-m+fp/hard/libc_nano.a
END GROUP
START GROUP
LOAD /usr/lib/gcc/arm-none-eabi/13.2.0/thumb/v7e-m+fp/hard/libgcc.a
LOAD /usr/lib/gcc/arm-none-eabi/13.2.0/../../../../arm-none-eabi/lib/thumb/v7e-m+fp/hard/libc_nano.a
END GROUP
LOAD /usr/lib/gcc/arm-none-eabi/13.2.0/thumb/v7e-m+fp/hard/crtend.o
LOAD /usr/lib/gcc/arm-none-eabi/13.2.0/thumb/v7e-m+fp/hard/crtn.o
                0x20018000                        _estack = (ORIGIN (RAM) + LENGTH (RAM))
                0x00000200                        _Min_Heap_Size = 0x200
                0x00000400                        _Min_Stack_Size = 0x400

.isr_vector     0x08000000      0x194
                0x08000000                        . = ALIGN (0x4)
 *(.isr_vector)
 .isr_vector    0x08000000      0x194 CMakeFiles/freefly.elf.dir/System/CMSIS/Device/startup_stm32f401xe.s.obj
                0x08000000                g_pfnVectors
                0x08000194                        . = ALIGN (0x4)

.text           0x080001a0     0x2acc
                0x080001a0                        . = ALIGN (0x4)
 *(.text)
 .text          0x080001a0      0x378 /usr/lib/gcc/arm-none-eabi/13.2.0/thumb/v7e-m+fp/hard/libgcc.a(_arm_addsubdf3.o)
                0x080001a0                __aeabi_drsub
                0x080001a8                __aeabi_dsub
                0x080001a8                __subdf3
                0x080001ac                __adddf3
                0x080001ac                __aeabi_dadd
                0x08000424                __aeabi_ui2d
                0x08000424                __floatunsidf
                0x08000444                __floatsidf
                0x08000444                __aeabi_i2d
                0x08000468                __extendsfdf2
                0x08000468                __aeabi_f2d
                0x080004ac                __aeabi_ul2d
                0x080004ac                __floatundidf
                0x080004bc                __floatdidf
                0x080004bc                __aeabi_l2d
 .text          0x08000518      0x424 /usr/lib/gcc/arm-none-eabi/13.2.0/thumb/v7e-m+fp/hard/libgcc.a(_arm_muldivdf3.o)
                0x08000518                __aeabi_dmul
                0x08000518                __muldf3
                0x0800076c                __aeabi_ddiv
                0x0800076c                __divdf3
 .text          0x0800093c      0x110 /usr/lib/gcc/arm-none-eabi/13.2.0/thumb/v7e-m+fp/hard/libgcc.a(_arm_cmpdf2.o)
                0x0800093c                __gtdf2
                0x0800093c                __gedf2
                0x08000944                __ltdf2
                0x08000944                __ledf2
                0x0800094c                __cmpdf2
                0x0800094c                __eqdf2
                0x0800094c                __nedf2
                0x080009c8                __aeabi_cdrcmple
                0x080009d8                __aeabi_cdcmple
                0x080009d8                __aeabi_cdcmpeq
                0x080009e8                __aeabi_dcmpeq
                0x080009fc                __aeabi_dcmplt
                0x08000a10                __aeabi_dcmple
                0x08000a24                __aeabi_dcmpge
                0x08000a38                __aeabi_dcmpgt
 .text          0x08000a4c       0x50 /usr/lib/gcc/arm-none-eabi/13.2.0/thumb/v7e-m+fp/hard/libgcc.a(_arm_fixdfsi.o)
                0x08000a4c                __fixdfsi
                0x08000a4c                __aeabi_d2iz
 *fill*         0x08000a9c        0x4 
 .text          0x08000aa0       0xa0 /usr/lib/gcc/arm-none-eabi/13.2.0/../../../../arm-none-eabi/lib/thumb/v7e-m+fp/hard/libc_nano.a(libc_a-memchr.o)
                0x08000aa0                memchr
 *(.text*)
 .text.__do_global_dtors_aux
                0x08000b40       0x24 /usr/lib/gcc/arm-none-eabi/13.2.0/thumb/v7e-m+fp/hard/crtbegin.o
 .text.frame_dummy
                0x08000b64       0x1c /usr/lib/gcc/arm-none-eabi/13.2.0/thumb/v7e-m+fp/hard/crtbegin.o
 .text.__libc_init_array
                0x08000b80       0x48 /usr/lib/gcc/arm-none-eabi/13.2.0/../../../../arm-none-eabi/lib/thumb/v7e-m+fp/hard/libc_nano.a(libc_a-init.o)
                0x08000b80                __libc_init_array
 .text.__retarget_lock_acquire_recursive
                0x08000bc8        0x2 /usr/lib/gcc/arm-none-eabi/13.2.0/../../../../arm-none-eabi/lib/thumb/v7e-m+fp/hard/libc_nano.a(libc_a-lock.o)
                0x08000bc8                __retarget_lock_acquire_recursive
 .text.__retarget_lock_release_recursive
                0x08000bca        0x2 /usr/lib/gcc/arm-none-eabi/13.2.0/../../../../arm-none-eabi/lib/thumb/v7e-m+fp/hard/libc_nano.a(libc_a-lock.o)
                0x08000bca                __retarget_lock_release_recursive
 .text._free_r  0x08000bcc       0x94 /usr/lib/gcc/arm-none-eabi/13.2.0/../../../../arm-none-eabi/lib/thumb/v7e-m+fp/hard/libc_nano.a(libc_a-freer.o)
                0x08000bcc                _free_r
 .text.sbrk_aligned
                0x08000c60       0x44 /usr/lib/gcc/arm-none-eabi/13.2.0/../../../../arm-none-eabi/lib/thumb/v7e-m+fp/hard/libc_nano.a(libc_a-mallocr.o)
 .text._malloc_r
                0x08000ca4       0xf0 /usr/lib/gcc/arm-none-eabi/13.2.0/../../../../arm-none-eabi/lib/thumb/v7e-m+fp/hard/libc_nano.a(libc_a-mallocr.o)
                0x08000ca4                _malloc_r
 .text.__malloc_lock
                0x08000d94        0xc /usr/lib/gcc/arm-none-eabi/13.2.0/../../../../arm-none-eabi/lib/thumb/v7e-m+fp/hard/libc_nano.a(libc_a-mlock.o)
                0x08000d94                __malloc_lock
 .text.__malloc_unlock
                0x08000da0        0xc /usr/lib/gcc/arm-none-eabi/13.2.0/../../../../arm-none-eabi/lib/thumb/v7e-m+fp/hard/libc_nano.a(libc_a-mlock.o)
                0x08000da0                __malloc_unlock
 .text._sbrk_r  0x08000dac       0x20 /usr/lib/gcc/arm-none-eabi/13.2.0/../../../../arm-none-eabi/lib/thumb/v7e-m+fp/hard/libc_nano.a(libc_a-sbrkr.o)
                0x08000dac                _sbrk_r
 .text.NVIC_PriorityGroupConfig
                0x08000dcc       0x14 CMakeFiles/freefly.elf.dir/System/FWLIB/Src/misc.c.obj
                0x08000dcc                NVIC_PriorityGroupConfig
 .text.NVIC_Init
                0x08000de0       0x64 CMakeFiles/freefly.elf.dir/System/FWLIB/Src/misc.c.obj
                0x08000de0                NVIC_Init
 .text.GPIO_Init
                0x08000e44       0xa4 CMakeFiles/freefly.elf.dir/System/FWLIB/Src/stm32f4xx_gpio.c.obj
                0x08000e44                GPIO_Init
 .text.RCC_AHB1PeriphClockCmd
                0x08000ee8       0x1c CMakeFiles/freefly.elf.dir/System/FWLIB/Src/stm32f4xx_rcc.c.obj
                0x08000ee8                RCC_AHB1PeriphClockCmd
 .text.RCC_APB1PeriphClockCmd
                0x08000f04       0x1c CMakeFiles/freefly.elf.dir/System/FWLIB/Src/stm32f4xx_rcc.c.obj
                0x08000f04                RCC_APB1PeriphClockCmd
 .text.TIM_TimeBaseInit
                0x08000f20       0x7c CMakeFiles/freefly.elf.dir/System/FWLIB/Src/stm32f4xx_tim.c.obj
                0x08000f20                TIM_TimeBaseInit
 .text.TIM_Cmd  0x08000f9c       0x1c CMakeFiles/freefly.elf.dir/System/FWLIB/Src/stm32f4xx_tim.c.obj
                0x08000f9c                TIM_Cmd
 .text.TIM_OC1Init
                0x08000fb8       0x7c CMakeFiles/freefly.elf.dir/System/FWLIB/Src/stm32f4xx_tim.c.obj
                0x08000fb8                TIM_OC1Init
 .text.TIM_OC1PreloadConfig
                0x08001034        0xe CMakeFiles/freefly.elf.dir/System/FWLIB/Src/stm32f4xx_tim.c.obj
                0x08001034                TIM_OC1PreloadConfig
 .text.TIM_GetCapture1
                0x08001042        0x4 CMakeFiles/freefly.elf.dir/System/FWLIB/Src/stm32f4xx_tim.c.obj
                0x08001042                TIM_GetCapture1
 .text.TIM_ITConfig
                0x08001046       0x18 CMakeFiles/freefly.elf.dir/System/FWLIB/Src/stm32f4xx_tim.c.obj
                0x08001046                TIM_ITConfig
 .text.TIM_GetITStatus
                0x0800105e       0x18 CMakeFiles/freefly.elf.dir/System/FWLIB/Src/stm32f4xx_tim.c.obj
                0x0800105e                TIM_GetITStatus
 .text.TIM_ClearITPendingBit
                0x08001076        0x8 CMakeFiles/freefly.elf.dir/System/FWLIB/Src/stm32f4xx_tim.c.obj
                0x08001076                TIM_ClearITPendingBit
 .text.USART_GetFlagStatus
                0x0800107e        0xe CMakeFiles/freefly.elf.dir/System/FWLIB/Src/stm32f4xx_usart.c.obj
                0x0800107e                USART_GetFlagStatus
 .text.Bluetooth_GPIOInit
                0x0800108c       0x9c CMakeFiles/freefly.elf.dir/Application/Hardware/Src/Bluetooth.c.obj
                0x0800108c                Bluetooth_GPIOInit
 .text.Bluetooth_ConfigInit
                0x08001128       0x50 CMakeFiles/freefly.elf.dir/Application/Hardware/Src/Bluetooth.c.obj
                0x08001128                Bluetooth_ConfigInit
 .text.Bluetooth_SendByte
                0x08001178       0x18 CMakeFiles/freefly.elf.dir/Application/Hardware/Src/Bluetooth.c.obj
                0x08001178                Bluetooth_SendByte
 .text.Bluetooth_SendString
                0x08001190       0x18 CMakeFiles/freefly.elf.dir/Application/Hardware/Src/Bluetooth.c.obj
                0x08001190                Bluetooth_SendString
 .text.Bluetooth_SendSignedNum
                0x080011a8       0x30 CMakeFiles/freefly.elf.dir/Application/Hardware/Src/Bluetooth.c.obj
                0x080011a8                Bluetooth_SendSignedNum
 .text.BluetoothInit
                0x080011d8        0xc CMakeFiles/freefly.elf.dir/Application/Hardware/Src/Bluetooth.c.obj
                0x080011d8                BluetoothInit
 .text.MPU6050Init
                0x080011e4       0x36 CMakeFiles/freefly.elf.dir/Application/Hardware/Src/GY86.c.obj
                0x080011e4                MPU6050Init
 *fill*         0x0800121a        0x6 
 .text.GetMpuData
                0x08001220      0x144 CMakeFiles/freefly.elf.dir/Application/Hardware/Src/GY86.c.obj
                0x08001220                GetMpuData
 .text.GetAccMPU6050
                0x08001364       0x94 CMakeFiles/freefly.elf.dir/Application/Hardware/Src/GY86.c.obj
                0x08001364                GetAccMPU6050
 .text.AccCalibration
                0x080013f8      0x154 CMakeFiles/freefly.elf.dir/Application/Hardware/Src/GY86.c.obj
                0x080013f8                AccCalibration
 .text.Motor_Init
                0x0800154c       0x90 CMakeFiles/freefly.elf.dir/Application/Hardware/Src/Motor.c.obj
                0x0800154c                Motor_Init
 .text.Motor_SetDutyCycle
                0x080015dc        0xc CMakeFiles/freefly.elf.dir/Application/Hardware/Src/Motor.c.obj
                0x080015dc                Motor_SetDutyCycle
 .text.Delay_us
                0x080015e8       0x2a CMakeFiles/freefly.elf.dir/Application/Hardware/Src/MyDelay.c.obj
                0x080015e8                Delay_us
 .text.Delay_ms
                0x08001612       0x16 CMakeFiles/freefly.elf.dir/Application/Hardware/Src/MyDelay.c.obj
                0x08001612                Delay_ms
 .text.MyI2C_GPIOInit
                0x08001628       0x74 CMakeFiles/freefly.elf.dir/Application/Hardware/Src/MyI2C.c.obj
                0x08001628                MyI2C_GPIOInit
 .text.MyI2C_SetMasterMode
                0x0800169c       0x84 CMakeFiles/freefly.elf.dir/Application/Hardware/Src/MyI2C.c.obj
                0x0800169c                MyI2C_SetMasterMode
 .text.MyI2C_SetStart
                0x08001720       0x28 CMakeFiles/freefly.elf.dir/Application/Hardware/Src/MyI2C.c.obj
                0x08001720                MyI2C_SetStart
 .text.MyI2C_SetStop
                0x08001748       0x28 CMakeFiles/freefly.elf.dir/Application/Hardware/Src/MyI2C.c.obj
                0x08001748                MyI2C_SetStop
 .text.MyI2C_SetAck
                0x08001770       0x28 CMakeFiles/freefly.elf.dir/Application/Hardware/Src/MyI2C.c.obj
                0x08001770                MyI2C_SetAck
 .text.MyI2C_SendData
                0x08001798        0xc CMakeFiles/freefly.elf.dir/Application/Hardware/Src/MyI2C.c.obj
                0x08001798                MyI2C_SendData
 .text.MyI2C_ReceiveData
                0x080017a4        0xc CMakeFiles/freefly.elf.dir/Application/Hardware/Src/MyI2C.c.obj
                0x080017a4                MyI2C_ReceiveData
 .text.MyI2C_Send7bitAddress
                0x080017b0       0x18 CMakeFiles/freefly.elf.dir/Application/Hardware/Src/MyI2C.c.obj
                0x080017b0                MyI2C_Send7bitAddress
 .text.MyI2C_CheckBusy
                0x080017c8       0x18 CMakeFiles/freefly.elf.dir/Application/Hardware/Src/MyI2C.c.obj
                0x080017c8                MyI2C_CheckBusy
 .text.MyI2C_CheckMasterModeSelected
                0x080017e0       0x34 CMakeFiles/freefly.elf.dir/Application/Hardware/Src/MyI2C.c.obj
                0x080017e0                MyI2C_CheckMasterModeSelected
 .text.MyI2C_CheckMasterTransmitterModeSelected
                0x08001814       0x58 CMakeFiles/freefly.elf.dir/Application/Hardware/Src/MyI2C.c.obj
                0x08001814                MyI2C_CheckMasterTransmitterModeSelected
 .text.MyI2C_CheckMasterByteTransmitted
                0x0800186c       0x50 CMakeFiles/freefly.elf.dir/Application/Hardware/Src/MyI2C.c.obj
                0x0800186c                MyI2C_CheckMasterByteTransmitted
 .text.MyI2C_CheckMasterReceiverModeSelected
                0x080018bc       0x34 CMakeFiles/freefly.elf.dir/Application/Hardware/Src/MyI2C.c.obj
                0x080018bc                MyI2C_CheckMasterReceiverModeSelected
 .text.MyI2C_CheckRXNE
                0x080018f0       0x18 CMakeFiles/freefly.elf.dir/Application/Hardware/Src/MyI2C.c.obj
                0x080018f0                MyI2C_CheckRXNE
 .text.MyI2C_BurstReadRegister
                0x08001908       0x90 CMakeFiles/freefly.elf.dir/Application/Hardware/Src/MyI2C.c.obj
                0x08001908                MyI2C_BurstReadRegister
 .text.MyI2C_WriteRegister
                0x08001998       0x52 CMakeFiles/freefly.elf.dir/Application/Hardware/Src/MyI2C.c.obj
                0x08001998                MyI2C_WriteRegister
 *fill*         0x080019ea        0x2 
 .text.MyI2C_Init
                0x080019ec       0x24 CMakeFiles/freefly.elf.dir/Application/Hardware/Src/MyI2C.c.obj
                0x080019ec                MyI2C_Init
 .text.TIM1_init
                0x08001a10      0x18c CMakeFiles/freefly.elf.dir/Application/Hardware/Src/Receiver.c.obj
                0x08001a10                TIM1_init
 .text.Receiver_CalcDutyCycle
                0x08001b9c       0x2c CMakeFiles/freefly.elf.dir/Application/Hardware/Src/Receiver.c.obj
                0x08001b9c                Receiver_CalcDutyCycle
 .text.TIM1_CC_IRQHandler
                0x08001bc8       0x78 CMakeFiles/freefly.elf.dir/Application/Hardware/Src/Receiver.c.obj
                0x08001bc8                TIM1_CC_IRQHandler
 .text.GaussNewton_LM
                0x08001c40      0x650 CMakeFiles/freefly.elf.dir/Application/Hardware/Src/math.c.obj
                0x08001c40                GaussNewton_LM
 .text.main     0x08002290      0x158 CMakeFiles/freefly.elf.dir/Application/main.c.obj
                0x08002290                main
 .text.Reset_Handler
                0x080023e8       0x50 CMakeFiles/freefly.elf.dir/System/CMSIS/Device/startup_stm32f401xe.s.obj
                0x080023e8                Reset_Handler
 .text.Default_Handler
                0x08002438        0x2 CMakeFiles/freefly.elf.dir/System/CMSIS/Device/startup_stm32f401xe.s.obj
                0x08002438                RTC_Alarm_IRQHandler
                0x08002438                EXTI2_IRQHandler
                0x08002438                DebugMon_Handler
                0x08002438                SPI4_IRQHandler
                0x08002438                DMA2_Stream5_IRQHandler
                0x08002438                HardFault_Handler
                0x08002438                DMA1_Stream5_IRQHandler
                0x08002438                SysTick_Handler
                0x08002438                PVD_IRQHandler
                0x08002438                SDIO_IRQHandler
                0x08002438                TAMP_STAMP_IRQHandler
                0x08002438                PendSV_Handler
                0x08002438                NMI_Handler
                0x08002438                EXTI3_IRQHandler
                0x08002438                TIM1_UP_TIM10_IRQHandler
                0x08002438                I2C3_ER_IRQHandler
                0x08002438                EXTI0_IRQHandler
                0x08002438                I2C2_EV_IRQHandler
                0x08002438                DMA1_Stream2_IRQHandler
                0x08002438                FPU_IRQHandler
                0x08002438                UsageFault_Handler
                0x08002438                DMA2_Stream2_IRQHandler
                0x08002438                SPI1_IRQHandler
                0x08002438                TIM1_BRK_TIM9_IRQHandler
                0x08002438                DMA2_Stream3_IRQHandler
                0x08002438                USART6_IRQHandler
                0x08002438                DMA2_Stream0_IRQHandler
                0x08002438                TIM4_IRQHandler
                0x08002438                I2C1_EV_IRQHandler
                0x08002438                DMA1_Stream6_IRQHandler
                0x08002438                DMA1_Stream1_IRQHandler
                0x08002438                TIM3_IRQHandler
                0x08002438                RCC_IRQHandler
                0x08002438                Default_Handler
                0x08002438                EXTI15_10_IRQHandler
                0x08002438                ADC_IRQHandler
                0x08002438                DMA1_Stream7_IRQHandler
                0x08002438                TIM5_IRQHandler
                0x08002438                DMA2_Stream7_IRQHandler
                0x08002438                I2C3_EV_IRQHandler
                0x08002438                EXTI9_5_IRQHandler
                0x08002438                RTC_WKUP_IRQHandler
                0x08002438                SPI2_IRQHandler
                0x08002438                MemManage_Handler
                0x08002438                DMA1_Stream0_IRQHandler
                0x08002438                SVC_Handler
                0x08002438                EXTI4_IRQHandler
                0x08002438                WWDG_IRQHandler
                0x08002438                TIM2_IRQHandler
                0x08002438                OTG_FS_WKUP_IRQHandler
                0x08002438                TIM1_TRG_COM_TIM11_IRQHandler
                0x08002438                EXTI1_IRQHandler
                0x08002438                USART2_IRQHandler
                0x08002438                I2C2_ER_IRQHandler
                0x08002438                DMA2_Stream1_IRQHandler
                0x08002438                FLASH_IRQHandler
                0x08002438                DMA2_Stream4_IRQHandler
                0x08002438                BusFault_Handler
                0x08002438                USART1_IRQHandler
                0x08002438                OTG_FS_IRQHandler
                0x08002438                SPI3_IRQHandler
                0x08002438                DMA1_Stream4_IRQHandler
                0x08002438                I2C1_ER_IRQHandler
                0x08002438                DMA2_Stream6_IRQHandler
                0x08002438                DMA1_Stream3_IRQHandler
 *fill*         0x0800243a        0x2 
 .text.SetSysClock
                0x0800243c       0xc0 CMakeFiles/freefly.elf.dir/System/CMSIS/Device/system_stm32f4xx.c.obj
 .text.SystemInit
                0x080024fc       0x50 CMakeFiles/freefly.elf.dir/System/CMSIS/Device/system_stm32f4xx.c.obj
                0x080024fc                SystemInit
 .text._sbrk    0x0800254c       0x24 CMakeFiles/freefly.elf.dir/System/BSP/syscalls.c.obj
                0x0800254c                _sbrk
 .text.sprintf  0x08002570       0x40 /usr/lib/gcc/arm-none-eabi/13.2.0/../../../../arm-none-eabi/lib/thumb/v7e-m+fp/hard/libc_nano.a(libc_a-sprintf.o)
                0x08002570                sprintf
                0x08002570                siprintf
 .text.memcpy   0x080025b0       0x1c /usr/lib/gcc/arm-none-eabi/13.2.0/../../../../arm-none-eabi/lib/thumb/v7e-m+fp/hard/libc_nano.a(libc_a-memcpy-stub.o)
                0x080025b0                memcpy
 .text.__ssputs_r
                0x080025cc       0xb6 /usr/lib/gcc/arm-none-eabi/13.2.0/../../../../arm-none-eabi/lib/thumb/v7e-m+fp/hard/libc_nano.a(libc_a-nano-svfprintf.o)
                0x080025cc                __ssputs_r
 *fill*         0x08002682        0x2 
 .text._svfprintf_r
                0x08002684      0x1f8 /usr/lib/gcc/arm-none-eabi/13.2.0/../../../../arm-none-eabi/lib/thumb/v7e-m+fp/hard/libc_nano.a(libc_a-nano-svfprintf.o)
                0x08002684                _svfprintf_r
                0x08002684                _svfiprintf_r
 .text._printf_common
                0x0800287c       0xda /usr/lib/gcc/arm-none-eabi/13.2.0/../../../../arm-none-eabi/lib/thumb/v7e-m+fp/hard/libc_nano.a(libc_a-nano-vfprintf_i.o)
                0x0800287c                _printf_common
 *fill*         0x08002956        0x2 
 .text._printf_i
                0x08002958      0x25c /usr/lib/gcc/arm-none-eabi/13.2.0/../../../../arm-none-eabi/lib/thumb/v7e-m+fp/hard/libc_nano.a(libc_a-nano-vfprintf_i.o)
                0x08002958                _printf_i
 .text.memmove  0x08002bb4       0x34 /usr/lib/gcc/arm-none-eabi/13.2.0/../../../../arm-none-eabi/lib/thumb/v7e-m+fp/hard/libc_nano.a(libc_a-memmove.o)
                0x08002bb4                memmove
 .text._realloc_r
                0x08002be8       0x5c /usr/lib/gcc/arm-none-eabi/13.2.0/../../../../arm-none-eabi/lib/thumb/v7e-m+fp/hard/libc_nano.a(libc_a-reallocr.o)
                0x08002be8                _realloc_r
 .text._malloc_usable_size_r
                0x08002c44       0x10 /usr/lib/gcc/arm-none-eabi/13.2.0/../../../../arm-none-eabi/lib/thumb/v7e-m+fp/hard/libc_nano.a(libc_a-msizer.o)
                0x08002c44                _malloc_usable_size_r
 *(.glue_7)
 .glue_7        0x08002c54        0x0 linker stubs
 *(.glue_7t)
 .glue_7t       0x08002c54        0x0 linker stubs
 *(.eh_frame)
 .eh_frame      0x08002c54        0x0 /usr/lib/gcc/arm-none-eabi/13.2.0/thumb/v7e-m+fp/hard/crtbegin.o
 *(.init)
 .init          0x08002c54        0x4 /usr/lib/gcc/arm-none-eabi/13.2.0/thumb/v7e-m+fp/hard/crti.o
                0x08002c54                _init
 .init          0x08002c58        0x8 /usr/lib/gcc/arm-none-eabi/13.2.0/thumb/v7e-m+fp/hard/crtn.o
 *(.fini)
 .fini          0x08002c60        0x4 /usr/lib/gcc/arm-none-eabi/13.2.0/thumb/v7e-m+fp/hard/crti.o
                0x08002c60                _fini
 .fini          0x08002c64        0x8 /usr/lib/gcc/arm-none-eabi/13.2.0/thumb/v7e-m+fp/hard/crtn.o
                0x08002c6c                        . = ALIGN (0x4)
                0x08002c6c                        _etext = .

.vfp11_veneer   0x08002c6c        0x0
 .vfp11_veneer  0x08002c6c        0x0 linker stubs

.v4_bx          0x08002c6c        0x0
 .v4_bx         0x08002c6c        0x0 linker stubs

.iplt           0x08002c6c        0x0
 .iplt          0x08002c6c        0x0 /usr/lib/gcc/arm-none-eabi/13.2.0/thumb/v7e-m+fp/hard/crtbegin.o
                0x08003000                        . = ALIGN (CONSTANT (COMMONPAGESIZE))

.rodata         0x08002c70      0x1b8
                0x08002c70                        . = ALIGN (0x4)
 *(.rodata)
 .rodata        0x08002c70       0x3c CMakeFiles/freefly.elf.dir/Application/Hardware/Src/GY86.c.obj
 *fill*         0x08002cac        0x4 
 .rodata        0x08002cb0       0x90 CMakeFiles/freefly.elf.dir/Application/main.c.obj
 *(.rodata*)
 .rodata.Bluetooth_SendSignedNum.str1.4
                0x08002d40       0xb5 CMakeFiles/freefly.elf.dir/Application/Hardware/Src/Bluetooth.c.obj
                                  0x3 (size before relaxing)
 .rodata.AccCalibration.str1.4
                0x08002df5       0x5b CMakeFiles/freefly.elf.dir/Application/Hardware/Src/GY86.c.obj
 .rodata.main.str1.4
                0x08002df5       0x55 CMakeFiles/freefly.elf.dir/Application/main.c.obj
 .rodata._svfprintf_r.str1.1
                0x08002df5       0x33 /usr/lib/gcc/arm-none-eabi/13.2.0/../../../../arm-none-eabi/lib/thumb/v7e-m+fp/hard/libc_nano.a(libc_a-nano-svfprintf.o)
                                 0x11 (size before relaxing)
 .rodata._printf_i.str1.1
                0x08002e28       0x22 /usr/lib/gcc/arm-none-eabi/13.2.0/../../../../arm-none-eabi/lib/thumb/v7e-m+fp/hard/libc_nano.a(libc_a-nano-vfprintf_i.o)
                0x08002e50                        . = ALIGN (0x4)

.ARM.extab
 *(.ARM.extab* .gnu.linkonce.armextab.*)

.ARM            0x08002e28        0x8
                0x08002e28                        __exidx_start = .
 *(.ARM.exidx*)
 .ARM.exidx     0x08002e28        0x8 /usr/lib/gcc/arm-none-eabi/13.2.0/../../../../arm-none-eabi/lib/thumb/v7e-m+fp/hard/libc_nano.a(libc_a-memchr.o)
                0x08002e30                        __exidx_end = .

.rel.dyn        0x08002e30        0x0
 .rel.iplt      0x08002e30        0x0 /usr/lib/gcc/arm-none-eabi/13.2.0/thumb/v7e-m+fp/hard/crtbegin.o

.preinit_array  0x08002e30        0x0
                0x08002e30                        PROVIDE (__preinit_array_start = .)
 *(.preinit_array*)
                0x08002e30                        PROVIDE (__preinit_array_end = .)

.init_array     0x08002e30        0x4
                0x08002e30                        PROVIDE (__init_array_start = .)
 *(SORT_BY_NAME(.init_array.*))
 *(.init_array*)
 .init_array    0x08002e30        0x4 /usr/lib/gcc/arm-none-eabi/13.2.0/thumb/v7e-m+fp/hard/crtbegin.o
                0x08002e34                        PROVIDE (__init_array_end = .)

.fini_array     0x08002e34        0x4
                0x08002e34                        PROVIDE (__fini_array_start = .)
 *(SORT_BY_NAME(.fini_array.*))
 *(.fini_array*)
 .fini_array    0x08002e34        0x4 /usr/lib/gcc/arm-none-eabi/13.2.0/thumb/v7e-m+fp/hard/crtbegin.o
                0x08002e38                        PROVIDE (__fini_array_end = .)
                0x08002e38                        _sidata = LOADADDR (.data)

.data           0x20000000       0x50 load address 0x08002e38
                0x20000000                        . = ALIGN (0x4)
                0x20000000                        _sdata = .
 *(.data)
 *(.data*)
 .data._impure_ptr
                0x20000000        0x4 /usr/lib/gcc/arm-none-eabi/13.2.0/../../../../arm-none-eabi/lib/thumb/v7e-m+fp/hard/libc_nano.a(libc_a-impure.o)
                0x20000000                _impure_ptr
 .data._impure_data
                0x20000004       0x4c /usr/lib/gcc/arm-none-eabi/13.2.0/../../../../arm-none-eabi/lib/thumb/v7e-m+fp/hard/libc_nano.a(libc_a-impure.o)
                0x20000004                _impure_data
                0x20000050                        . = ALIGN (0x4)
                0x20000050                        _edata = .

.igot.plt       0x20000050        0x0 load address 0x08002e88
 .igot.plt      0x20000050        0x0 /usr/lib/gcc/arm-none-eabi/13.2.0/thumb/v7e-m+fp/hard/crtbegin.o
                0x20000050                        . = ALIGN (0x4)

.bss            0x20000050      0x614 load address 0x08002e88
                0x20000050                        _sbss = .
                0x20000050                        __bss_start__ = _sbss
 *(.bss)
 *(.bss*)
 .bss.completed.1
                0x20000050        0x1 /usr/lib/gcc/arm-none-eabi/13.2.0/thumb/v7e-m+fp/hard/crtbegin.o
 *fill*         0x20000051        0x3 
 .bss.object.0  0x20000054       0x18 /usr/lib/gcc/arm-none-eabi/13.2.0/thumb/v7e-m+fp/hard/crtbegin.o
 .bss.__sf      0x2000006c      0x138 /usr/lib/gcc/arm-none-eabi/13.2.0/../../../../arm-none-eabi/lib/thumb/v7e-m+fp/hard/libc_nano.a(libc_a-findfp.o)
                0x2000006c                __sf
 .bss.errno     0x200001a4        0x4 /usr/lib/gcc/arm-none-eabi/13.2.0/../../../../arm-none-eabi/lib/thumb/v7e-m+fp/hard/libc_nano.a(libc_a-reent.o)
                0x200001a4                errno
 .bss.__lock___malloc_recursive_mutex
                0x200001a8        0x1 /usr/lib/gcc/arm-none-eabi/13.2.0/../../../../arm-none-eabi/lib/thumb/v7e-m+fp/hard/libc_nano.a(libc_a-lock.o)
                0x200001a8                __lock___malloc_recursive_mutex
 *fill*         0x200001a9        0x3 
 .bss.__malloc_sbrk_start
                0x200001ac        0x4 /usr/lib/gcc/arm-none-eabi/13.2.0/../../../../arm-none-eabi/lib/thumb/v7e-m+fp/hard/libc_nano.a(libc_a-mallocr.o)
                0x200001ac                __malloc_sbrk_start
 .bss.__malloc_free_list
                0x200001b0        0x4 /usr/lib/gcc/arm-none-eabi/13.2.0/../../../../arm-none-eabi/lib/thumb/v7e-m+fp/hard/libc_nano.a(libc_a-mallocr.o)
                0x200001b0                __malloc_free_list
 .bss.TransmitData
                0x200001b4      0x3ed CMakeFiles/freefly.elf.dir/Application/Hardware/Src/Bluetooth.c.obj
                0x200001b4                TransmitData
 *fill*         0x200005a1        0x7 
 .bss.acc_scale
                0x200005a8       0x18 CMakeFiles/freefly.elf.dir/Application/Hardware/Src/GY86.c.obj
                0x200005a8                acc_scale
 .bss.acc_offset
                0x200005c0       0x18 CMakeFiles/freefly.elf.dir/Application/Hardware/Src/GY86.c.obj
                0x200005c0                acc_offset
 .bss.First     0x200005d8        0x4 CMakeFiles/freefly.elf.dir/Application/Hardware/Src/Receiver.c.obj
                0x200005d8                First
 .bss.ppm_cnt   0x200005dc        0x4 CMakeFiles/freefly.elf.dir/Application/Hardware/Src/Receiver.c.obj
                0x200005dc                ppm_cnt
 .bss.ppm_val   0x200005e0       0x28 CMakeFiles/freefly.elf.dir/Application/Hardware/Src/Receiver.c.obj
                0x200005e0                ppm_val
 .bss.DutyCycle
                0x20000608        0x4 CMakeFiles/freefly.elf.dir/Application/Hardware/Src/Receiver.c.obj
                0x20000608                DutyCycle
 .bss.times     0x2000060c        0x2 CMakeFiles/freefly.elf.dir/Application/main.c.obj
                0x2000060c                times
 *fill*         0x2000060e        0x2 
 .bss.MpuData   0x20000610       0x50 CMakeFiles/freefly.elf.dir/Application/main.c.obj
                0x20000610                MpuData
 .bss.heap_end.0
                0x20000660        0x4 CMakeFiles/freefly.elf.dir/System/BSP/syscalls.c.obj
 *(COMMON)
                0x20000664                        . = ALIGN (0x4)
                0x20000664                        _ebss = .
                0x20000664                        __bss_end__ = _ebss

._user_heap_stack
                0x20000664      0x604 load address 0x08002e88
                0x20000668                        . = ALIGN (0x8)
 *fill*         0x20000664        0x4 
                [!provide]                        PROVIDE (end = .)
                0x20000668                        PROVIDE (_end = .)
                0x20000868                        . = (. + _Min_Heap_Size)
 *fill*         0x20000668      0x200 
                0x20000c68                        . = (. + _Min_Stack_Size)
 *fill*         0x20000868      0x400 
                0x20000c68                        . = ALIGN (0x8)

/DISCARD/
 libc.a(*)
 libm.a(*)
 libgcc.a(*)

.ARM.attributes
                0x00000000       0x30
 *(.ARM.attributes)
 .ARM.attributes
                0x00000000       0x22 /usr/lib/gcc/arm-none-eabi/13.2.0/thumb/v7e-m+fp/hard/crti.o
 .ARM.attributes
                0x00000022       0x34 /usr/lib/gcc/arm-none-eabi/13.2.0/thumb/v7e-m+fp/hard/crtbegin.o
 .ARM.attributes
                0x00000056       0x34 /usr/lib/gcc/arm-none-eabi/13.2.0/../../../../arm-none-eabi/lib/thumb/v7e-m+fp/hard/libc_nano.a(libc_a-findfp.o)
 .ARM.attributes
                0x0000008a       0x34 /usr/lib/gcc/arm-none-eabi/13.2.0/../../../../arm-none-eabi/lib/thumb/v7e-m+fp/hard/libc_nano.a(libc_a-reent.o)
 .ARM.attributes
                0x000000be       0x34 /usr/lib/gcc/arm-none-eabi/13.2.0/../../../../arm-none-eabi/lib/thumb/v7e-m+fp/hard/libc_nano.a(libc_a-impure.o)
 .ARM.attributes
                0x000000f2       0x34 /usr/lib/gcc/arm-none-eabi/13.2.0/../../../../arm-none-eabi/lib/thumb/v7e-m+fp/hard/libc_nano.a(libc_a-init.o)
 .ARM.attributes
                0x00000126       0x34 /usr/lib/gcc/arm-none-eabi/13.2.0/../../../../arm-none-eabi/lib/thumb/v7e-m+fp/hard/libc_nano.a(libc_a-lock.o)
 .ARM.attributes
                0x0000015a       0x34 /usr/lib/gcc/arm-none-eabi/13.2.0/../../../../arm-none-eabi/lib/thumb/v7e-m+fp/hard/libc_nano.a(libc_a-freer.o)
 .ARM.attributes
                0x0000018e       0x34 /usr/lib/gcc/arm-none-eabi/13.2.0/../../../../arm-none-eabi/lib/thumb/v7e-m+fp/hard/libc_nano.a(libc_a-mallocr.o)
 .ARM.attributes
                0x000001c2       0x34 /usr/lib/gcc/arm-none-eabi/13.2.0/../../../../arm-none-eabi/lib/thumb/v7e-m+fp/hard/libc_nano.a(libc_a-mlock.o)
 .ARM.attributes
                0x000001f6       0x34 /usr/lib/gcc/arm-none-eabi/13.2.0/../../../../arm-none-eabi/lib/thumb/v7e-m+fp/hard/libc_nano.a(libc_a-sbrkr.o)
 .ARM.attributes
                0x0000022a       0x34 CMakeFiles/freefly.elf.dir/System/FWLIB/Src/misc.c.obj
 .ARM.attributes
                0x0000025e       0x34 CMakeFiles/freefly.elf.dir/System/FWLIB/Src/stm32f4xx_gpio.c.obj
 .ARM.attributes
                0x00000292       0x34 CMakeFiles/freefly.elf.dir/System/FWLIB/Src/stm32f4xx_rcc.c.obj
 .ARM.attributes
                0x000002c6       0x34 CMakeFiles/freefly.elf.dir/System/FWLIB/Src/stm32f4xx_tim.c.obj
 .ARM.attributes
                0x000002fa       0x34 CMakeFiles/freefly.elf.dir/System/FWLIB/Src/stm32f4xx_usart.c.obj
 .ARM.attributes
                0x0000032e       0x34 CMakeFiles/freefly.elf.dir/Application/Hardware/Src/Bluetooth.c.obj
 .ARM.attributes
                0x00000362       0x34 CMakeFiles/freefly.elf.dir/Application/Hardware/Src/GY86.c.obj
 .ARM.attributes
                0x00000396       0x34 CMakeFiles/freefly.elf.dir/Application/Hardware/Src/Motor.c.obj
 .ARM.attributes
                0x000003ca       0x34 CMakeFiles/freefly.elf.dir/Application/Hardware/Src/MyDelay.c.obj
 .ARM.attributes
                0x000003fe       0x34 CMakeFiles/freefly.elf.dir/Application/Hardware/Src/MyI2C.c.obj
 .ARM.attributes
                0x00000432       0x34 CMakeFiles/freefly.elf.dir/Application/Hardware/Src/Receiver.c.obj
 .ARM.attributes
                0x00000466       0x34 CMakeFiles/freefly.elf.dir/Application/Hardware/Src/math.c.obj
 .ARM.attributes
                0x0000049a       0x34 CMakeFiles/freefly.elf.dir/Application/main.c.obj
 .ARM.attributes
                0x000004ce       0x21 CMakeFiles/freefly.elf.dir/System/CMSIS/Device/startup_stm32f401xe.s.obj
 .ARM.attributes
                0x000004ef       0x34 CMakeFiles/freefly.elf.dir/System/CMSIS/Device/system_stm32f4xx.c.obj
 .ARM.attributes
                0x00000523       0x34 CMakeFiles/freefly.elf.dir/System/BSP/syscalls.c.obj
 .ARM.attributes
                0x00000557       0x22 /usr/lib/gcc/arm-none-eabi/13.2.0/thumb/v7e-m+fp/hard/libgcc.a(_arm_addsubdf3.o)
 .ARM.attributes
                0x00000579       0x22 /usr/lib/gcc/arm-none-eabi/13.2.0/thumb/v7e-m+fp/hard/libgcc.a(_arm_muldivdf3.o)
 .ARM.attributes
                0x0000059b       0x22 /usr/lib/gcc/arm-none-eabi/13.2.0/thumb/v7e-m+fp/hard/libgcc.a(_arm_cmpdf2.o)
 .ARM.attributes
                0x000005bd       0x22 /usr/lib/gcc/arm-none-eabi/13.2.0/thumb/v7e-m+fp/hard/libgcc.a(_arm_fixdfsi.o)
 .ARM.attributes
                0x000005df       0x34 /usr/lib/gcc/arm-none-eabi/13.2.0/../../../../arm-none-eabi/lib/thumb/v7e-m+fp/hard/libc_nano.a(libc_a-sprintf.o)
 .ARM.attributes
                0x00000613       0x34 /usr/lib/gcc/arm-none-eabi/13.2.0/../../../../arm-none-eabi/lib/thumb/v7e-m+fp/hard/libc_nano.a(libc_a-memcpy-stub.o)
 .ARM.attributes
                0x00000647       0x34 /usr/lib/gcc/arm-none-eabi/13.2.0/../../../../arm-none-eabi/lib/thumb/v7e-m+fp/hard/libc_nano.a(libc_a-nano-svfprintf.o)
 .ARM.attributes
                0x0000067b       0x34 /usr/lib/gcc/arm-none-eabi/13.2.0/../../../../arm-none-eabi/lib/thumb/v7e-m+fp/hard/libc_nano.a(libc_a-nano-vfprintf_i.o)
 .ARM.attributes
                0x000006af       0x34 /usr/lib/gcc/arm-none-eabi/13.2.0/../../../../arm-none-eabi/lib/thumb/v7e-m+fp/hard/libc_nano.a(libc_a-memmove.o)
 .ARM.attributes
                0x000006e3       0x1c /usr/lib/gcc/arm-none-eabi/13.2.0/../../../../arm-none-eabi/lib/thumb/v7e-m+fp/hard/libc_nano.a(libc_a-memchr.o)
 .ARM.attributes
                0x000006ff       0x34 /usr/lib/gcc/arm-none-eabi/13.2.0/../../../../arm-none-eabi/lib/thumb/v7e-m+fp/hard/libc_nano.a(libc_a-reallocr.o)
 .ARM.attributes
                0x00000733       0x34 /usr/lib/gcc/arm-none-eabi/13.2.0/../../../../arm-none-eabi/lib/thumb/v7e-m+fp/hard/libc_nano.a(libc_a-msizer.o)
 .ARM.attributes
                0x00000767       0x22 /usr/lib/gcc/arm-none-eabi/13.2.0/thumb/v7e-m+fp/hard/crtn.o
OUTPUT(freefly.elf elf32-littlearm)
LOAD linker stubs
LOAD /usr/lib/gcc/arm-none-eabi/13.2.0/../../../../arm-none-eabi/lib/thumb/v7e-m+fp/hard/libc.a
LOAD /usr/lib/gcc/arm-none-eabi/13.2.0/../../../../arm-none-eabi/lib/thumb/v7e-m+fp/hard/libm.a
LOAD /usr/lib/gcc/arm-none-eabi/13.2.0/thumb/v7e-m+fp/hard/libgcc.a

.debug_info     0x00000000    0x11bfe
 .debug_info    0x00000000      0xfa9 /usr/lib/gcc/arm-none-eabi/13.2.0/../../../../arm-none-eabi/lib/thumb/v7e-m+fp/hard/libc_nano.a(libc_a-findfp.o)
 .debug_info    0x00000fa9      0x855 /usr/lib/gcc/arm-none-eabi/13.2.0/../../../../arm-none-eabi/lib/thumb/v7e-m+fp/hard/libc_nano.a(libc_a-reent.o)
 .debug_info    0x000017fe      0x715 /usr/lib/gcc/arm-none-eabi/13.2.0/../../../../arm-none-eabi/lib/thumb/v7e-m+fp/hard/libc_nano.a(libc_a-impure.o)
 .debug_info    0x00001f13      0x10b /usr/lib/gcc/arm-none-eabi/13.2.0/../../../../arm-none-eabi/lib/thumb/v7e-m+fp/hard/libc_nano.a(libc_a-init.o)
 .debug_info    0x0000201e      0x20a /usr/lib/gcc/arm-none-eabi/13.2.0/../../../../arm-none-eabi/lib/thumb/v7e-m+fp/hard/libc_nano.a(libc_a-lock.o)
 .debug_info    0x00002228      0x84b /usr/lib/gcc/arm-none-eabi/13.2.0/../../../../arm-none-eabi/lib/thumb/v7e-m+fp/hard/libc_nano.a(libc_a-freer.o)
 .debug_info    0x00002a73      0x9b6 /usr/lib/gcc/arm-none-eabi/13.2.0/../../../../arm-none-eabi/lib/thumb/v7e-m+fp/hard/libc_nano.a(libc_a-mallocr.o)
 .debug_info    0x00003429      0x76b /usr/lib/gcc/arm-none-eabi/13.2.0/../../../../arm-none-eabi/lib/thumb/v7e-m+fp/hard/libc_nano.a(libc_a-mlock.o)
 .debug_info    0x00003b94      0x77c /usr/lib/gcc/arm-none-eabi/13.2.0/../../../../arm-none-eabi/lib/thumb/v7e-m+fp/hard/libc_nano.a(libc_a-sbrkr.o)
 .debug_info    0x00004310      0x516 CMakeFiles/freefly.elf.dir/System/FWLIB/Src/misc.c.obj
 .debug_info    0x00004826      0x86a CMakeFiles/freefly.elf.dir/System/FWLIB/Src/stm32f4xx_gpio.c.obj
 .debug_info    0x00005090      0xe87 CMakeFiles/freefly.elf.dir/System/FWLIB/Src/stm32f4xx_rcc.c.obj
 .debug_info    0x00005f17     0x22c8 CMakeFiles/freefly.elf.dir/System/FWLIB/Src/stm32f4xx_tim.c.obj
 .debug_info    0x000081df      0xbee CMakeFiles/freefly.elf.dir/System/FWLIB/Src/stm32f4xx_usart.c.obj
 .debug_info    0x00008dcd      0xe08 CMakeFiles/freefly.elf.dir/Application/Hardware/Src/Bluetooth.c.obj
 .debug_info    0x00009bd5      0x973 CMakeFiles/freefly.elf.dir/Application/Hardware/Src/GY86.c.obj
 .debug_info    0x0000a548      0x71d CMakeFiles/freefly.elf.dir/Application/Hardware/Src/Motor.c.obj
 .debug_info    0x0000ac65      0x170 CMakeFiles/freefly.elf.dir/Application/Hardware/Src/MyDelay.c.obj
 .debug_info    0x0000add5      0xda2 CMakeFiles/freefly.elf.dir/Application/Hardware/Src/MyI2C.c.obj
 .debug_info    0x0000bb77      0xdeb CMakeFiles/freefly.elf.dir/Application/Hardware/Src/Receiver.c.obj
 .debug_info    0x0000c962      0x5a1 CMakeFiles/freefly.elf.dir/Application/Hardware/Src/math.c.obj
 .debug_info    0x0000cf03      0x5e2 CMakeFiles/freefly.elf.dir/Application/main.c.obj
 .debug_info    0x0000d4e5       0x30 CMakeFiles/freefly.elf.dir/System/CMSIS/Device/startup_stm32f401xe.s.obj
 .debug_info    0x0000d515      0x62c CMakeFiles/freefly.elf.dir/System/CMSIS/Device/system_stm32f4xx.c.obj
 .debug_info    0x0000db41      0x4a2 CMakeFiles/freefly.elf.dir/System/BSP/syscalls.c.obj
 .debug_info    0x0000dfe3       0xd3 /usr/lib/gcc/arm-none-eabi/13.2.0/thumb/v7e-m+fp/hard/libgcc.a(_arm_addsubdf3.o)
 .debug_info    0x0000e0b6       0x57 /usr/lib/gcc/arm-none-eabi/13.2.0/thumb/v7e-m+fp/hard/libgcc.a(_arm_muldivdf3.o)
 .debug_info    0x0000e10d       0xdf /usr/lib/gcc/arm-none-eabi/13.2.0/thumb/v7e-m+fp/hard/libgcc.a(_arm_cmpdf2.o)
 .debug_info    0x0000e1ec       0x3c /usr/lib/gcc/arm-none-eabi/13.2.0/thumb/v7e-m+fp/hard/libgcc.a(_arm_fixdfsi.o)
 .debug_info    0x0000e228      0x87f /usr/lib/gcc/arm-none-eabi/13.2.0/../../../../arm-none-eabi/lib/thumb/v7e-m+fp/hard/libc_nano.a(libc_a-sprintf.o)
 .debug_info    0x0000eaa7      0x121 /usr/lib/gcc/arm-none-eabi/13.2.0/../../../../arm-none-eabi/lib/thumb/v7e-m+fp/hard/libc_nano.a(libc_a-memcpy-stub.o)
 .debug_info    0x0000ebc8     0x10c5 /usr/lib/gcc/arm-none-eabi/13.2.0/../../../../arm-none-eabi/lib/thumb/v7e-m+fp/hard/libc_nano.a(libc_a-nano-svfprintf.o)
 .debug_info    0x0000fc8d      0xde2 /usr/lib/gcc/arm-none-eabi/13.2.0/../../../../arm-none-eabi/lib/thumb/v7e-m+fp/hard/libc_nano.a(libc_a-nano-vfprintf_i.o)
 .debug_info    0x00010a6f      0x10f /usr/lib/gcc/arm-none-eabi/13.2.0/../../../../arm-none-eabi/lib/thumb/v7e-m+fp/hard/libc_nano.a(libc_a-memmove.o)
 .debug_info    0x00010b7e       0x25 /usr/lib/gcc/arm-none-eabi/13.2.0/../../../../arm-none-eabi/lib/thumb/v7e-m+fp/hard/libc_nano.a(libc_a-memchr.o)
 .debug_info    0x00010ba3      0x8c7 /usr/lib/gcc/arm-none-eabi/13.2.0/../../../../arm-none-eabi/lib/thumb/v7e-m+fp/hard/libc_nano.a(libc_a-reallocr.o)
 .debug_info    0x0001146a      0x794 /usr/lib/gcc/arm-none-eabi/13.2.0/../../../../arm-none-eabi/lib/thumb/v7e-m+fp/hard/libc_nano.a(libc_a-msizer.o)

.debug_abbrev   0x00000000     0x3a43
 .debug_abbrev  0x00000000      0x424 /usr/lib/gcc/arm-none-eabi/13.2.0/../../../../arm-none-eabi/lib/thumb/v7e-m+fp/hard/libc_nano.a(libc_a-findfp.o)
 .debug_abbrev  0x00000424      0x1ed /usr/lib/gcc/arm-none-eabi/13.2.0/../../../../arm-none-eabi/lib/thumb/v7e-m+fp/hard/libc_nano.a(libc_a-reent.o)
 .debug_abbrev  0x00000611      0x149 /usr/lib/gcc/arm-none-eabi/13.2.0/../../../../arm-none-eabi/lib/thumb/v7e-m+fp/hard/libc_nano.a(libc_a-impure.o)
 .debug_abbrev  0x0000075a       0xc9 /usr/lib/gcc/arm-none-eabi/13.2.0/../../../../arm-none-eabi/lib/thumb/v7e-m+fp/hard/libc_nano.a(libc_a-init.o)
 .debug_abbrev  0x00000823      0x115 /usr/lib/gcc/arm-none-eabi/13.2.0/../../../../arm-none-eabi/lib/thumb/v7e-m+fp/hard/libc_nano.a(libc_a-lock.o)
 .debug_abbrev  0x00000938      0x236 /usr/lib/gcc/arm-none-eabi/13.2.0/../../../../arm-none-eabi/lib/thumb/v7e-m+fp/hard/libc_nano.a(libc_a-freer.o)
 .debug_abbrev  0x00000b6e      0x24a /usr/lib/gcc/arm-none-eabi/13.2.0/../../../../arm-none-eabi/lib/thumb/v7e-m+fp/hard/libc_nano.a(libc_a-mallocr.o)
 .debug_abbrev  0x00000db8      0x1bf /usr/lib/gcc/arm-none-eabi/13.2.0/../../../../arm-none-eabi/lib/thumb/v7e-m+fp/hard/libc_nano.a(libc_a-mlock.o)
 .debug_abbrev  0x00000f77      0x1da /usr/lib/gcc/arm-none-eabi/13.2.0/../../../../arm-none-eabi/lib/thumb/v7e-m+fp/hard/libc_nano.a(libc_a-sbrkr.o)
 .debug_abbrev  0x00001151      0x195 CMakeFiles/freefly.elf.dir/System/FWLIB/Src/misc.c.obj
 .debug_abbrev  0x000012e6      0x239 CMakeFiles/freefly.elf.dir/System/FWLIB/Src/stm32f4xx_gpio.c.obj
 .debug_abbrev  0x0000151f      0x209 CMakeFiles/freefly.elf.dir/System/FWLIB/Src/stm32f4xx_rcc.c.obj
 .debug_abbrev  0x00001728      0x1f2 CMakeFiles/freefly.elf.dir/System/FWLIB/Src/stm32f4xx_tim.c.obj
 .debug_abbrev  0x0000191a      0x1fa CMakeFiles/freefly.elf.dir/System/FWLIB/Src/stm32f4xx_usart.c.obj
 .debug_abbrev  0x00001b14      0x306 CMakeFiles/freefly.elf.dir/Application/Hardware/Src/Bluetooth.c.obj
 .debug_abbrev  0x00001e1a      0x1e1 CMakeFiles/freefly.elf.dir/Application/Hardware/Src/GY86.c.obj
 .debug_abbrev  0x00001ffb      0x185 CMakeFiles/freefly.elf.dir/Application/Hardware/Src/Motor.c.obj
 .debug_abbrev  0x00002180       0xe6 CMakeFiles/freefly.elf.dir/Application/Hardware/Src/MyDelay.c.obj
 .debug_abbrev  0x00002266      0x226 CMakeFiles/freefly.elf.dir/Application/Hardware/Src/MyI2C.c.obj
 .debug_abbrev  0x0000248c      0x28b CMakeFiles/freefly.elf.dir/Application/Hardware/Src/Receiver.c.obj
 .debug_abbrev  0x00002717      0x126 CMakeFiles/freefly.elf.dir/Application/Hardware/Src/math.c.obj
 .debug_abbrev  0x0000283d      0x191 CMakeFiles/freefly.elf.dir/Application/main.c.obj
 .debug_abbrev  0x000029ce       0x24 CMakeFiles/freefly.elf.dir/System/CMSIS/Device/startup_stm32f401xe.s.obj
 .debug_abbrev  0x000029f2      0x18a CMakeFiles/freefly.elf.dir/System/CMSIS/Device/system_stm32f4xx.c.obj
 .debug_abbrev  0x00002b7c      0x131 CMakeFiles/freefly.elf.dir/System/BSP/syscalls.c.obj
 .debug_abbrev  0x00002cad       0x28 /usr/lib/gcc/arm-none-eabi/13.2.0/thumb/v7e-m+fp/hard/libgcc.a(_arm_addsubdf3.o)
 .debug_abbrev  0x00002cd5       0x28 /usr/lib/gcc/arm-none-eabi/13.2.0/thumb/v7e-m+fp/hard/libgcc.a(_arm_muldivdf3.o)
 .debug_abbrev  0x00002cfd       0x28 /usr/lib/gcc/arm-none-eabi/13.2.0/thumb/v7e-m+fp/hard/libgcc.a(_arm_cmpdf2.o)
 .debug_abbrev  0x00002d25       0x28 /usr/lib/gcc/arm-none-eabi/13.2.0/thumb/v7e-m+fp/hard/libgcc.a(_arm_fixdfsi.o)
 .debug_abbrev  0x00002d4d      0x21c /usr/lib/gcc/arm-none-eabi/13.2.0/../../../../arm-none-eabi/lib/thumb/v7e-m+fp/hard/libc_nano.a(libc_a-sprintf.o)
 .debug_abbrev  0x00002f69       0xc1 /usr/lib/gcc/arm-none-eabi/13.2.0/../../../../arm-none-eabi/lib/thumb/v7e-m+fp/hard/libc_nano.a(libc_a-memcpy-stub.o)
 .debug_abbrev  0x0000302a      0x31e /usr/lib/gcc/arm-none-eabi/13.2.0/../../../../arm-none-eabi/lib/thumb/v7e-m+fp/hard/libc_nano.a(libc_a-nano-svfprintf.o)
 .debug_abbrev  0x00003348      0x28e /usr/lib/gcc/arm-none-eabi/13.2.0/../../../../arm-none-eabi/lib/thumb/v7e-m+fp/hard/libc_nano.a(libc_a-nano-vfprintf_i.o)
 .debug_abbrev  0x000035d6       0xac /usr/lib/gcc/arm-none-eabi/13.2.0/../../../../arm-none-eabi/lib/thumb/v7e-m+fp/hard/libc_nano.a(libc_a-memmove.o)
 .debug_abbrev  0x00003682       0x14 /usr/lib/gcc/arm-none-eabi/13.2.0/../../../../arm-none-eabi/lib/thumb/v7e-m+fp/hard/libc_nano.a(libc_a-memchr.o)
 .debug_abbrev  0x00003696      0x217 /usr/lib/gcc/arm-none-eabi/13.2.0/../../../../arm-none-eabi/lib/thumb/v7e-m+fp/hard/libc_nano.a(libc_a-reallocr.o)
 .debug_abbrev  0x000038ad      0x196 /usr/lib/gcc/arm-none-eabi/13.2.0/../../../../arm-none-eabi/lib/thumb/v7e-m+fp/hard/libc_nano.a(libc_a-msizer.o)

.debug_loclists
                0x00000000     0x3ef4
 .debug_loclists
                0x00000000      0x252 /usr/lib/gcc/arm-none-eabi/13.2.0/../../../../arm-none-eabi/lib/thumb/v7e-m+fp/hard/libc_nano.a(libc_a-findfp.o)
 .debug_loclists
                0x00000252       0x72 /usr/lib/gcc/arm-none-eabi/13.2.0/../../../../arm-none-eabi/lib/thumb/v7e-m+fp/hard/libc_nano.a(libc_a-reent.o)
 .debug_loclists
                0x000002c4       0x44 /usr/lib/gcc/arm-none-eabi/13.2.0/../../../../arm-none-eabi/lib/thumb/v7e-m+fp/hard/libc_nano.a(libc_a-init.o)
 .debug_loclists
                0x00000308       0x23 /usr/lib/gcc/arm-none-eabi/13.2.0/../../../../arm-none-eabi/lib/thumb/v7e-m+fp/hard/libc_nano.a(libc_a-lock.o)
 .debug_loclists
                0x0000032b       0xd4 /usr/lib/gcc/arm-none-eabi/13.2.0/../../../../arm-none-eabi/lib/thumb/v7e-m+fp/hard/libc_nano.a(libc_a-freer.o)
 .debug_loclists
                0x000003ff      0x219 /usr/lib/gcc/arm-none-eabi/13.2.0/../../../../arm-none-eabi/lib/thumb/v7e-m+fp/hard/libc_nano.a(libc_a-mallocr.o)
 .debug_loclists
                0x00000618       0x3a /usr/lib/gcc/arm-none-eabi/13.2.0/../../../../arm-none-eabi/lib/thumb/v7e-m+fp/hard/libc_nano.a(libc_a-mlock.o)
 .debug_loclists
                0x00000652       0x4c /usr/lib/gcc/arm-none-eabi/13.2.0/../../../../arm-none-eabi/lib/thumb/v7e-m+fp/hard/libc_nano.a(libc_a-sbrkr.o)
 .debug_loclists
                0x0000069e      0x103 CMakeFiles/freefly.elf.dir/System/FWLIB/Src/misc.c.obj
 .debug_loclists
                0x000007a1      0x32e CMakeFiles/freefly.elf.dir/System/FWLIB/Src/stm32f4xx_gpio.c.obj
 .debug_loclists
                0x00000acf      0x4fd CMakeFiles/freefly.elf.dir/System/FWLIB/Src/stm32f4xx_rcc.c.obj
 .debug_loclists
                0x00000fcc     0x10d8 CMakeFiles/freefly.elf.dir/System/FWLIB/Src/stm32f4xx_tim.c.obj
 .debug_loclists
                0x000020a4      0x60e CMakeFiles/freefly.elf.dir/System/FWLIB/Src/stm32f4xx_usart.c.obj
 .debug_loclists
                0x000026b2       0xc0 CMakeFiles/freefly.elf.dir/Application/Hardware/Src/Bluetooth.c.obj
 .debug_loclists
                0x00002772      0x11d CMakeFiles/freefly.elf.dir/Application/Hardware/Src/GY86.c.obj
 .debug_loclists
                0x0000288f       0x6d CMakeFiles/freefly.elf.dir/Application/Hardware/Src/MyDelay.c.obj
 .debug_loclists
                0x000028fc      0x249 CMakeFiles/freefly.elf.dir/Application/Hardware/Src/MyI2C.c.obj
 .debug_loclists
                0x00002b45      0x163 CMakeFiles/freefly.elf.dir/Application/Hardware/Src/Receiver.c.obj
 .debug_loclists
                0x00002ca8      0x3c7 CMakeFiles/freefly.elf.dir/Application/Hardware/Src/math.c.obj
 .debug_loclists
                0x0000306f       0x31 CMakeFiles/freefly.elf.dir/Application/main.c.obj
 .debug_loclists
                0x000030a0       0xfa CMakeFiles/freefly.elf.dir/System/CMSIS/Device/system_stm32f4xx.c.obj
 .debug_loclists
                0x0000319a      0x13d CMakeFiles/freefly.elf.dir/System/BSP/syscalls.c.obj
 .debug_loclists
                0x000032d7       0x89 /usr/lib/gcc/arm-none-eabi/13.2.0/../../../../arm-none-eabi/lib/thumb/v7e-m+fp/hard/libc_nano.a(libc_a-sprintf.o)
 .debug_loclists
                0x00003360       0x8f /usr/lib/gcc/arm-none-eabi/13.2.0/../../../../arm-none-eabi/lib/thumb/v7e-m+fp/hard/libc_nano.a(libc_a-memcpy-stub.o)
 .debug_loclists
                0x000033ef      0x446 /usr/lib/gcc/arm-none-eabi/13.2.0/../../../../arm-none-eabi/lib/thumb/v7e-m+fp/hard/libc_nano.a(libc_a-nano-svfprintf.o)
 .debug_loclists
                0x00003835      0x430 /usr/lib/gcc/arm-none-eabi/13.2.0/../../../../arm-none-eabi/lib/thumb/v7e-m+fp/hard/libc_nano.a(libc_a-nano-vfprintf_i.o)
 .debug_loclists
                0x00003c65      0x130 /usr/lib/gcc/arm-none-eabi/13.2.0/../../../../arm-none-eabi/lib/thumb/v7e-m+fp/hard/libc_nano.a(libc_a-memmove.o)
 .debug_loclists
                0x00003d95       0xfd /usr/lib/gcc/arm-none-eabi/13.2.0/../../../../arm-none-eabi/lib/thumb/v7e-m+fp/hard/libc_nano.a(libc_a-reallocr.o)
 .debug_loclists
                0x00003e92       0x62 /usr/lib/gcc/arm-none-eabi/13.2.0/../../../../arm-none-eabi/lib/thumb/v7e-m+fp/hard/libc_nano.a(libc_a-msizer.o)

.debug_aranges  0x00000000      0xd18
 .debug_aranges
                0x00000000       0x78 /usr/lib/gcc/arm-none-eabi/13.2.0/../../../../arm-none-eabi/lib/thumb/v7e-m+fp/hard/libc_nano.a(libc_a-findfp.o)
 .debug_aranges
                0x00000078       0x20 /usr/lib/gcc/arm-none-eabi/13.2.0/../../../../arm-none-eabi/lib/thumb/v7e-m+fp/hard/libc_nano.a(libc_a-reent.o)
 .debug_aranges
                0x00000098       0x18 /usr/lib/gcc/arm-none-eabi/13.2.0/../../../../arm-none-eabi/lib/thumb/v7e-m+fp/hard/libc_nano.a(libc_a-impure.o)
 .debug_aranges
                0x000000b0       0x20 /usr/lib/gcc/arm-none-eabi/13.2.0/../../../../arm-none-eabi/lib/thumb/v7e-m+fp/hard/libc_nano.a(libc_a-init.o)
 .debug_aranges
                0x000000d0       0x68 /usr/lib/gcc/arm-none-eabi/13.2.0/../../../../arm-none-eabi/lib/thumb/v7e-m+fp/hard/libc_nano.a(libc_a-lock.o)
 .debug_aranges
                0x00000138       0x20 /usr/lib/gcc/arm-none-eabi/13.2.0/../../../../arm-none-eabi/lib/thumb/v7e-m+fp/hard/libc_nano.a(libc_a-freer.o)
 .debug_aranges
                0x00000158       0x28 /usr/lib/gcc/arm-none-eabi/13.2.0/../../../../arm-none-eabi/lib/thumb/v7e-m+fp/hard/libc_nano.a(libc_a-mallocr.o)
 .debug_aranges
                0x00000180       0x28 /usr/lib/gcc/arm-none-eabi/13.2.0/../../../../arm-none-eabi/lib/thumb/v7e-m+fp/hard/libc_nano.a(libc_a-mlock.o)
 .debug_aranges
                0x000001a8       0x20 /usr/lib/gcc/arm-none-eabi/13.2.0/../../../../arm-none-eabi/lib/thumb/v7e-m+fp/hard/libc_nano.a(libc_a-sbrkr.o)
 .debug_aranges
                0x000001c8       0x40 CMakeFiles/freefly.elf.dir/System/FWLIB/Src/misc.c.obj
 .debug_aranges
                0x00000208       0x88 CMakeFiles/freefly.elf.dir/System/FWLIB/Src/stm32f4xx_gpio.c.obj
 .debug_aranges
                0x00000290      0x1c0 CMakeFiles/freefly.elf.dir/System/FWLIB/Src/stm32f4xx_rcc.c.obj
 .debug_aranges
                0x00000450      0x2f8 CMakeFiles/freefly.elf.dir/System/FWLIB/Src/stm32f4xx_tim.c.obj
 .debug_aranges
                0x00000748      0x100 CMakeFiles/freefly.elf.dir/System/FWLIB/Src/stm32f4xx_usart.c.obj
 .debug_aranges
                0x00000848       0x60 CMakeFiles/freefly.elf.dir/Application/Hardware/Src/Bluetooth.c.obj
 .debug_aranges
                0x000008a8       0x78 CMakeFiles/freefly.elf.dir/Application/Hardware/Src/GY86.c.obj
 .debug_aranges
                0x00000920       0x28 CMakeFiles/freefly.elf.dir/Application/Hardware/Src/Motor.c.obj
 .debug_aranges
                0x00000948       0x30 CMakeFiles/freefly.elf.dir/Application/Hardware/Src/MyDelay.c.obj
 .debug_aranges
                0x00000978       0xd8 CMakeFiles/freefly.elf.dir/Application/Hardware/Src/MyI2C.c.obj
 .debug_aranges
                0x00000a50       0x40 CMakeFiles/freefly.elf.dir/Application/Hardware/Src/Receiver.c.obj
 .debug_aranges
                0x00000a90       0x20 CMakeFiles/freefly.elf.dir/Application/Hardware/Src/math.c.obj
 .debug_aranges
                0x00000ab0       0x20 CMakeFiles/freefly.elf.dir/Application/main.c.obj
 .debug_aranges
                0x00000ad0       0x28 CMakeFiles/freefly.elf.dir/System/CMSIS/Device/startup_stm32f401xe.s.obj
 .debug_aranges
                0x00000af8       0x30 CMakeFiles/freefly.elf.dir/System/CMSIS/Device/system_stm32f4xx.c.obj
 .debug_aranges
                0x00000b28       0x50 CMakeFiles/freefly.elf.dir/System/BSP/syscalls.c.obj
 .debug_aranges
                0x00000b78       0x20 /usr/lib/gcc/arm-none-eabi/13.2.0/thumb/v7e-m+fp/hard/libgcc.a(_arm_addsubdf3.o)
 .debug_aranges
                0x00000b98       0x20 /usr/lib/gcc/arm-none-eabi/13.2.0/thumb/v7e-m+fp/hard/libgcc.a(_arm_muldivdf3.o)
 .debug_aranges
                0x00000bb8       0x20 /usr/lib/gcc/arm-none-eabi/13.2.0/thumb/v7e-m+fp/hard/libgcc.a(_arm_cmpdf2.o)
 .debug_aranges
                0x00000bd8       0x20 /usr/lib/gcc/arm-none-eabi/13.2.0/thumb/v7e-m+fp/hard/libgcc.a(_arm_fixdfsi.o)
 .debug_aranges
                0x00000bf8       0x28 /usr/lib/gcc/arm-none-eabi/13.2.0/../../../../arm-none-eabi/lib/thumb/v7e-m+fp/hard/libc_nano.a(libc_a-sprintf.o)
 .debug_aranges
                0x00000c20       0x20 /usr/lib/gcc/arm-none-eabi/13.2.0/../../../../arm-none-eabi/lib/thumb/v7e-m+fp/hard/libc_nano.a(libc_a-memcpy-stub.o)
 .debug_aranges
                0x00000c40       0x30 /usr/lib/gcc/arm-none-eabi/13.2.0/../../../../arm-none-eabi/lib/thumb/v7e-m+fp/hard/libc_nano.a(libc_a-nano-svfprintf.o)
 .debug_aranges
                0x00000c70       0x28 /usr/lib/gcc/arm-none-eabi/13.2.0/../../../../arm-none-eabi/lib/thumb/v7e-m+fp/hard/libc_nano.a(libc_a-nano-vfprintf_i.o)
 .debug_aranges
                0x00000c98       0x20 /usr/lib/gcc/arm-none-eabi/13.2.0/../../../../arm-none-eabi/lib/thumb/v7e-m+fp/hard/libc_nano.a(libc_a-memmove.o)
 .debug_aranges
                0x00000cb8       0x20 /usr/lib/gcc/arm-none-eabi/13.2.0/../../../../arm-none-eabi/lib/thumb/v7e-m+fp/hard/libc_nano.a(libc_a-memchr.o)
 .debug_aranges
                0x00000cd8       0x20 /usr/lib/gcc/arm-none-eabi/13.2.0/../../../../arm-none-eabi/lib/thumb/v7e-m+fp/hard/libc_nano.a(libc_a-reallocr.o)
 .debug_aranges
                0x00000cf8       0x20 /usr/lib/gcc/arm-none-eabi/13.2.0/../../../../arm-none-eabi/lib/thumb/v7e-m+fp/hard/libc_nano.a(libc_a-msizer.o)

.debug_rnglists
                0x00000000      0xa42
 .debug_rnglists
                0x00000000       0x7a /usr/lib/gcc/arm-none-eabi/13.2.0/../../../../arm-none-eabi/lib/thumb/v7e-m+fp/hard/libc_nano.a(libc_a-findfp.o)
 .debug_rnglists
                0x0000007a       0x30 /usr/lib/gcc/arm-none-eabi/13.2.0/../../../../arm-none-eabi/lib/thumb/v7e-m+fp/hard/libc_nano.a(libc_a-reent.o)
 .debug_rnglists
                0x000000aa       0x13 /usr/lib/gcc/arm-none-eabi/13.2.0/../../../../arm-none-eabi/lib/thumb/v7e-m+fp/hard/libc_nano.a(libc_a-init.o)
 .debug_rnglists
                0x000000bd       0x49 /usr/lib/gcc/arm-none-eabi/13.2.0/../../../../arm-none-eabi/lib/thumb/v7e-m+fp/hard/libc_nano.a(libc_a-lock.o)
 .debug_rnglists
                0x00000106       0x14 /usr/lib/gcc/arm-none-eabi/13.2.0/../../../../arm-none-eabi/lib/thumb/v7e-m+fp/hard/libc_nano.a(libc_a-freer.o)
 .debug_rnglists
                0x0000011a       0x29 /usr/lib/gcc/arm-none-eabi/13.2.0/../../../../arm-none-eabi/lib/thumb/v7e-m+fp/hard/libc_nano.a(libc_a-mallocr.o)
 .debug_rnglists
                0x00000143       0x19 /usr/lib/gcc/arm-none-eabi/13.2.0/../../../../arm-none-eabi/lib/thumb/v7e-m+fp/hard/libc_nano.a(libc_a-mlock.o)
 .debug_rnglists
                0x0000015c       0x13 /usr/lib/gcc/arm-none-eabi/13.2.0/../../../../arm-none-eabi/lib/thumb/v7e-m+fp/hard/libc_nano.a(libc_a-sbrkr.o)
 .debug_rnglists
                0x0000016f       0x2b CMakeFiles/freefly.elf.dir/System/FWLIB/Src/misc.c.obj
 .debug_rnglists
                0x0000019a       0x63 CMakeFiles/freefly.elf.dir/System/FWLIB/Src/stm32f4xx_gpio.c.obj
 .debug_rnglists
                0x000001fd      0x14c CMakeFiles/freefly.elf.dir/System/FWLIB/Src/stm32f4xx_rcc.c.obj
 .debug_rnglists
                0x00000349      0x238 CMakeFiles/freefly.elf.dir/System/FWLIB/Src/stm32f4xx_tim.c.obj
 .debug_rnglists
                0x00000581       0xbd CMakeFiles/freefly.elf.dir/System/FWLIB/Src/stm32f4xx_usart.c.obj
 .debug_rnglists
                0x0000063e       0x44 CMakeFiles/freefly.elf.dir/Application/Hardware/Src/Bluetooth.c.obj
 .debug_rnglists
                0x00000682       0x66 CMakeFiles/freefly.elf.dir/Application/Hardware/Src/GY86.c.obj
 .debug_rnglists
                0x000006e8       0x1a CMakeFiles/freefly.elf.dir/Application/Hardware/Src/Motor.c.obj
 .debug_rnglists
                0x00000702       0x1f CMakeFiles/freefly.elf.dir/Application/Hardware/Src/MyDelay.c.obj
 .debug_rnglists
                0x00000721       0xa1 CMakeFiles/freefly.elf.dir/Application/Hardware/Src/MyI2C.c.obj
 .debug_rnglists
                0x000007c2       0x2c CMakeFiles/freefly.elf.dir/Application/Hardware/Src/Receiver.c.obj
 .debug_rnglists
                0x000007ee       0xc0 CMakeFiles/freefly.elf.dir/Application/Hardware/Src/math.c.obj
 .debug_rnglists
                0x000008ae       0x14 CMakeFiles/freefly.elf.dir/Application/main.c.obj
 .debug_rnglists
                0x000008c2       0x19 CMakeFiles/freefly.elf.dir/System/CMSIS/Device/startup_stm32f401xe.s.obj
 .debug_rnglists
                0x000008db       0x21 CMakeFiles/freefly.elf.dir/System/CMSIS/Device/system_stm32f4xx.c.obj
 .debug_rnglists
                0x000008fc       0x37 CMakeFiles/freefly.elf.dir/System/BSP/syscalls.c.obj
 .debug_rnglists
                0x00000933       0x19 /usr/lib/gcc/arm-none-eabi/13.2.0/../../../../arm-none-eabi/lib/thumb/v7e-m+fp/hard/libc_nano.a(libc_a-sprintf.o)
 .debug_rnglists
                0x0000094c       0x13 /usr/lib/gcc/arm-none-eabi/13.2.0/../../../../arm-none-eabi/lib/thumb/v7e-m+fp/hard/libc_nano.a(libc_a-memcpy-stub.o)
 .debug_rnglists
                0x0000095f       0x44 /usr/lib/gcc/arm-none-eabi/13.2.0/../../../../arm-none-eabi/lib/thumb/v7e-m+fp/hard/libc_nano.a(libc_a-nano-svfprintf.o)
 .debug_rnglists
                0x000009a3       0x66 /usr/lib/gcc/arm-none-eabi/13.2.0/../../../../arm-none-eabi/lib/thumb/v7e-m+fp/hard/libc_nano.a(libc_a-nano-vfprintf_i.o)
 .debug_rnglists
                0x00000a09       0x13 /usr/lib/gcc/arm-none-eabi/13.2.0/../../../../arm-none-eabi/lib/thumb/v7e-m+fp/hard/libc_nano.a(libc_a-memmove.o)
 .debug_rnglists
                0x00000a1c       0x13 /usr/lib/gcc/arm-none-eabi/13.2.0/../../../../arm-none-eabi/lib/thumb/v7e-m+fp/hard/libc_nano.a(libc_a-reallocr.o)
 .debug_rnglists
                0x00000a2f       0x13 /usr/lib/gcc/arm-none-eabi/13.2.0/../../../../arm-none-eabi/lib/thumb/v7e-m+fp/hard/libc_nano.a(libc_a-msizer.o)

.debug_line     0x00000000     0x94da
 .debug_line    0x00000000      0x533 /usr/lib/gcc/arm-none-eabi/13.2.0/../../../../arm-none-eabi/lib/thumb/v7e-m+fp/hard/libc_nano.a(libc_a-findfp.o)
 .debug_line    0x00000533      0x274 /usr/lib/gcc/arm-none-eabi/13.2.0/../../../../arm-none-eabi/lib/thumb/v7e-m+fp/hard/libc_nano.a(libc_a-reent.o)
 .debug_line    0x000007a7      0x108 /usr/lib/gcc/arm-none-eabi/13.2.0/../../../../arm-none-eabi/lib/thumb/v7e-m+fp/hard/libc_nano.a(libc_a-impure.o)
 .debug_line    0x000008af      0x135 /usr/lib/gcc/arm-none-eabi/13.2.0/../../../../arm-none-eabi/lib/thumb/v7e-m+fp/hard/libc_nano.a(libc_a-init.o)
 .debug_line    0x000009e4      0x17d /usr/lib/gcc/arm-none-eabi/13.2.0/../../../../arm-none-eabi/lib/thumb/v7e-m+fp/hard/libc_nano.a(libc_a-lock.o)
 .debug_line    0x00000b61      0x2b2 /usr/lib/gcc/arm-none-eabi/13.2.0/../../../../arm-none-eabi/lib/thumb/v7e-m+fp/hard/libc_nano.a(libc_a-freer.o)
 .debug_line    0x00000e13      0x47a /usr/lib/gcc/arm-none-eabi/13.2.0/../../../../arm-none-eabi/lib/thumb/v7e-m+fp/hard/libc_nano.a(libc_a-mallocr.o)
 .debug_line    0x0000128d      0x18a /usr/lib/gcc/arm-none-eabi/13.2.0/../../../../arm-none-eabi/lib/thumb/v7e-m+fp/hard/libc_nano.a(libc_a-mlock.o)
 .debug_line    0x00001417      0x1b8 /usr/lib/gcc/arm-none-eabi/13.2.0/../../../../arm-none-eabi/lib/thumb/v7e-m+fp/hard/libc_nano.a(libc_a-sbrkr.o)
 .debug_line    0x000015cf      0x304 CMakeFiles/freefly.elf.dir/System/FWLIB/Src/misc.c.obj
 .debug_line    0x000018d3      0x555 CMakeFiles/freefly.elf.dir/System/FWLIB/Src/stm32f4xx_gpio.c.obj
 .debug_line    0x00001e28      0xca0 CMakeFiles/freefly.elf.dir/System/FWLIB/Src/stm32f4xx_rcc.c.obj
 .debug_line    0x00002ac8     0x1989 CMakeFiles/freefly.elf.dir/System/FWLIB/Src/stm32f4xx_tim.c.obj
 .debug_line    0x00004451      0x956 CMakeFiles/freefly.elf.dir/System/FWLIB/Src/stm32f4xx_usart.c.obj
 .debug_line    0x00004da7      0x493 CMakeFiles/freefly.elf.dir/Application/Hardware/Src/Bluetooth.c.obj
 .debug_line    0x0000523a      0x4c6 CMakeFiles/freefly.elf.dir/Application/Hardware/Src/GY86.c.obj
 .debug_line    0x00005700      0x23e CMakeFiles/freefly.elf.dir/Application/Hardware/Src/Motor.c.obj
 .debug_line    0x0000593e      0x1d5 CMakeFiles/freefly.elf.dir/Application/Hardware/Src/MyDelay.c.obj
 .debug_line    0x00005b13      0x9f8 CMakeFiles/freefly.elf.dir/Application/Hardware/Src/MyI2C.c.obj
 .debug_line    0x0000650b      0x4d9 CMakeFiles/freefly.elf.dir/Application/Hardware/Src/Receiver.c.obj
 .debug_line    0x000069e4      0x599 CMakeFiles/freefly.elf.dir/Application/Hardware/Src/math.c.obj
 .debug_line    0x00006f7d      0x270 CMakeFiles/freefly.elf.dir/Application/main.c.obj
 .debug_line    0x000071ed       0x7a CMakeFiles/freefly.elf.dir/System/CMSIS/Device/startup_stm32f401xe.s.obj
 .debug_line    0x00007267      0x3b5 CMakeFiles/freefly.elf.dir/System/CMSIS/Device/system_stm32f4xx.c.obj
 .debug_line    0x0000761c      0x261 CMakeFiles/freefly.elf.dir/System/BSP/syscalls.c.obj
 .debug_line    0x0000787d      0x16f /usr/lib/gcc/arm-none-eabi/13.2.0/thumb/v7e-m+fp/hard/libgcc.a(_arm_addsubdf3.o)
 .debug_line    0x000079ec      0x184 /usr/lib/gcc/arm-none-eabi/13.2.0/thumb/v7e-m+fp/hard/libgcc.a(_arm_muldivdf3.o)
 .debug_line    0x00007b70       0xa6 /usr/lib/gcc/arm-none-eabi/13.2.0/thumb/v7e-m+fp/hard/libgcc.a(_arm_cmpdf2.o)
 .debug_line    0x00007c16       0x62 /usr/lib/gcc/arm-none-eabi/13.2.0/thumb/v7e-m+fp/hard/libgcc.a(_arm_fixdfsi.o)
 .debug_line    0x00007c78      0x24d /usr/lib/gcc/arm-none-eabi/13.2.0/../../../../arm-none-eabi/lib/thumb/v7e-m+fp/hard/libc_nano.a(libc_a-sprintf.o)
 .debug_line    0x00007ec5      0x191 /usr/lib/gcc/arm-none-eabi/13.2.0/../../../../arm-none-eabi/lib/thumb/v7e-m+fp/hard/libc_nano.a(libc_a-memcpy-stub.o)
 .debug_line    0x00008056      0x800 /usr/lib/gcc/arm-none-eabi/13.2.0/../../../../arm-none-eabi/lib/thumb/v7e-m+fp/hard/libc_nano.a(libc_a-nano-svfprintf.o)
 .debug_line    0x00008856      0x6ec /usr/lib/gcc/arm-none-eabi/13.2.0/../../../../arm-none-eabi/lib/thumb/v7e-m+fp/hard/libc_nano.a(libc_a-nano-vfprintf_i.o)
 .debug_line    0x00008f42      0x161 /usr/lib/gcc/arm-none-eabi/13.2.0/../../../../arm-none-eabi/lib/thumb/v7e-m+fp/hard/libc_nano.a(libc_a-memmove.o)
 .debug_line    0x000090a3       0x84 /usr/lib/gcc/arm-none-eabi/13.2.0/../../../../arm-none-eabi/lib/thumb/v7e-m+fp/hard/libc_nano.a(libc_a-memchr.o)
 .debug_line    0x00009127      0x211 /usr/lib/gcc/arm-none-eabi/13.2.0/../../../../arm-none-eabi/lib/thumb/v7e-m+fp/hard/libc_nano.a(libc_a-reallocr.o)
 .debug_line    0x00009338      0x1a2 /usr/lib/gcc/arm-none-eabi/13.2.0/../../../../arm-none-eabi/lib/thumb/v7e-m+fp/hard/libc_nano.a(libc_a-msizer.o)

.debug_str      0x00000000     0x4201
 .debug_str     0x00000000     0x4201 /usr/lib/gcc/arm-none-eabi/13.2.0/../../../../arm-none-eabi/lib/thumb/v7e-m+fp/hard/libc_nano.a(libc_a-findfp.o)
                                0x762 (size before relaxing)
 .debug_str     0x00004201      0x4fe /usr/lib/gcc/arm-none-eabi/13.2.0/../../../../arm-none-eabi/lib/thumb/v7e-m+fp/hard/libc_nano.a(libc_a-reent.o)
 .debug_str     0x00004201      0x4df /usr/lib/gcc/arm-none-eabi/13.2.0/../../../../arm-none-eabi/lib/thumb/v7e-m+fp/hard/libc_nano.a(libc_a-impure.o)
 .debug_str     0x00004201      0x220 /usr/lib/gcc/arm-none-eabi/13.2.0/../../../../arm-none-eabi/lib/thumb/v7e-m+fp/hard/libc_nano.a(libc_a-init.o)
 .debug_str     0x00004201      0x332 /usr/lib/gcc/arm-none-eabi/13.2.0/../../../../arm-none-eabi/lib/thumb/v7e-m+fp/hard/libc_nano.a(libc_a-lock.o)
 .debug_str     0x00004201      0x55f /usr/lib/gcc/arm-none-eabi/13.2.0/../../../../arm-none-eabi/lib/thumb/v7e-m+fp/hard/libc_nano.a(libc_a-freer.o)
 .debug_str     0x00004201      0x5c0 /usr/lib/gcc/arm-none-eabi/13.2.0/../../../../arm-none-eabi/lib/thumb/v7e-m+fp/hard/libc_nano.a(libc_a-mallocr.o)
 .debug_str     0x00004201      0x561 /usr/lib/gcc/arm-none-eabi/13.2.0/../../../../arm-none-eabi/lib/thumb/v7e-m+fp/hard/libc_nano.a(libc_a-mlock.o)
 .debug_str     0x00004201      0x4e8 /usr/lib/gcc/arm-none-eabi/13.2.0/../../../../arm-none-eabi/lib/thumb/v7e-m+fp/hard/libc_nano.a(libc_a-sbrkr.o)
 .debug_str     0x00004201      0x404 CMakeFiles/freefly.elf.dir/System/FWLIB/Src/misc.c.obj
 .debug_str     0x00004201      0x4fd CMakeFiles/freefly.elf.dir/System/FWLIB/Src/stm32f4xx_gpio.c.obj
 .debug_str     0x00004201      0x9e2 CMakeFiles/freefly.elf.dir/System/FWLIB/Src/stm32f4xx_rcc.c.obj
 .debug_str     0x00004201      0xe34 CMakeFiles/freefly.elf.dir/System/FWLIB/Src/stm32f4xx_tim.c.obj
 .debug_str     0x00004201      0x705 CMakeFiles/freefly.elf.dir/System/FWLIB/Src/stm32f4xx_usart.c.obj
 .debug_str     0x00004201      0x77f CMakeFiles/freefly.elf.dir/Application/Hardware/Src/Bluetooth.c.obj
 .debug_str     0x00004201      0x432 CMakeFiles/freefly.elf.dir/Application/Hardware/Src/GY86.c.obj
 .debug_str     0x00004201      0x62d CMakeFiles/freefly.elf.dir/Application/Hardware/Src/Motor.c.obj
 .debug_str     0x00004201      0x1f4 CMakeFiles/freefly.elf.dir/Application/Hardware/Src/MyDelay.c.obj
 .debug_str     0x00004201      0x5fb CMakeFiles/freefly.elf.dir/Application/Hardware/Src/MyI2C.c.obj
 .debug_str     0x00004201      0xb40 CMakeFiles/freefly.elf.dir/Application/Hardware/Src/Receiver.c.obj
 .debug_str     0x00004201      0x28f CMakeFiles/freefly.elf.dir/Application/Hardware/Src/math.c.obj
 .debug_str     0x00004201      0x40b CMakeFiles/freefly.elf.dir/Application/main.c.obj
 .debug_str     0x00004201       0xaa CMakeFiles/freefly.elf.dir/System/CMSIS/Device/startup_stm32f401xe.s.obj
 .debug_str     0x00004201      0x403 CMakeFiles/freefly.elf.dir/System/CMSIS/Device/system_stm32f4xx.c.obj
 .debug_str     0x00004201      0x375 CMakeFiles/freefly.elf.dir/System/BSP/syscalls.c.obj
 .debug_str     0x00004201      0x14f /usr/lib/gcc/arm-none-eabi/13.2.0/thumb/v7e-m+fp/hard/libgcc.a(_arm_addsubdf3.o)
 .debug_str     0x00004201       0xcf /usr/lib/gcc/arm-none-eabi/13.2.0/thumb/v7e-m+fp/hard/libgcc.a(_arm_muldivdf3.o)
 .debug_str     0x00004201      0x158 /usr/lib/gcc/arm-none-eabi/13.2.0/thumb/v7e-m+fp/hard/libgcc.a(_arm_cmpdf2.o)
 .debug_str     0x00004201       0xba /usr/lib/gcc/arm-none-eabi/13.2.0/thumb/v7e-m+fp/hard/libgcc.a(_arm_fixdfsi.o)
 .debug_str     0x00004201      0x51e /usr/lib/gcc/arm-none-eabi/13.2.0/../../../../arm-none-eabi/lib/thumb/v7e-m+fp/hard/libc_nano.a(libc_a-sprintf.o)
 .debug_str     0x00004201      0x1dd /usr/lib/gcc/arm-none-eabi/13.2.0/../../../../arm-none-eabi/lib/thumb/v7e-m+fp/hard/libc_nano.a(libc_a-memcpy-stub.o)
 .debug_str     0x00004201      0x828 /usr/lib/gcc/arm-none-eabi/13.2.0/../../../../arm-none-eabi/lib/thumb/v7e-m+fp/hard/libc_nano.a(libc_a-nano-svfprintf.o)
 .debug_str     0x00004201      0x7be /usr/lib/gcc/arm-none-eabi/13.2.0/../../../../arm-none-eabi/lib/thumb/v7e-m+fp/hard/libc_nano.a(libc_a-nano-vfprintf_i.o)
 .debug_str     0x00004201      0x1da /usr/lib/gcc/arm-none-eabi/13.2.0/../../../../arm-none-eabi/lib/thumb/v7e-m+fp/hard/libc_nano.a(libc_a-memmove.o)
 .debug_str     0x00004201       0xa9 /usr/lib/gcc/arm-none-eabi/13.2.0/../../../../arm-none-eabi/lib/thumb/v7e-m+fp/hard/libc_nano.a(libc_a-memchr.o)
 .debug_str     0x00004201      0x555 /usr/lib/gcc/arm-none-eabi/13.2.0/../../../../arm-none-eabi/lib/thumb/v7e-m+fp/hard/libc_nano.a(libc_a-reallocr.o)
 .debug_str     0x00004201      0x528 /usr/lib/gcc/arm-none-eabi/13.2.0/../../../../arm-none-eabi/lib/thumb/v7e-m+fp/hard/libc_nano.a(libc_a-msizer.o)

.comment        0x00000000       0x3c
 .comment       0x00000000       0x3c /usr/lib/gcc/arm-none-eabi/13.2.0/../../../../arm-none-eabi/lib/thumb/v7e-m+fp/hard/libc_nano.a(libc_a-findfp.o)
                                 0x1f (size before relaxing)
 .comment       0x0000003c       0x1f /usr/lib/gcc/arm-none-eabi/13.2.0/../../../../arm-none-eabi/lib/thumb/v7e-m+fp/hard/libc_nano.a(libc_a-reent.o)
 .comment       0x0000003c       0x1f /usr/lib/gcc/arm-none-eabi/13.2.0/../../../../arm-none-eabi/lib/thumb/v7e-m+fp/hard/libc_nano.a(libc_a-impure.o)
 .comment       0x0000003c       0x1f /usr/lib/gcc/arm-none-eabi/13.2.0/../../../../arm-none-eabi/lib/thumb/v7e-m+fp/hard/libc_nano.a(libc_a-init.o)
 .comment       0x0000003c       0x1f /usr/lib/gcc/arm-none-eabi/13.2.0/../../../../arm-none-eabi/lib/thumb/v7e-m+fp/hard/libc_nano.a(libc_a-lock.o)
 .comment       0x0000003c       0x1f /usr/lib/gcc/arm-none-eabi/13.2.0/../../../../arm-none-eabi/lib/thumb/v7e-m+fp/hard/libc_nano.a(libc_a-freer.o)
 .comment       0x0000003c       0x1f /usr/lib/gcc/arm-none-eabi/13.2.0/../../../../arm-none-eabi/lib/thumb/v7e-m+fp/hard/libc_nano.a(libc_a-mallocr.o)
 .comment       0x0000003c       0x1f /usr/lib/gcc/arm-none-eabi/13.2.0/../../../../arm-none-eabi/lib/thumb/v7e-m+fp/hard/libc_nano.a(libc_a-mlock.o)
 .comment       0x0000003c       0x1f /usr/lib/gcc/arm-none-eabi/13.2.0/../../../../arm-none-eabi/lib/thumb/v7e-m+fp/hard/libc_nano.a(libc_a-sbrkr.o)
 .comment       0x0000003c       0x1f CMakeFiles/freefly.elf.dir/System/FWLIB/Src/misc.c.obj
 .comment       0x0000003c       0x1f CMakeFiles/freefly.elf.dir/System/FWLIB/Src/stm32f4xx_gpio.c.obj
 .comment       0x0000003c       0x1f CMakeFiles/freefly.elf.dir/System/FWLIB/Src/stm32f4xx_rcc.c.obj
 .comment       0x0000003c       0x1f CMakeFiles/freefly.elf.dir/System/FWLIB/Src/stm32f4xx_tim.c.obj
 .comment       0x0000003c       0x1f CMakeFiles/freefly.elf.dir/System/FWLIB/Src/stm32f4xx_usart.c.obj
 .comment       0x0000003c       0x1f CMakeFiles/freefly.elf.dir/Application/Hardware/Src/Bluetooth.c.obj
 .comment       0x0000003c       0x1f CMakeFiles/freefly.elf.dir/Application/Hardware/Src/GY86.c.obj
 .comment       0x0000003c       0x1f CMakeFiles/freefly.elf.dir/Application/Hardware/Src/Motor.c.obj
 .comment       0x0000003c       0x1f CMakeFiles/freefly.elf.dir/Application/Hardware/Src/MyDelay.c.obj
 .comment       0x0000003c       0x1f CMakeFiles/freefly.elf.dir/Application/Hardware/Src/MyI2C.c.obj
 .comment       0x0000003c       0x1f CMakeFiles/freefly.elf.dir/Application/Hardware/Src/Receiver.c.obj
 .comment       0x0000003c       0x1f CMakeFiles/freefly.elf.dir/Application/Hardware/Src/math.c.obj
 .comment       0x0000003c       0x1f CMakeFiles/freefly.elf.dir/Application/main.c.obj
 .comment       0x0000003c       0x1f CMakeFiles/freefly.elf.dir/System/CMSIS/Device/system_stm32f4xx.c.obj
 .comment       0x0000003c       0x1f CMakeFiles/freefly.elf.dir/System/BSP/syscalls.c.obj
 .comment       0x0000003c       0x1f /usr/lib/gcc/arm-none-eabi/13.2.0/../../../../arm-none-eabi/lib/thumb/v7e-m+fp/hard/libc_nano.a(libc_a-sprintf.o)
 .comment       0x0000003c       0x1f /usr/lib/gcc/arm-none-eabi/13.2.0/../../../../arm-none-eabi/lib/thumb/v7e-m+fp/hard/libc_nano.a(libc_a-memcpy-stub.o)
 .comment       0x0000003c       0x1f /usr/lib/gcc/arm-none-eabi/13.2.0/../../../../arm-none-eabi/lib/thumb/v7e-m+fp/hard/libc_nano.a(libc_a-nano-svfprintf.o)
 .comment       0x0000003c       0x1f /usr/lib/gcc/arm-none-eabi/13.2.0/../../../../arm-none-eabi/lib/thumb/v7e-m+fp/hard/libc_nano.a(libc_a-nano-vfprintf_i.o)
 .comment       0x0000003c       0x1f /usr/lib/gcc/arm-none-eabi/13.2.0/../../../../arm-none-eabi/lib/thumb/v7e-m+fp/hard/libc_nano.a(libc_a-memmove.o)
 .comment       0x0000003c       0x1f /usr/lib/gcc/arm-none-eabi/13.2.0/../../../../arm-none-eabi/lib/thumb/v7e-m+fp/hard/libc_nano.a(libc_a-reallocr.o)
 .comment       0x0000003c       0x1f /usr/lib/gcc/arm-none-eabi/13.2.0/../../../../arm-none-eabi/lib/thumb/v7e-m+fp/hard/libc_nano.a(libc_a-msizer.o)

.debug_frame    0x00000000     0x1b3c
 .debug_frame   0x00000000      0x144 /usr/lib/gcc/arm-none-eabi/13.2.0/../../../../arm-none-eabi/lib/thumb/v7e-m+fp/hard/libc_nano.a(libc_a-findfp.o)
 .debug_frame   0x00000144       0x38 /usr/lib/gcc/arm-none-eabi/13.2.0/../../../../arm-none-eabi/lib/thumb/v7e-m+fp/hard/libc_nano.a(libc_a-reent.o)
 .debug_frame   0x0000017c       0x2c /usr/lib/gcc/arm-none-eabi/13.2.0/../../../../arm-none-eabi/lib/thumb/v7e-m+fp/hard/libc_nano.a(libc_a-init.o)
 .debug_frame   0x000001a8       0xb0 /usr/lib/gcc/arm-none-eabi/13.2.0/../../../../arm-none-eabi/lib/thumb/v7e-m+fp/hard/libc_nano.a(libc_a-lock.o)
 .debug_frame   0x00000258       0x38 /usr/lib/gcc/arm-none-eabi/13.2.0/../../../../arm-none-eabi/lib/thumb/v7e-m+fp/hard/libc_nano.a(libc_a-freer.o)
 .debug_frame   0x00000290       0x4c /usr/lib/gcc/arm-none-eabi/13.2.0/../../../../arm-none-eabi/lib/thumb/v7e-m+fp/hard/libc_nano.a(libc_a-mallocr.o)
 .debug_frame   0x000002dc       0x30 /usr/lib/gcc/arm-none-eabi/13.2.0/../../../../arm-none-eabi/lib/thumb/v7e-m+fp/hard/libc_nano.a(libc_a-mlock.o)
 .debug_frame   0x0000030c       0x2c /usr/lib/gcc/arm-none-eabi/13.2.0/../../../../arm-none-eabi/lib/thumb/v7e-m+fp/hard/libc_nano.a(libc_a-sbrkr.o)
 .debug_frame   0x00000338       0x60 CMakeFiles/freefly.elf.dir/System/FWLIB/Src/misc.c.obj
 .debug_frame   0x00000398      0x11c CMakeFiles/freefly.elf.dir/System/FWLIB/Src/stm32f4xx_gpio.c.obj
 .debug_frame   0x000004b4      0x378 CMakeFiles/freefly.elf.dir/System/FWLIB/Src/stm32f4xx_rcc.c.obj
 .debug_frame   0x0000082c      0x674 CMakeFiles/freefly.elf.dir/System/FWLIB/Src/stm32f4xx_tim.c.obj
 .debug_frame   0x00000ea0      0x204 CMakeFiles/freefly.elf.dir/System/FWLIB/Src/stm32f4xx_usart.c.obj
 .debug_frame   0x000010a4       0xf4 CMakeFiles/freefly.elf.dir/Application/Hardware/Src/Bluetooth.c.obj
 .debug_frame   0x00001198      0x14c CMakeFiles/freefly.elf.dir/Application/Hardware/Src/GY86.c.obj
 .debug_frame   0x000012e4       0x44 CMakeFiles/freefly.elf.dir/Application/Hardware/Src/Motor.c.obj
 .debug_frame   0x00001328       0x50 CMakeFiles/freefly.elf.dir/Application/Hardware/Src/MyDelay.c.obj
 .debug_frame   0x00001378      0x1f0 CMakeFiles/freefly.elf.dir/Application/Hardware/Src/MyI2C.c.obj
 .debug_frame   0x00001568       0x88 CMakeFiles/freefly.elf.dir/Application/Hardware/Src/Receiver.c.obj
 .debug_frame   0x000015f0       0x50 CMakeFiles/freefly.elf.dir/Application/Hardware/Src/math.c.obj
 .debug_frame   0x00001640       0x30 CMakeFiles/freefly.elf.dir/Application/main.c.obj
 .debug_frame   0x00001670       0x54 CMakeFiles/freefly.elf.dir/System/CMSIS/Device/system_stm32f4xx.c.obj
 .debug_frame   0x000016c4       0x8c CMakeFiles/freefly.elf.dir/System/BSP/syscalls.c.obj
 .debug_frame   0x00001750       0xac /usr/lib/gcc/arm-none-eabi/13.2.0/thumb/v7e-m+fp/hard/libgcc.a(_arm_addsubdf3.o)
 .debug_frame   0x000017fc       0x50 /usr/lib/gcc/arm-none-eabi/13.2.0/thumb/v7e-m+fp/hard/libgcc.a(_arm_muldivdf3.o)
 .debug_frame   0x0000184c       0xc4 /usr/lib/gcc/arm-none-eabi/13.2.0/thumb/v7e-m+fp/hard/libgcc.a(_arm_cmpdf2.o)
 .debug_frame   0x00001910       0x24 /usr/lib/gcc/arm-none-eabi/13.2.0/thumb/v7e-m+fp/hard/libgcc.a(_arm_fixdfsi.o)
 .debug_frame   0x00001934       0x6c /usr/lib/gcc/arm-none-eabi/13.2.0/../../../../arm-none-eabi/lib/thumb/v7e-m+fp/hard/libc_nano.a(libc_a-sprintf.o)
 .debug_frame   0x000019a0       0x28 /usr/lib/gcc/arm-none-eabi/13.2.0/../../../../arm-none-eabi/lib/thumb/v7e-m+fp/hard/libc_nano.a(libc_a-memcpy-stub.o)
 .debug_frame   0x000019c8       0x90 /usr/lib/gcc/arm-none-eabi/13.2.0/../../../../arm-none-eabi/lib/thumb/v7e-m+fp/hard/libc_nano.a(libc_a-nano-svfprintf.o)
 .debug_frame   0x00001a58       0x60 /usr/lib/gcc/arm-none-eabi/13.2.0/../../../../arm-none-eabi/lib/thumb/v7e-m+fp/hard/libc_nano.a(libc_a-nano-vfprintf_i.o)
 .debug_frame   0x00001ab8       0x28 /usr/lib/gcc/arm-none-eabi/13.2.0/../../../../arm-none-eabi/lib/thumb/v7e-m+fp/hard/libc_nano.a(libc_a-memmove.o)
 .debug_frame   0x00001ae0       0x3c /usr/lib/gcc/arm-none-eabi/13.2.0/../../../../arm-none-eabi/lib/thumb/v7e-m+fp/hard/libc_nano.a(libc_a-reallocr.o)
 .debug_frame   0x00001b1c       0x20 /usr/lib/gcc/arm-none-eabi/13.2.0/../../../../arm-none-eabi/lib/thumb/v7e-m+fp/hard/libc_nano.a(libc_a-msizer.o)

.debug_line_str
                0x00000000      0x1c4
 .debug_line_str
                0x00000000      0x1c4 CMakeFiles/freefly.elf.dir/System/CMSIS/Device/startup_stm32f401xe.s.obj
                                 0x90 (size before relaxing)
 .debug_line_str
                0x000001c4       0x97 /usr/lib/gcc/arm-none-eabi/13.2.0/thumb/v7e-m+fp/hard/libgcc.a(_arm_addsubdf3.o)
 .debug_line_str
                0x000001c4       0x97 /usr/lib/gcc/arm-none-eabi/13.2.0/thumb/v7e-m+fp/hard/libgcc.a(_arm_muldivdf3.o)
 .debug_line_str
                0x000001c4       0x97 /usr/lib/gcc/arm-none-eabi/13.2.0/thumb/v7e-m+fp/hard/libgcc.a(_arm_cmpdf2.o)
 .debug_line_str
                0x000001c4       0x97 /usr/lib/gcc/arm-none-eabi/13.2.0/thumb/v7e-m+fp/hard/libgcc.a(_arm_fixdfsi.o)
 .debug_line_str
                0x000001c4       0x9d /usr/lib/gcc/arm-none-eabi/13.2.0/../../../../arm-none-eabi/lib/thumb/v7e-m+fp/hard/libc_nano.a(libc_a-memchr.o)

Cross Reference Table

Symbol                                            File
ADC_AnalogWatchdogCmd                             CMakeFiles/freefly.elf.dir/System/FWLIB/Src/stm32f4xx_adc.c.obj
ADC_AnalogWatchdogSingleChannelConfig             CMakeFiles/freefly.elf.dir/System/FWLIB/Src/stm32f4xx_adc.c.obj
ADC_AnalogWatchdogThresholdsConfig                CMakeFiles/freefly.elf.dir/System/FWLIB/Src/stm32f4xx_adc.c.obj
ADC_AutoInjectedConvCmd                           CMakeFiles/freefly.elf.dir/System/FWLIB/Src/stm32f4xx_adc.c.obj
ADC_ClearFlag                                     CMakeFiles/freefly.elf.dir/System/FWLIB/Src/stm32f4xx_adc.c.obj
ADC_ClearITPendingBit                             CMakeFiles/freefly.elf.dir/System/FWLIB/Src/stm32f4xx_adc.c.obj
ADC_Cmd                                           CMakeFiles/freefly.elf.dir/System/FWLIB/Src/stm32f4xx_adc.c.obj
ADC_CommonInit                                    CMakeFiles/freefly.elf.dir/System/FWLIB/Src/stm32f4xx_adc.c.obj
ADC_CommonStructInit                              CMakeFiles/freefly.elf.dir/System/FWLIB/Src/stm32f4xx_adc.c.obj
ADC_ContinuousModeCmd                             CMakeFiles/freefly.elf.dir/System/FWLIB/Src/stm32f4xx_adc.c.obj
ADC_DMACmd                                        CMakeFiles/freefly.elf.dir/System/FWLIB/Src/stm32f4xx_adc.c.obj
ADC_DMARequestAfterLastTransferCmd                CMakeFiles/freefly.elf.dir/System/FWLIB/Src/stm32f4xx_adc.c.obj
ADC_DeInit                                        CMakeFiles/freefly.elf.dir/System/FWLIB/Src/stm32f4xx_adc.c.obj
ADC_DiscModeChannelCountConfig                    CMakeFiles/freefly.elf.dir/System/FWLIB/Src/stm32f4xx_adc.c.obj
ADC_DiscModeCmd                                   CMakeFiles/freefly.elf.dir/System/FWLIB/Src/stm32f4xx_adc.c.obj
ADC_EOCOnEachRegularChannelCmd                    CMakeFiles/freefly.elf.dir/System/FWLIB/Src/stm32f4xx_adc.c.obj
ADC_ExternalTrigInjectedConvConfig                CMakeFiles/freefly.elf.dir/System/FWLIB/Src/stm32f4xx_adc.c.obj
ADC_ExternalTrigInjectedConvEdgeConfig            CMakeFiles/freefly.elf.dir/System/FWLIB/Src/stm32f4xx_adc.c.obj
ADC_GetConversionValue                            CMakeFiles/freefly.elf.dir/System/FWLIB/Src/stm32f4xx_adc.c.obj
ADC_GetFlagStatus                                 CMakeFiles/freefly.elf.dir/System/FWLIB/Src/stm32f4xx_adc.c.obj
ADC_GetITStatus                                   CMakeFiles/freefly.elf.dir/System/FWLIB/Src/stm32f4xx_adc.c.obj
ADC_GetInjectedConversionValue                    CMakeFiles/freefly.elf.dir/System/FWLIB/Src/stm32f4xx_adc.c.obj
ADC_GetMultiModeConversionValue                   CMakeFiles/freefly.elf.dir/System/FWLIB/Src/stm32f4xx_adc.c.obj
ADC_GetSoftwareStartConvStatus                    CMakeFiles/freefly.elf.dir/System/FWLIB/Src/stm32f4xx_adc.c.obj
ADC_GetSoftwareStartInjectedConvCmdStatus         CMakeFiles/freefly.elf.dir/System/FWLIB/Src/stm32f4xx_adc.c.obj
ADC_IRQHandler                                    CMakeFiles/freefly.elf.dir/System/CMSIS/Device/startup_stm32f401xe.s.obj
ADC_ITConfig                                      CMakeFiles/freefly.elf.dir/System/FWLIB/Src/stm32f4xx_adc.c.obj
ADC_Init                                          CMakeFiles/freefly.elf.dir/System/FWLIB/Src/stm32f4xx_adc.c.obj
ADC_InjectedChannelConfig                         CMakeFiles/freefly.elf.dir/System/FWLIB/Src/stm32f4xx_adc.c.obj
ADC_InjectedDiscModeCmd                           CMakeFiles/freefly.elf.dir/System/FWLIB/Src/stm32f4xx_adc.c.obj
ADC_InjectedSequencerLengthConfig                 CMakeFiles/freefly.elf.dir/System/FWLIB/Src/stm32f4xx_adc.c.obj
ADC_MultiModeDMARequestAfterLastTransferCmd       CMakeFiles/freefly.elf.dir/System/FWLIB/Src/stm32f4xx_adc.c.obj
ADC_RegularChannelConfig                          CMakeFiles/freefly.elf.dir/System/FWLIB/Src/stm32f4xx_adc.c.obj
ADC_SetInjectedOffset                             CMakeFiles/freefly.elf.dir/System/FWLIB/Src/stm32f4xx_adc.c.obj
ADC_SoftwareStartConv                             CMakeFiles/freefly.elf.dir/System/FWLIB/Src/stm32f4xx_adc.c.obj
ADC_SoftwareStartInjectedConv                     CMakeFiles/freefly.elf.dir/System/FWLIB/Src/stm32f4xx_adc.c.obj
ADC_StructInit                                    CMakeFiles/freefly.elf.dir/System/FWLIB/Src/stm32f4xx_adc.c.obj
ADC_TempSensorVrefintCmd                          CMakeFiles/freefly.elf.dir/System/FWLIB/Src/stm32f4xx_adc.c.obj
ADC_VBATCmd                                       CMakeFiles/freefly.elf.dir/System/FWLIB/Src/stm32f4xx_adc.c.obj
AHBPrescTable                                     CMakeFiles/freefly.elf.dir/System/CMSIS/Device/system_stm32f4xx.c.obj
AccCalibration                                    CMakeFiles/freefly.elf.dir/Application/Hardware/Src/GY86.c.obj
                                                  CMakeFiles/freefly.elf.dir/Application/main.c.obj
BT_Printf                                         CMakeFiles/freefly.elf.dir/Application/Hardware/Src/Bluetooth.c.obj
BluetoothInit                                     CMakeFiles/freefly.elf.dir/Application/Hardware/Src/Bluetooth.c.obj
                                                  CMakeFiles/freefly.elf.dir/Application/main.c.obj
Bluetooth_ConfigInit                              CMakeFiles/freefly.elf.dir/Application/Hardware/Src/Bluetooth.c.obj
Bluetooth_GPIOInit                                CMakeFiles/freefly.elf.dir/Application/Hardware/Src/Bluetooth.c.obj
Bluetooth_ReceiveByte                             CMakeFiles/freefly.elf.dir/Application/Hardware/Src/Bluetooth.c.obj
Bluetooth_SendByte                                CMakeFiles/freefly.elf.dir/Application/Hardware/Src/Bluetooth.c.obj
                                                  CMakeFiles/freefly.elf.dir/System/BSP/syscalls.c.obj
                                                  CMakeFiles/freefly.elf.dir/Application/main.c.obj
Bluetooth_SendSignedNum                           CMakeFiles/freefly.elf.dir/Application/Hardware/Src/Bluetooth.c.obj
                                                  CMakeFiles/freefly.elf.dir/Application/main.c.obj
Bluetooth_SendString                              CMakeFiles/freefly.elf.dir/Application/Hardware/Src/Bluetooth.c.obj
                                                  CMakeFiles/freefly.elf.dir/Application/main.c.obj
                                                  CMakeFiles/freefly.elf.dir/Application/Hardware/Src/GY86.c.obj
BusFault_Handler                                  CMakeFiles/freefly.elf.dir/System/CMSIS/Device/startup_stm32f401xe.s.obj
CAN_CancelTransmit                                CMakeFiles/freefly.elf.dir/System/FWLIB/Src/stm32f4xx_can.c.obj
CAN_ClearFlag                                     CMakeFiles/freefly.elf.dir/System/FWLIB/Src/stm32f4xx_can.c.obj
CAN_ClearITPendingBit                             CMakeFiles/freefly.elf.dir/System/FWLIB/Src/stm32f4xx_can.c.obj
CAN_DBGFreeze                                     CMakeFiles/freefly.elf.dir/System/FWLIB/Src/stm32f4xx_can.c.obj
CAN_DeInit                                        CMakeFiles/freefly.elf.dir/System/FWLIB/Src/stm32f4xx_can.c.obj
CAN_FIFORelease                                   CMakeFiles/freefly.elf.dir/System/FWLIB/Src/stm32f4xx_can.c.obj
CAN_FilterInit                                    CMakeFiles/freefly.elf.dir/System/FWLIB/Src/stm32f4xx_can.c.obj
CAN_GetFlagStatus                                 CMakeFiles/freefly.elf.dir/System/FWLIB/Src/stm32f4xx_can.c.obj
CAN_GetITStatus                                   CMakeFiles/freefly.elf.dir/System/FWLIB/Src/stm32f4xx_can.c.obj
CAN_GetLSBTransmitErrorCounter                    CMakeFiles/freefly.elf.dir/System/FWLIB/Src/stm32f4xx_can.c.obj
CAN_GetLastErrorCode                              CMakeFiles/freefly.elf.dir/System/FWLIB/Src/stm32f4xx_can.c.obj
CAN_GetReceiveErrorCounter                        CMakeFiles/freefly.elf.dir/System/FWLIB/Src/stm32f4xx_can.c.obj
CAN_ITConfig                                      CMakeFiles/freefly.elf.dir/System/FWLIB/Src/stm32f4xx_can.c.obj
CAN_Init                                          CMakeFiles/freefly.elf.dir/System/FWLIB/Src/stm32f4xx_can.c.obj
CAN_MessagePending                                CMakeFiles/freefly.elf.dir/System/FWLIB/Src/stm32f4xx_can.c.obj
CAN_OperatingModeRequest                          CMakeFiles/freefly.elf.dir/System/FWLIB/Src/stm32f4xx_can.c.obj
CAN_Receive                                       CMakeFiles/freefly.elf.dir/System/FWLIB/Src/stm32f4xx_can.c.obj
CAN_SlaveStartBank                                CMakeFiles/freefly.elf.dir/System/FWLIB/Src/stm32f4xx_can.c.obj
CAN_Sleep                                         CMakeFiles/freefly.elf.dir/System/FWLIB/Src/stm32f4xx_can.c.obj
CAN_StructInit                                    CMakeFiles/freefly.elf.dir/System/FWLIB/Src/stm32f4xx_can.c.obj
CAN_TTComModeCmd                                  CMakeFiles/freefly.elf.dir/System/FWLIB/Src/stm32f4xx_can.c.obj
CAN_Transmit                                      CMakeFiles/freefly.elf.dir/System/FWLIB/Src/stm32f4xx_can.c.obj
CAN_TransmitStatus                                CMakeFiles/freefly.elf.dir/System/FWLIB/Src/stm32f4xx_can.c.obj
CAN_WakeUp                                        CMakeFiles/freefly.elf.dir/System/FWLIB/Src/stm32f4xx_can.c.obj
CRC_CalcBlockCRC                                  CMakeFiles/freefly.elf.dir/System/FWLIB/Src/stm32f4xx_crc.c.obj
CRC_CalcCRC                                       CMakeFiles/freefly.elf.dir/System/FWLIB/Src/stm32f4xx_crc.c.obj
CRC_GetCRC                                        CMakeFiles/freefly.elf.dir/System/FWLIB/Src/stm32f4xx_crc.c.obj
CRC_GetIDRegister                                 CMakeFiles/freefly.elf.dir/System/FWLIB/Src/stm32f4xx_crc.c.obj
CRC_ResetDR                                       CMakeFiles/freefly.elf.dir/System/FWLIB/Src/stm32f4xx_crc.c.obj
CRC_SetIDRegister                                 CMakeFiles/freefly.elf.dir/System/FWLIB/Src/stm32f4xx_crc.c.obj
CRYP_AES_CBC                                      CMakeFiles/freefly.elf.dir/System/FWLIB/Src/stm32f4xx_cryp_aes.c.obj
CRYP_AES_CCM                                      CMakeFiles/freefly.elf.dir/System/FWLIB/Src/stm32f4xx_cryp_aes.c.obj
CRYP_AES_CTR                                      CMakeFiles/freefly.elf.dir/System/FWLIB/Src/stm32f4xx_cryp_aes.c.obj
CRYP_AES_ECB                                      CMakeFiles/freefly.elf.dir/System/FWLIB/Src/stm32f4xx_cryp_aes.c.obj
CRYP_AES_GCM                                      CMakeFiles/freefly.elf.dir/System/FWLIB/Src/stm32f4xx_cryp_aes.c.obj
CRYP_Cmd                                          CMakeFiles/freefly.elf.dir/System/FWLIB/Src/stm32f4xx_cryp.c.obj
                                                  CMakeFiles/freefly.elf.dir/System/FWLIB/Src/stm32f4xx_cryp_tdes.c.obj