Archive member included to satisfy reference by file (symbol)

/usr/lib/gcc/arm-none-eabi/13.2.0/../../../../arm-none-eabi/lib/thumb/v7e-m+fp/hard/libc_nano.a(libc_a-atexit.o)
                              /usr/lib/gcc/arm-none-eabi/13.2.0/../../../../arm-none-eabi/lib/thumb/v7e-m+fp/hard/crt0.o (atexit)
/usr/lib/gcc/arm-none-eabi/13.2.0/../../../../arm-none-eabi/lib/thumb/v7e-m+fp/hard/libc_nano.a(libc_a-exit.o)
                              /usr/lib/gcc/arm-none-eabi/13.2.0/../../../../arm-none-eabi/lib/thumb/v7e-m+fp/hard/crt0.o (exit)
/usr/lib/gcc/arm-none-eabi/13.2.0/../../../../arm-none-eabi/lib/thumb/v7e-m+fp/hard/libc_nano.a(libc_a-findfp.o)
                              /usr/lib/gcc/arm-none-eabi/13.2.0/../../../../arm-none-eabi/lib/thumb/v7e-m+fp/hard/libc_nano.a(libc_a-exit.o) (__stdio_exit_handler)
/usr/lib/gcc/arm-none-eabi/13.2.0/../../../../arm-none-eabi/lib/thumb/v7e-m+fp/hard/libc_nano.a(libc_a-fwalk.o)
                              /usr/lib/gcc/arm-none-eabi/13.2.0/../../../../arm-none-eabi/lib/thumb/v7e-m+fp/hard/libc_nano.a(libc_a-findfp.o) (_fwalk_sglue)
/usr/lib/gcc/arm-none-eabi/13.2.0/../../../../arm-none-eabi/lib/thumb/v7e-m+fp/hard/libc_nano.a(libc_a-stdio.o)
                              /usr/lib/gcc/arm-none-eabi/13.2.0/../../../../arm-none-eabi/lib/thumb/v7e-m+fp/hard/libc_nano.a(libc_a-findfp.o) (__sread)
/usr/lib/gcc/arm-none-eabi/13.2.0/../../../../arm-none-eabi/lib/thumb/v7e-m+fp/hard/libc_nano.a(libc_a-memset.o)
                              /usr/lib/gcc/arm-none-eabi/13.2.0/../../../../arm-none-eabi/lib/thumb/v7e-m+fp/hard/crt0.o (memset)
/usr/lib/gcc/arm-none-eabi/13.2.0/../../../../arm-none-eabi/lib/thumb/v7e-m+fp/hard/libc_nano.a(libc_a-closer.o)
                              /usr/lib/gcc/arm-none-eabi/13.2.0/../../../../arm-none-eabi/lib/thumb/v7e-m+fp/hard/libc_nano.a(libc_a-stdio.o) (_close_r)
/usr/lib/gcc/arm-none-eabi/13.2.0/../../../../arm-none-eabi/lib/thumb/v7e-m+fp/hard/libc_nano.a(libc_a-reent.o)
                              /usr/lib/gcc/arm-none-eabi/13.2.0/../../../../arm-none-eabi/lib/thumb/v7e-m+fp/hard/libc_nano.a(libc_a-closer.o) (errno)
/usr/lib/gcc/arm-none-eabi/13.2.0/../../../../arm-none-eabi/lib/thumb/v7e-m+fp/hard/libc_nano.a(libc_a-impure.o)
                              /usr/lib/gcc/arm-none-eabi/13.2.0/../../../../arm-none-eabi/lib/thumb/v7e-m+fp/hard/libc_nano.a(libc_a-reent.o) (_impure_ptr)
/usr/lib/gcc/arm-none-eabi/13.2.0/../../../../arm-none-eabi/lib/thumb/v7e-m+fp/hard/libc_nano.a(libc_a-lseekr.o)
                              /usr/lib/gcc/arm-none-eabi/13.2.0/../../../../arm-none-eabi/lib/thumb/v7e-m+fp/hard/libc_nano.a(libc_a-stdio.o) (_lseek_r)
/usr/lib/gcc/arm-none-eabi/13.2.0/../../../../arm-none-eabi/lib/thumb/v7e-m+fp/hard/libc_nano.a(libc_a-readr.o)
                              /usr/lib/gcc/arm-none-eabi/13.2.0/../../../../arm-none-eabi/lib/thumb/v7e-m+fp/hard/libc_nano.a(libc_a-stdio.o) (_read_r)
/usr/lib/gcc/arm-none-eabi/13.2.0/../../../../arm-none-eabi/lib/thumb/v7e-m+fp/hard/libc_nano.a(libc_a-writer.o)
                              /usr/lib/gcc/arm-none-eabi/13.2.0/../../../../arm-none-eabi/lib/thumb/v7e-m+fp/hard/libc_nano.a(libc_a-stdio.o) (_write_r)
/usr/lib/gcc/arm-none-eabi/13.2.0/../../../../arm-none-eabi/lib/thumb/v7e-m+fp/hard/libc_nano.a(libc_a-init.o)
                              /usr/lib/gcc/arm-none-eabi/13.2.0/../../../../arm-none-eabi/lib/thumb/v7e-m+fp/hard/crt0.o (__libc_init_array)
/usr/lib/gcc/arm-none-eabi/13.2.0/../../../../arm-none-eabi/lib/thumb/v7e-m+fp/hard/libc_nano.a(libc_a-fini.o)
                              /usr/lib/gcc/arm-none-eabi/13.2.0/../../../../arm-none-eabi/lib/thumb/v7e-m+fp/hard/crt0.o (__libc_fini_array)
/usr/lib/gcc/arm-none-eabi/13.2.0/../../../../arm-none-eabi/lib/thumb/v7e-m+fp/hard/libc_nano.a(libc_a-lock.o)
                              /usr/lib/gcc/arm-none-eabi/13.2.0/../../../../arm-none-eabi/lib/thumb/v7e-m+fp/hard/libc_nano.a(libc_a-findfp.o) (__retarget_lock_init_recursive)
/usr/lib/gcc/arm-none-eabi/13.2.0/../../../../arm-none-eabi/lib/thumb/v7e-m+fp/hard/libc_nano.a(libc_a-__atexit.o)
                              /usr/lib/gcc/arm-none-eabi/13.2.0/../../../../arm-none-eabi/lib/thumb/v7e-m+fp/hard/libc_nano.a(libc_a-atexit.o) (__register_exitproc)
/usr/lib/gcc/arm-none-eabi/13.2.0/../../../../arm-none-eabi/lib/thumb/v7e-m+fp/hard/libc_nano.a(libc_a-__call_atexit.o)
                              /usr/lib/gcc/arm-none-eabi/13.2.0/../../../../arm-none-eabi/lib/thumb/v7e-m+fp/hard/libc_nano.a(libc_a-__atexit.o) (__call_exitprocs)
/usr/lib/gcc/arm-none-eabi/13.2.0/../../../../arm-none-eabi/lib/thumb/v7e-m+fp/hard/libc_nano.a(libc_a-freer.o)
                              /usr/lib/gcc/arm-none-eabi/13.2.0/../../../../arm-none-eabi/lib/thumb/v7e-m+fp/hard/libc_nano.a(libc_a-reent.o) (_free_r)
/usr/lib/gcc/arm-none-eabi/13.2.0/../../../../arm-none-eabi/lib/thumb/v7e-m+fp/hard/libc_nano.a(libc_a-mallocr.o)
[...]
Memory Configuration

Name             Origin             Length             Attributes
RAM              0x20000000         0x00018000         xrw
FLASH            0x08000000         0x00080000         xr
*default*        0x00000000         0xffffffff

Linker script and memory map

LOAD /usr/lib/gcc/arm-none-eabi/13.2.0/thumb/v7e-m+fp/hard/crti.o
LOAD /usr/lib/gcc/arm-none-eabi/13.2.0/thumb/v7e-m+fp/hard/crtbegin.o
LOAD /usr/lib/gcc/arm-none-eabi/13.2.0/../../../../arm-none-eabi/lib/thumb/v7e-m+fp/hard/crt0.o
LOAD /usr/lib/gcc/arm-none-eabi/13.2.0/../../../../arm-none-eabi/lib/thumb/v7e-m+fp/hard/libc_nano.a
LOAD /usr/lib/gcc/arm-none-eabi/13.2.0/../../../../arm-none-eabi/lib/thumb/v7e-m+fp/hard/libm.a
LOAD /usr/lib/gcc/arm-none-eabi/13.2.0/../../../../arm-none-eabi/lib/thumb/v7e-m+fp/hard/libnosys.a
LOAD CMakeFiles/freefly.dir/System/FWLIB/Src/misc.c.obj
LOAD CMakeFiles/freefly.dir/System/FWLIB/Src/stm32f4xx_adc.c.obj
LOAD CMakeFiles/freefly.dir/System/FWLIB/Src/stm32f4xx_can.c.obj
LOAD CMakeFiles/freefly.dir/System/FWLIB/Src/stm32f4xx_crc.c.obj
LOAD CMakeFiles/freefly.dir/System/FWLIB/Src/stm32f4xx_cryp.c.obj
LOAD CMakeFiles/freefly.dir/System/FWLIB/Src/stm32f4xx_cryp_aes.c.obj
LOAD CMakeFiles/freefly.dir/System/FWLIB/Src/stm32f4xx_cryp_des.c.obj
LOAD CMakeFiles/freefly.dir/System/FWLIB/Src/stm32f4xx_cryp_tdes.c.obj
LOAD CMakeFiles/freefly.dir/System/FWLIB/Src/stm32f4xx_dac.c.obj
LOAD CMakeFiles/freefly.dir/System/FWLIB/Src/stm32f4xx_dbgmcu.c.obj
LOAD CMakeFiles/freefly.dir/System/FWLIB/Src/stm32f4xx_dcmi.c.obj
LOAD CMakeFiles/freefly.dir/System/FWLIB/Src/stm32f4xx_dma.c.obj
LOAD CMakeFiles/freefly.dir/System/FWLIB/Src/stm32f4xx_dma2d.c.obj
LOAD CMakeFiles/freefly.dir/System/FWLIB/Src/stm32f4xx_exti.c.obj
LOAD CMakeFiles/freefly.dir/System/FWLIB/Src/stm32f4xx_flash.c.obj
LOAD CMakeFiles/freefly.dir/System/FWLIB/Src/stm32f4xx_flash_ramfunc.c.obj
LOAD CMakeFiles/freefly.dir/System/FWLIB/Src/stm32f4xx_fsmc.c.obj
LOAD CMakeFiles/freefly.dir/System/FWLIB/Src/stm32f4xx_gpio.c.obj
LOAD CMakeFiles/freefly.dir/System/FWLIB/Src/stm32f4xx_hash.c.obj
LOAD CMakeFiles/freefly.dir/System/FWLIB/Src/stm32f4xx_hash_md5.c.obj
LOAD CMakeFiles/freefly.dir/System/FWLIB/Src/stm32f4xx_hash_sha1.c.obj
LOAD CMakeFiles/freefly.dir/System/FWLIB/Src/stm32f4xx_i2c.c.obj
LOAD CMakeFiles/freefly.dir/System/FWLIB/Src/stm32f4xx_iwdg.c.obj
LOAD CMakeFiles/freefly.dir/System/FWLIB/Src/stm32f4xx_ltdc.c.obj
LOAD CMakeFiles/freefly.dir/System/FWLIB/Src/stm32f4xx_pwr.c.obj
LOAD CMakeFiles/freefly.dir/System/FWLIB/Src/stm32f4xx_rcc.c.obj
LOAD CMakeFiles/freefly.dir/System/FWLIB/Src/stm32f4xx_rng.c.obj
LOAD CMakeFiles/freefly.dir/System/FWLIB/Src/stm32f4xx_rtc.c.obj
LOAD CMakeFiles/freefly.dir/System/FWLIB/Src/stm32f4xx_sai.c.obj
LOAD CMakeFiles/freefly.dir/System/FWLIB/Src/stm32f4xx_sdio.c.obj
LOAD CMakeFiles/freefly.dir/System/FWLIB/Src/stm32f4xx_spi.c.obj
LOAD CMakeFiles/freefly.dir/System/FWLIB/Src/stm32f4xx_syscfg.c.obj
LOAD CMakeFiles/freefly.dir/System/FWLIB/Src/stm32f4xx_tim.c.obj
LOAD CMakeFiles/freefly.dir/System/FWLIB/Src/stm32f4xx_usart.c.obj
LOAD CMakeFiles/freefly.dir/System/FWLIB/Src/stm32f4xx_wwdg.c.obj
LOAD CMakeFiles/freefly.dir/Application/Hardware/Src/Bluetooth.c.obj
LOAD CMakeFiles/freefly.dir/Application/Hardware/Src/GY86.c.obj
LOAD CMakeFiles/freefly.dir/Application/Hardware/Src/Motor.c.obj
LOAD CMakeFiles/freefly.dir/Application/Hardware/Src/MyI2C.c.obj
LOAD CMakeFiles/freefly.dir/Application/Hardware/Src/Receiver.c.obj
LOAD CMakeFiles/freefly.dir/Application/main.c.obj
LOAD CMakeFiles/freefly.dir/Application/SystemConfig/MyDelay.c.obj
LOAD CMakeFiles/freefly.dir/Application/SystemConfig/systick.c.obj
LOAD CMakeFiles/freefly.dir/System/CMSIS/Device/startup_stm32f401xe.s.obj
LOAD CMakeFiles/freefly.dir/System/CMSIS/Device/system_stm32f4xx.c.obj
START GROUP
LOAD /usr/lib/gcc/arm-none-eabi/13.2.0/thumb/v7e-m+fp/hard/libgcc.a
LOAD /usr/lib/gcc/arm-none-eabi/13.2.0/../../../../arm-none-eabi/lib/thumb/v7e-m+fp/hard/libc_nano.a
END GROUP
START GROUP
LOAD /usr/lib/gcc/arm-none-eabi/13.2.0/thumb/v7e-m+fp/hard/libgcc.a
LOAD /usr/lib/gcc/arm-none-eabi/13.2.0/../../../../arm-none-eabi/lib/thumb/v7e-m+fp/hard/libc_nano.a
END GROUP
LOAD /usr/lib/gcc/arm-none-eabi/13.2.0/thumb/v7e-m+fp/hard/crtend.o
LOAD /usr/lib/gcc/arm-none-eabi/13.2.0/thumb/v7e-m+fp/hard/crtn.o
                0x20018000                        _estack = (ORIGIN (RAM) + LENGTH (RAM))
                0x00000200                        _Min_Heap_Size = 0x200
                0x00000400                        _Min_Stack_Size = 0x400

.isr_vector     0x08000000      0x194
                0x08000000                        . = ALIGN (0x4)
 *(.isr_vector)
 .isr_vector    0x08000000      0x194 CMakeFiles/freefly.dir/System/CMSIS/Device/startup_stm32f401xe.s.obj
                0x08000000                g_pfnVectors
                0x08000194                        . = ALIGN (0x4)

.text           0x08000194      0x4e0
                0x08000194                        . = ALIGN (0x4)
 *(.text)
 *(.text*)
 .text.__do_global_dtors_aux
                0x08000194       0x24 /usr/lib/gcc/arm-none-eabi/13.2.0/thumb/v7e-m+fp/hard/crtbegin.o
 .text.frame_dummy
                0x080001b8       0x1c /usr/lib/gcc/arm-none-eabi/13.2.0/thumb/v7e-m+fp/hard/crtbegin.o
 .text.__libc_init_array
                0x080001d4       0x48 /usr/lib/gcc/arm-none-eabi/13.2.0/../../../../arm-none-eabi/lib/thumb/v7e-m+fp/hard/libc_nano.a(libc_a-init.o)
                0x080001d4                __libc_init_array
 .text.TIM_GetCapture1
                0x0800021c       0x18 CMakeFiles/freefly.dir/System/FWLIB/Src/stm32f4xx_tim.c.obj
                0x0800021c                TIM_GetCapture1
 .text.TIM_GetITStatus
                0x08000234       0x54 CMakeFiles/freefly.dir/System/FWLIB/Src/stm32f4xx_tim.c.obj
                0x08000234                TIM_GetITStatus
 .text.TIM_ClearITPendingBit
                0x08000288       0x22 CMakeFiles/freefly.dir/System/FWLIB/Src/stm32f4xx_tim.c.obj
                0x08000288                TIM_ClearITPendingBit
 *fill*         0x080002aa        0x2 
 .text.Receiver_CalcDutyCycle
                0x080002ac       0x38 CMakeFiles/freefly.dir/Application/Hardware/Src/Receiver.c.obj
                0x080002ac                Receiver_CalcDutyCycle
 .text.TIM1_CC_IRQHandler
                0x080002e4       0x94 CMakeFiles/freefly.dir/Application/Hardware/Src/Receiver.c.obj
                0x080002e4                TIM1_CC_IRQHandler
 .text.main     0x08000378       0x88 CMakeFiles/freefly.dir/Application/main.c.obj
                0x08000378                main
 .text.LED_ON   0x08000400       0x20 CMakeFiles/freefly.dir/Application/main.c.obj
                0x08000400                LED_ON
 .text.LED_OFF  0x08000420       0x18 CMakeFiles/freefly.dir/Application/main.c.obj
                0x08000420                LED_OFF
 .text.Delay_us
                0x08000438       0x48 CMakeFiles/freefly.dir/Application/SystemConfig/MyDelay.c.obj
                0x08000438                Delay_us
 .text.Delay_ms
                0x08000480       0x26 CMakeFiles/freefly.dir/Application/SystemConfig/MyDelay.c.obj
                0x08000480                Delay_ms
 *fill*         0x080004a6        0x2 
 .text.Reset_Handler
                0x080004a8       0x50 CMakeFiles/freefly.dir/System/CMSIS/Device/startup_stm32f401xe.s.obj
                0x080004a8                Reset_Handler
 .text.Default_Handler
                0x080004f8        0x2 CMakeFiles/freefly.dir/System/CMSIS/Device/startup_stm32f401xe.s.obj
                0x080004f8                RTC_Alarm_IRQHandler
                0x080004f8                EXTI2_IRQHandler
                0x080004f8                DebugMon_Handler
                0x080004f8                SPI4_IRQHandler
                0x080004f8                DMA2_Stream5_IRQHandler
                0x080004f8                HardFault_Handler
                0x080004f8                DMA1_Stream5_IRQHandler
                0x080004f8                SysTick_Handler
                0x080004f8                PVD_IRQHandler
                0x080004f8                SDIO_IRQHandler
                0x080004f8                TAMP_STAMP_IRQHandler
                0x080004f8                PendSV_Handler
                0x080004f8                NMI_Handler
                0x080004f8                EXTI3_IRQHandler
                0x080004f8                TIM1_UP_TIM10_IRQHandler
                0x080004f8                I2C3_ER_IRQHandler
                0x080004f8                EXTI0_IRQHandler
                0x080004f8                I2C2_EV_IRQHandler
                0x080004f8                DMA1_Stream2_IRQHandler
                0x080004f8                FPU_IRQHandler
                0x080004f8                UsageFault_Handler
                0x080004f8                DMA2_Stream2_IRQHandler
                0x080004f8                SPI1_IRQHandler
                0x080004f8                TIM1_BRK_TIM9_IRQHandler
                0x080004f8                DMA2_Stream3_IRQHandler
                0x080004f8                USART6_IRQHandler
                0x080004f8                DMA2_Stream0_IRQHandler
                0x080004f8                TIM4_IRQHandler
                0x080004f8                I2C1_EV_IRQHandler
                0x080004f8                DMA1_Stream6_IRQHandler
                0x080004f8                DMA1_Stream1_IRQHandler
                0x080004f8                TIM3_IRQHandler
                0x080004f8                RCC_IRQHandler
                0x080004f8                Default_Handler
                0x080004f8                EXTI15_10_IRQHandler
                0x080004f8                ADC_IRQHandler
                0x080004f8                DMA1_Stream7_IRQHandler
                0x080004f8                TIM5_IRQHandler
                0x080004f8                DMA2_Stream7_IRQHandler
                0x080004f8                I2C3_EV_IRQHandler
                0x080004f8                EXTI9_5_IRQHandler
                0x080004f8                RTC_WKUP_IRQHandler
                0x080004f8                SPI2_IRQHandler
                0x080004f8                MemManage_Handler
                0x080004f8                DMA1_Stream0_IRQHandler
                0x080004f8                SVC_Handler
                0x080004f8                EXTI4_IRQHandler
                0x080004f8                WWDG_IRQHandler
                0x080004f8                TIM2_IRQHandler
                0x080004f8                OTG_FS_WKUP_IRQHandler
                0x080004f8                TIM1_TRG_COM_TIM11_IRQHandler
                0x080004f8                EXTI1_IRQHandler
                0x080004f8                USART2_IRQHandler
                0x080004f8                I2C2_ER_IRQHandler
                0x080004f8                DMA2_Stream1_IRQHandler
                0x080004f8                FLASH_IRQHandler
                0x080004f8                DMA2_Stream4_IRQHandler
                0x080004f8                BusFault_Handler
                0x080004f8                USART1_IRQHandler
                0x080004f8                OTG_FS_IRQHandler
                0x080004f8                SPI3_IRQHandler
                0x080004f8                DMA1_Stream4_IRQHandler
                0x080004f8                I2C1_ER_IRQHandler
                0x080004f8                DMA2_Stream6_IRQHandler
                0x080004f8                DMA1_Stream3_IRQHandler
 *fill*         0x080004fa        0x2 
 .text.SystemInit
                0x080004fc       0x6c CMakeFiles/freefly.dir/System/CMSIS/Device/system_stm32f4xx.c.obj
                0x080004fc                SystemInit
 .text.SetSysClock
                0x08000568       0xf4 CMakeFiles/freefly.dir/System/CMSIS/Device/system_stm32f4xx.c.obj
 *(.glue_7)
 .glue_7        0x0800065c        0x0 linker stubs
 *(.glue_7t)
 .glue_7t       0x0800065c        0x0 linker stubs
 *(.eh_frame)
 .eh_frame      0x0800065c        0x0 /usr/lib/gcc/arm-none-eabi/13.2.0/thumb/v7e-m+fp/hard/crtbegin.o
 *(.init)
 .init          0x0800065c        0x4 /usr/lib/gcc/arm-none-eabi/13.2.0/thumb/v7e-m+fp/hard/crti.o
                0x0800065c                _init
 .init          0x08000660        0x8 /usr/lib/gcc/arm-none-eabi/13.2.0/thumb/v7e-m+fp/hard/crtn.o
 *(.fini)
 .fini          0x08000668        0x4 /usr/lib/gcc/arm-none-eabi/13.2.0/thumb/v7e-m+fp/hard/crti.o
                0x08000668                _fini
 .fini          0x0800066c        0x8 /usr/lib/gcc/arm-none-eabi/13.2.0/thumb/v7e-m+fp/hard/crtn.o
                0x08000674                        . = ALIGN (0x4)
                0x08000674                        _etext = .

.vfp11_veneer   0x08000674        0x0
 .vfp11_veneer  0x08000674        0x0 linker stubs

.v4_bx          0x08000674        0x0
 .v4_bx         0x08000674        0x0 linker stubs

.iplt           0x08000674        0x0
 .iplt          0x08000674        0x0 /usr/lib/gcc/arm-none-eabi/13.2.0/thumb/v7e-m+fp/hard/crtbegin.o

.rel.dyn        0x08000674        0x0
 .rel.iplt      0x08000674        0x0 /usr/lib/gcc/arm-none-eabi/13.2.0/thumb/v7e-m+fp/hard/crtbegin.o

.rodata         0x08000674        0x0
                0x08000674                        . = ALIGN (0x4)
 *(.rodata)
 *(.rodata*)
                0x08000674                        . = ALIGN (0x4)

.ARM.extab
 *(.ARM.extab* .gnu.linkonce.armextab.*)

.ARM            0x08000674        0x0
                0x08000674                        __exidx_start = .
 *(.ARM.exidx*)
                0x08000674                        __exidx_end = .

.preinit_array  0x08000674        0x0
                0x08000674                        PROVIDE (__preinit_array_start = .)
 *(.preinit_array*)
                0x08000674                        PROVIDE (__preinit_array_end = .)

.init_array     0x08000674        0x4
                0x08000674                        PROVIDE (__init_array_start = .)
 *(SORT_BY_NAME(.init_array.*))
 *(.init_array*)
 .init_array    0x08000674        0x4 /usr/lib/gcc/arm-none-eabi/13.2.0/thumb/v7e-m+fp/hard/crtbegin.o
                0x08000678                        PROVIDE (__init_array_end = .)

.fini_array     0x08000678        0x4
                0x08000678                        PROVIDE (__fini_array_start = .)
 *(SORT_BY_NAME(.fini_array.*))
 *(.fini_array*)
 .fini_array    0x08000678        0x4 /usr/lib/gcc/arm-none-eabi/13.2.0/thumb/v7e-m+fp/hard/crtbegin.o
                0x0800067c                        PROVIDE (__fini_array_end = .)
                0x0800067c                        _sidata = LOADADDR (.data)

.data           0x20000000        0x0 load address 0x0800067c
                0x20000000                        . = ALIGN (0x4)
                0x20000000                        _sdata = .
 *(.data)
 *(.data*)
                0x20000000                        . = ALIGN (0x4)
                0x20000000                        _edata = .

.igot.plt       0x20000000        0x0 load address 0x0800067c
 .igot.plt      0x20000000        0x0 /usr/lib/gcc/arm-none-eabi/13.2.0/thumb/v7e-m+fp/hard/crtbegin.o
                0x20000000                        . = ALIGN (0x4)

.bss            0x20000000       0x50 load address 0x0800067c
                0x20000000                        _sbss = .
                0x20000000                        __bss_start__ = _sbss
 *(.bss)
 *(.bss*)
 .bss.completed.1
                0x20000000        0x1 /usr/lib/gcc/arm-none-eabi/13.2.0/thumb/v7e-m+fp/hard/crtbegin.o
 *fill*         0x20000001        0x3 
 .bss.object.0  0x20000004       0x18 /usr/lib/gcc/arm-none-eabi/13.2.0/thumb/v7e-m+fp/hard/crtbegin.o
 .bss.DutyCycle
                0x2000001c        0x4 CMakeFiles/freefly.dir/Application/Hardware/Src/Receiver.c.obj
                0x2000001c                DutyCycle
 .bss.ppm_val   0x20000020       0x28 CMakeFiles/freefly.dir/Application/Hardware/Src/Receiver.c.obj
                0x20000020                ppm_val
 .bss.ppm_cnt   0x20000048        0x4 CMakeFiles/freefly.dir/Application/Hardware/Src/Receiver.c.obj
                0x20000048                ppm_cnt
 .bss.First     0x2000004c        0x4 CMakeFiles/freefly.dir/Application/Hardware/Src/Receiver.c.obj
                0x2000004c                First
 *(COMMON)
                0x20000050                        . = ALIGN (0x4)
                0x20000050                        _ebss = .
                0x20000050                        __bss_end__ = _ebss

._user_heap_stack
                0x20000050      0x600 load address 0x0800067c
                0x20000050                        . = ALIGN (0x8)
                0x20000050                        PROVIDE (end = .)
                [!provide]                        PROVIDE (_end = .)
                0x20000250                        . = (. + _Min_Heap_Size)
 *fill*         0x20000050      0x200 
                0x20000650                        . = (. + _Min_Stack_Size)
 *fill*         0x20000250      0x400 
                0x20000650                        . = ALIGN (0x8)

/DISCARD/
 libc.a(*)
 libm.a(*)
 libgcc.a(*)

.ARM.attributes
                0x00000000       0x30
 *(.ARM.attributes)
 .ARM.attributes
                0x00000000       0x22 /usr/lib/gcc/arm-none-eabi/13.2.0/thumb/v7e-m+fp/hard/crti.o
 .ARM.attributes
                0x00000022       0x34 /usr/lib/gcc/arm-none-eabi/13.2.0/thumb/v7e-m+fp/hard/crtbegin.o
 .ARM.attributes
                0x00000056       0x34 /usr/lib/gcc/arm-none-eabi/13.2.0/../../../../arm-none-eabi/lib/thumb/v7e-m+fp/hard/libc_nano.a(libc_a-init.o)
 .ARM.attributes
                0x0000008a       0x34 CMakeFiles/freefly.dir/System/FWLIB/Src/stm32f4xx_tim.c.obj
 .ARM.attributes
                0x000000be       0x34 CMakeFiles/freefly.dir/Application/Hardware/Src/Receiver.c.obj
 .ARM.attributes
                0x000000f2       0x34 CMakeFiles/freefly.dir/Application/main.c.obj
 .ARM.attributes
                0x00000126       0x34 CMakeFiles/freefly.dir/Application/SystemConfig/MyDelay.c.obj
 .ARM.attributes
                0x0000015a       0x21 CMakeFiles/freefly.dir/System/CMSIS/Device/startup_stm32f401xe.s.obj
 .ARM.attributes
                0x0000017b       0x34 CMakeFiles/freefly.dir/System/CMSIS/Device/system_stm32f4xx.c.obj
 .ARM.attributes
                0x000001af       0x22 /usr/lib/gcc/arm-none-eabi/13.2.0/thumb/v7e-m+fp/hard/crtn.o
OUTPUT(freefly elf32-littlearm)
LOAD linker stubs
LOAD /usr/lib/gcc/arm-none-eabi/13.2.0/../../../../arm-none-eabi/lib/thumb/v7e-m+fp/hard/libc.a
LOAD /usr/lib/gcc/arm-none-eabi/13.2.0/../../../../arm-none-eabi/lib/thumb/v7e-m+fp/hard/libm.a
LOAD /usr/lib/gcc/arm-none-eabi/13.2.0/thumb/v7e-m+fp/hard/libgcc.a

.debug_info     0x00000000      0x10b
 .debug_info    0x00000000      0x10b /usr/lib/gcc/arm-none-eabi/13.2.0/../../../../arm-none-eabi/lib/thumb/v7e-m+fp/hard/libc_nano.a(libc_a-init.o)

.debug_abbrev   0x00000000       0xc9
 .debug_abbrev  0x00000000       0xc9 /usr/lib/gcc/arm-none-eabi/13.2.0/../../../../arm-none-eabi/lib/thumb/v7e-m+fp/hard/libc_nano.a(libc_a-init.o)

.debug_loclists
                0x00000000       0x44
 .debug_loclists
                0x00000000       0x44 /usr/lib/gcc/arm-none-eabi/13.2.0/../../../../arm-none-eabi/lib/thumb/v7e-m+fp/hard/libc_nano.a(libc_a-init.o)

.debug_aranges  0x00000000       0x20
 .debug_aranges
                0x00000000       0x20 /usr/lib/gcc/arm-none-eabi/13.2.0/../../../../arm-none-eabi/lib/thumb/v7e-m+fp/hard/libc_nano.a(libc_a-init.o)

.debug_rnglists
                0x00000000       0x13
 .debug_rnglists
                0x00000000       0x13 /usr/lib/gcc/arm-none-eabi/13.2.0/../../../../arm-none-eabi/lib/thumb/v7e-m+fp/hard/libc_nano.a(libc_a-init.o)

.debug_line     0x00000000      0x135
 .debug_line    0x00000000      0x135 /usr/lib/gcc/arm-none-eabi/13.2.0/../../../../arm-none-eabi/lib/thumb/v7e-m+fp/hard/libc_nano.a(libc_a-init.o)

.debug_str      0x00000000      0x1e7
 .debug_str     0x00000000      0x1e7 /usr/lib/gcc/arm-none-eabi/13.2.0/../../../../arm-none-eabi/lib/thumb/v7e-m+fp/hard/libc_nano.a(libc_a-init.o)
                                0x220 (size before relaxing)

.comment        0x00000000       0x3c
 .comment       0x00000000       0x3c /usr/lib/gcc/arm-none-eabi/13.2.0/../../../../arm-none-eabi/lib/thumb/v7e-m+fp/hard/libc_nano.a(libc_a-init.o)
                                 0x1f (size before relaxing)
 .comment       0x0000003c       0x1f CMakeFiles/freefly.dir/System/FWLIB/Src/stm32f4xx_tim.c.obj
 .comment       0x0000003c       0x1f CMakeFiles/freefly.dir/Application/Hardware/Src/Receiver.c.obj
 .comment       0x0000003c       0x1f CMakeFiles/freefly.dir/Application/main.c.obj
 .comment       0x0000003c       0x1f CMakeFiles/freefly.dir/Application/SystemConfig/MyDelay.c.obj
 .comment       0x0000003c       0x1f CMakeFiles/freefly.dir/System/CMSIS/Device/system_stm32f4xx.c.obj

.debug_frame    0x00000000       0x2c
 .debug_frame   0x00000000       0x2c /usr/lib/gcc/arm-none-eabi/13.2.0/../../../../arm-none-eabi/lib/thumb/v7e-m+fp/hard/libc_nano.a(libc_a-init.o)

Cross Reference Table

Symbol                                            File
ADC_AnalogWatchdogCmd                             CMakeFiles/freefly.dir/System/FWLIB/Src/stm32f4xx_adc.c.obj
ADC_AnalogWatchdogSingleChannelConfig             CMakeFiles/freefly.dir/System/FWLIB/Src/stm32f4xx_adc.c.obj
ADC_AnalogWatchdogThresholdsConfig                CMakeFiles/freefly.dir/System/FWLIB/Src/stm32f4xx_adc.c.obj
ADC_AutoInjectedConvCmd                           CMakeFiles/freefly.dir/System/FWLIB/Src/stm32f4xx_adc.c.obj
ADC_ClearFlag                                     CMakeFiles/freefly.dir/System/FWLIB/Src/stm32f4xx_adc.c.obj
ADC_ClearITPendingBit                             CMakeFiles/freefly.dir/System/FWLIB/Src/stm32f4xx_adc.c.obj
ADC_Cmd                                           CMakeFiles/freefly.dir/System/FWLIB/Src/stm32f4xx_adc.c.obj
ADC_CommonInit                                    CMakeFiles/freefly.dir/System/FWLIB/Src/stm32f4xx_adc.c.obj
ADC_CommonStructInit                              CMakeFiles/freefly.dir/System/FWLIB/Src/stm32f4xx_adc.c.obj
ADC_ContinuousModeCmd                             CMakeFiles/freefly.dir/System/FWLIB/Src/stm32f4xx_adc.c.obj
ADC_DMACmd                                        CMakeFiles/freefly.dir/System/FWLIB/Src/stm32f4xx_adc.c.obj
ADC_DMARequestAfterLastTransferCmd                CMakeFiles/freefly.dir/System/FWLIB/Src/stm32f4xx_adc.c.obj
ADC_DeInit                                        CMakeFiles/freefly.dir/System/FWLIB/Src/stm32f4xx_adc.c.obj
ADC_DiscModeChannelCountConfig                    CMakeFiles/freefly.dir/System/FWLIB/Src/stm32f4xx_adc.c.obj
ADC_DiscModeCmd                                   CMakeFiles/freefly.dir/System/FWLIB/Src/stm32f4xx_adc.c.obj
ADC_EOCOnEachRegularChannelCmd                    CMakeFiles/freefly.dir/System/FWLIB/Src/stm32f4xx_adc.c.obj
ADC_ExternalTrigInjectedConvConfig                CMakeFiles/freefly.dir/System/FWLIB/Src/stm32f4xx_adc.c.obj
ADC_ExternalTrigInjectedConvEdgeConfig            CMakeFiles/freefly.dir/System/FWLIB/Src/stm32f4xx_adc.c.obj
ADC_GetConversionValue                            CMakeFiles/freefly.dir/System/FWLIB/Src/stm32f4xx_adc.c.obj
ADC_GetFlagStatus                                 CMakeFiles/freefly.dir/System/FWLIB/Src/stm32f4xx_adc.c.obj
ADC_GetITStatus                                   CMakeFiles/freefly.dir/System/FWLIB/Src/stm32f4xx_adc.c.obj
ADC_GetInjectedConversionValue                    CMakeFiles/freefly.dir/System/FWLIB/Src/stm32f4xx_adc.c.obj
ADC_GetMultiModeConversionValue                   CMakeFiles/freefly.dir/System/FWLIB/Src/stm32f4xx_adc.c.obj
ADC_GetSoftwareStartConvStatus                    CMakeFiles/freefly.dir/System/FWLIB/Src/stm32f4xx_adc.c.obj
ADC_GetSoftwareStartInjectedConvCmdStatus         CMakeFiles/freefly.dir/System/FWLIB/Src/stm32f4xx_adc.c.obj
ADC_IRQHandler                                    CMakeFiles/freefly.dir/System/CMSIS/Device/startup_stm32f401xe.s.obj
ADC_ITConfig                                      CMakeFiles/freefly.dir/System/FWLIB/Src/stm32f4xx_adc.c.obj
ADC_Init                                          CMakeFiles/freefly.dir/System/FWLIB/Src/stm32f4xx_adc.c.obj
ADC_InjectedChannelConfig                         CMakeFiles/freefly.dir/System/FWLIB/Src/stm32f4xx_adc.c.obj
ADC_InjectedDiscModeCmd                           CMakeFiles/freefly.dir/System/FWLIB/Src/stm32f4xx_adc.c.obj
ADC_InjectedSequencerLengthConfig                 CMakeFiles/freefly.dir/System/FWLIB/Src/stm32f4xx_adc.c.obj
ADC_MultiModeDMARequestAfterLastTransferCmd       CMakeFiles/freefly.dir/System/FWLIB/Src/stm32f4xx_adc.c.obj
ADC_RegularChannelConfig                          CMakeFiles/freefly.dir/System/FWLIB/Src/stm32f4xx_adc.c.obj
ADC_SetInjectedOffset                             CMakeFiles/freefly.dir/System/FWLIB/Src/stm32f4xx_adc.c.obj
ADC_SoftwareStartConv                             CMakeFiles/freefly.dir/System/FWLIB/Src/stm32f4xx_adc.c.obj
ADC_SoftwareStartInjectedConv                     CMakeFiles/freefly.dir/System/FWLIB/Src/stm32f4xx_adc.c.obj
ADC_StructInit                                    CMakeFiles/freefly.dir/System/FWLIB/Src/stm32f4xx_adc.c.obj
ADC_TempSensorVrefintCmd                          CMakeFiles/freefly.dir/System/FWLIB/Src/stm32f4xx_adc.c.obj
ADC_VBATCmd                                       CMakeFiles/freefly.dir/System/FWLIB/Src/stm32f4xx_adc.c.obj
AHBPrescTable                                     CMakeFiles/freefly.dir/System/CMSIS/Device/system_stm32f4xx.c.obj
BluetoothInit                                     CMakeFiles/freefly.dir/Application/Hardware/Src/Bluetooth.c.obj
Bluetooth_ConfigInit                              CMakeFiles/freefly.dir/Application/Hardware/Src/Bluetooth.c.obj
Bluetooth_GPIOInit                                CMakeFiles/freefly.dir/Application/Hardware/Src/Bluetooth.c.obj
Bluetooth_ReceiveByte                             CMakeFiles/freefly.dir/Application/Hardware/Src/Bluetooth.c.obj
Bluetooth_SendByte                                CMakeFiles/freefly.dir/Application/Hardware/Src/Bluetooth.c.obj
Bluetooth_SendString                              CMakeFiles/freefly.dir/Application/Hardware/Src/Bluetooth.c.obj
BusFault_Handler                                  CMakeFiles/freefly.dir/System/CMSIS/Device/startup_stm32f401xe.s.obj
CAN_CancelTransmit                                CMakeFiles/freefly.dir/System/FWLIB/Src/stm32f4xx_can.c.obj
CAN_ClearFlag                                     CMakeFiles/freefly.dir/System/FWLIB/Src/stm32f4xx_can.c.obj
CAN_ClearITPendingBit                             CMakeFiles/freefly.dir/System/FWLIB/Src/stm32f4xx_can.c.obj
CAN_DBGFreeze                                     CMakeFiles/freefly.dir/System/FWLIB/Src/stm32f4xx_can.c.obj
CAN_DeInit                                        CMakeFiles/freefly.dir/System/FWLIB/Src/stm32f4xx_can.c.obj
CAN_FIFORelease                                   CMakeFiles/freefly.dir/System/FWLIB/Src/stm32f4xx_can.c.obj
CAN_FilterInit                                    CMakeFiles/freefly.dir/System/FWLIB/Src/stm32f4xx_can.c.obj
CAN_GetFlagStatus                                 CMakeFiles/freefly.dir/System/FWLIB/Src/stm32f4xx_can.c.obj
CAN_GetITStatus                                   CMakeFiles/freefly.dir/System/FWLIB/Src/stm32f4xx_can.c.obj
CAN_GetLSBTransmitErrorCounter                    CMakeFiles/freefly.dir/System/FWLIB/Src/stm32f4xx_can.c.obj
CAN_GetLastErrorCode                              CMakeFiles/freefly.dir/System/FWLIB/Src/stm32f4xx_can.c.obj
CAN_GetReceiveErrorCounter                        CMakeFiles/freefly.dir/System/FWLIB/Src/stm32f4xx_can.c.obj
CAN_ITConfig                                      CMakeFiles/freefly.dir/System/FWLIB/Src/stm32f4xx_can.c.obj
CAN_Init                                          CMakeFiles/freefly.dir/System/FWLIB/Src/stm32f4xx_can.c.obj
CAN_MessagePending                                CMakeFiles/freefly.dir/System/FWLIB/Src/stm32f4xx_can.c.obj
CAN_OperatingModeRequest                          CMakeFiles/freefly.dir/System/FWLIB/Src/stm32f4xx_can.c.obj
CAN_Receive                                       CMakeFiles/freefly.dir/System/FWLIB/Src/stm32f4xx_can.c.obj
CAN_SlaveStartBank                                CMakeFiles/freefly.dir/System/FWLIB/Src/stm32f4xx_can.c.obj
CAN_Sleep                                         CMakeFiles/freefly.dir/System/FWLIB/Src/stm32f4xx_can.c.obj
CAN_StructInit                                    CMakeFiles/freefly.dir/System/FWLIB/Src/stm32f4xx_can.c.obj
CAN_TTComModeCmd                                  CMakeFiles/freefly.dir/System/FWLIB/Src/stm32f4xx_can.c.obj
CAN_Transmit                                      CMakeFiles/freefly.dir/System/FWLIB/Src/stm32f4xx_can.c.obj
CAN_TransmitStatus                                CMakeFiles/freefly.dir/System/FWLIB/Src/stm32f4xx_can.c.obj
CAN_WakeUp                                        CMakeFiles/freefly.dir/System/FWLIB/Src/stm32f4xx_can.c.obj
CRC_CalcBlockCRC                                  CMakeFiles/freefly.dir/System/FWLIB/Src/stm32f4xx_crc.c.obj
CRC_CalcCRC                                       CMakeFiles/freefly.dir/System/FWLIB/Src/stm32f4xx_crc.c.obj
CRC_GetCRC                                        CMakeFiles/freefly.dir/System/FWLIB/Src/stm32f4xx_crc.c.obj
CRC_GetIDRegister                                 CMakeFiles/freefly.dir/System/FWLIB/Src/stm32f4xx_crc.c.obj
CRC_ResetDR                                       CMakeFiles/freefly.dir/System/FWLIB/Src/stm32f4xx_crc.c.obj
CRC_SetIDRegister                                 CMakeFiles/freefly.dir/System/FWLIB/Src/stm32f4xx_crc.c.obj
CRYP_AES_CBC                                      CMakeFiles/freefly.dir/System/FWLIB/Src/stm32f4xx_cryp_aes.c.obj
CRYP_AES_CCM                                      CMakeFiles/freefly.dir/System/FWLIB/Src/stm32f4xx_cryp_aes.c.obj
CRYP_AES_CTR                                      CMakeFiles/freefly.dir/System/FWLIB/Src/stm32f4xx_cryp_aes.c.obj
CRYP_AES_ECB                                      CMakeFiles/freefly.dir/System/FWLIB/Src/stm32f4xx_cryp_aes.c.obj
CRYP_AES_GCM                                      CMakeFiles/freefly.dir/System/FWLIB/Src/stm32f4xx_cryp_aes.c.obj
CRYP_Cmd                                          CMakeFiles/freefly.dir/System/FWLIB/Src/stm32f4xx_cryp.c.obj
                                                  CMakeFiles/freefly.dir/System/FWLIB/Src/stm32f4xx_cryp_tdes.c.obj
                                                  CMakeFiles/freefly.dir/System/FWLIB/Src/stm32f4xx_cryp_des.c.obj
                                                  CMakeFiles/freefly.dir/System/FWLIB/Src/stm32f4xx_cryp_aes.c.obj
CRYP_DES_CBC                                      CMakeFiles/freefly.dir/System/FWLIB/Src/stm32f4xx_cryp_des.c.obj
CRYP_DES_ECB                                      CMakeFiles/freefly.dir/System/FWLIB/Src/stm32f4xx_cryp_des.c.obj
CRYP_DMACmd                                       CMakeFiles/freefly.dir/System/FWLIB/Src/stm32f4xx_cryp.c.obj
CRYP_DataIn                                       CMakeFiles/freefly.dir/System/FWLIB/Src/stm32f4xx_cryp.c.obj
                                                  CMakeFiles/freefly.dir/System/FWLIB/Src/stm32f4xx_cryp_tdes.c.obj
                                                  CMakeFiles/freefly.dir/System/FWLIB/Src/stm32f4xx_cryp_des.c.obj
                                                  CMakeFiles/freefly.dir/System/FWLIB/Src/stm32f4xx_cryp_aes.c.obj
CRYP_DataOut                                      CMakeFiles/freefly.dir/System/FWLIB/Src/stm32f4xx_cryp.c.obj
                                                  CMakeFiles/freefly.dir/System/FWLIB/Src/stm32f4xx_cryp_tdes.c.obj
                                                  CMakeFiles/freefly.dir/System/FWLIB/Src/stm32f4xx_cryp_des.c.obj
                                                  CMakeFiles/freefly.dir/System/FWLIB/Src/stm32f4xx_cryp_aes.c.obj
CRYP_DeInit                                       CMakeFiles/freefly.dir/System/FWLIB/Src/stm32f4xx_cryp.c.obj
CRYP_FIFOFlush                                    CMakeFiles/freefly.dir/System/FWLIB/Src/stm32f4xx_cryp.c.obj
                                                  CMakeFiles/freefly.dir/System/FWLIB/Src/stm32f4xx_cryp_tdes.c.obj
                                                  CMakeFiles/freefly.dir/System/FWLIB/Src/stm32f4xx_cryp_des.c.obj
                                                  CMakeFiles/freefly.dir/System/FWLIB/Src/stm32f4xx_cryp_aes.c.obj
CRYP_GetCmdStatus                                 CMakeFiles/freefly.dir/System/FWLIB/Src/stm32f4xx_cryp.c.obj
                                                  CMakeFiles/freefly.dir/System/FWLIB/Src/stm32f4xx_cryp_tdes.c.obj
                                                  CMakeFiles/freefly.dir/System/FWLIB/Src/stm32f4xx_cryp_des.c.obj
                                                  CMakeFiles/freefly.dir/System/FWLIB/Src/stm32f4xx_cryp_aes.c.obj
CRYP_GetFlagStatus                                CMakeFiles/freefly.dir/System/FWLIB/Src/stm32f4xx_cryp.c.obj
                                                  CMakeFiles/freefly.dir/System/FWLIB/Src/stm32f4xx_cryp_tdes.c.obj
                                                  CMakeFiles/freefly.dir/System/FWLIB/Src/stm32f4xx_cryp_des.c.obj
                                                  CMakeFiles/freefly.dir/System/FWLIB/Src/stm32f4xx_cryp_aes.c.obj
CRYP_GetITStatus                                  CMakeFiles/freefly.dir/System/FWLIB/Src/stm32f4xx_cryp.c.obj
CRYP_ITConfig                                     CMakeFiles/freefly.dir/System/FWLIB/Src/stm32f4xx_cryp.c.obj
CRYP_IVInit                                       CMakeFiles/freefly.dir/System/FWLIB/Src/stm32f4xx_cryp.c.obj
                                                  CMakeFiles/freefly.dir/System/FWLIB/Src/stm32f4xx_cryp_tdes.c.obj
                                                  CMakeFiles/freefly.dir/System/FWLIB/Src/stm32f4xx_cryp_des.c.obj
                                                  CMakeFiles/freefly.dir/System/FWLIB/Src/stm32f4xx_cryp_aes.c.obj
CRYP_IVStructInit                                 CMakeFiles/freefly.dir/System/FWLIB/Src/stm32f4xx_cryp.c.obj
CRYP_Init                                         CMakeFiles/freefly.dir/System/FWLIB/Src/stm32f4xx_cryp.c.obj
                                                  CMakeFiles/freefly.dir/System/FWLIB/Src/stm32f4xx_cryp_tdes.c.obj
                                                  CMakeFiles/freefly.dir/System/FWLIB/Src/stm32f4xx_cryp_des.c.obj
                                                  CMakeFiles/freefly.dir/System/FWLIB/Src/stm32f4xx_cryp_aes.c.obj
CRYP_KeyInit                                      CMakeFiles/freefly.dir/System/FWLIB/Src/stm32f4xx_cryp.c.obj
                                                  CMakeFiles/freefly.dir/System/FWLIB/Src/stm32f4xx_cryp_tdes.c.obj
                                                  CMakeFiles/freefly.dir/System/FWLIB/Src/stm32f4xx_cryp_des.c.obj
                                                  CMakeFiles/freefly.dir/System/FWLIB/Src/stm32f4xx_cryp_aes.c.obj
CRYP_KeyStructInit                                CMakeFiles/freefly.dir/System/FWLIB/Src/stm32f4xx_cryp.c.obj
                                                  CMakeFiles/freefly.dir/System/FWLIB/Src/stm32f4xx_cryp_tdes.c.obj
                                                  CMakeFiles/freefly.dir/System/FWLIB/Src/stm32f4xx_cryp_des.c.obj
                                                  CMakeFiles/freefly.dir/System/FWLIB/Src/stm32f4xx_cryp_aes.c.obj
CRYP_PhaseConfig                                  CMakeFiles/freefly.dir/System/FWLIB/Src/stm32f4xx_cryp.c.obj
                                                  CMakeFiles/freefly.dir/System/FWLIB/Src/stm32f4xx_cryp_aes.c.obj
CRYP_RestoreContext                               CMakeFiles/freefly.dir/System/FWLIB/Src/stm32f4xx_cryp.c.obj
CRYP_SaveContext                                  CMakeFiles/freefly.dir/System/FWLIB/Src/stm32f4xx_cryp.c.obj
CRYP_StructInit                                   CMakeFiles/freefly.dir/System/FWLIB/Src/stm32f4xx_cryp.c.obj
CRYP_TDES_CBC                                     CMakeFiles/freefly.dir/System/FWLIB/Src/stm32f4xx_cryp_tdes.c.obj
CRYP_TDES_ECB                                     CMakeFiles/freefly.dir/System/FWLIB/Src/stm32f4xx_cryp_tdes.c.obj
DAC_ClearFlag                                     CMakeFiles/freefly.dir/System/FWLIB/Src/stm32f4xx_dac.c.obj
DAC_ClearITPendingBit                             CMakeFiles/freefly.dir/System/FWLIB/Src/stm32f4xx_dac.c.obj
DAC_Cmd                                           CMakeFiles/freefly.dir/System/FWLIB/Src/stm32f4xx_dac.c.obj
DAC_DMACmd                                        CMakeFiles/freefly.dir/System/FWLIB/Src/stm32f4xx_dac.c.obj
DAC_DeInit                                        CMakeFiles/freefly.dir/System/FWLIB/Src/stm32f4xx_dac.c.obj
DAC_DualSoftwareTriggerCmd                        CMakeFiles/freefly.dir/System/FWLIB/Src/stm32f4xx_dac.c.obj
DAC_GetDataOutputValue                            CMakeFiles/freefly.dir/System/FWLIB/Src/stm32f4xx_dac.c.obj
DAC_GetFlagStatus                                 CMakeFiles/freefly.dir/System/FWLIB/Src/stm32f4xx_dac.c.obj
DAC_GetITStatus                                   CMakeFiles/freefly.dir/System/FWLIB/Src/stm32f4xx_dac.c.obj
DAC_ITConfig                                      CMakeFiles/freefly.dir/System/FWLIB/Src/stm32f4xx_dac.c.obj
DAC_Init                                          CMakeFiles/freefly.dir/System/FWLIB/Src/stm32f4xx_dac.c.obj
DAC_SetChannel1Data                               CMakeFiles/freefly.dir/System/FWLIB/Src/stm32f4xx_dac.c.obj
DAC_SetChannel2Data                               CMakeFiles/freefly.dir/System/FWLIB/Src/stm32f4xx_dac.c.obj
DAC_SetDualChannelData                            CMakeFiles/freefly.dir/System/FWLIB/Src/stm32f4xx_dac.c.obj
DAC_SoftwareTriggerCmd                            CMakeFiles/freefly.dir/System/FWLIB/Src/stm32f4xx_dac.c.obj
DAC_StructInit                                    CMakeFiles/freefly.dir/System/FWLIB/Src/stm32f4xx_dac.c.obj
DAC_WaveGenerationCmd                             CMakeFiles/freefly.dir/System/FWLIB/Src/stm32f4xx_dac.c.obj
DBGMCU_APB1PeriphConfig                           CMakeFiles/freefly.dir/System/FWLIB/Src/stm32f4xx_dbgmcu.c.obj
DBGMCU_APB2PeriphConfig                           CMakeFiles/freefly.dir/System/FWLIB/Src/stm32f4xx_dbgmcu.c.obj
DBGMCU_Config                                     CMakeFiles/freefly.dir/System/FWLIB/Src/stm32f4xx_dbgmcu.c.obj
DBGMCU_GetDEVID                                   CMakeFiles/freefly.dir/System/FWLIB/Src/stm32f4xx_dbgmcu.c.obj
DBGMCU_GetREVID                                   CMakeFiles/freefly.dir/System/FWLIB/Src/stm32f4xx_dbgmcu.c.obj
DCMI_CROPCmd                                      CMakeFiles/freefly.dir/System/FWLIB/Src/stm32f4xx_dcmi.c.obj
DCMI_CROPConfig                                   CMakeFiles/freefly.dir/System/FWLIB/Src/stm32f4xx_dcmi.c.obj
DCMI_CaptureCmd                                   CMakeFiles/freefly.dir/System/FWLIB/Src/stm32f4xx_dcmi.c.obj
DCMI_ClearFlag                                    CMakeFiles/freefly.dir/System/FWLIB/Src/stm32f4xx_dcmi.c.obj
DCMI_ClearITPendingBit                            CMakeFiles/freefly.dir/System/FWLIB/Src/stm32f4xx_dcmi.c.obj
DCMI_Cmd                                          CMakeFiles/freefly.dir/System/FWLIB/Src/stm32f4xx_dcmi.c.obj
DCMI_DeInit                                       CMakeFiles/freefly.dir/System/FWLIB/Src/stm32f4xx_dcmi.c.obj
DCMI_GetFlagStatus                                CMakeFiles/freefly.dir/System/FWLIB/Src/stm32f4xx_dcmi.c.obj
DCMI_GetITStatus                                  CMakeFiles/freefly.dir/System/FWLIB/Src/stm32f4xx_dcmi.c.obj
DCMI_ITConfig                                     CMakeFiles/freefly.dir/System/FWLIB/Src/stm32f4xx_dcmi.c.obj
DCMI_Init                                         CMakeFiles/freefly.dir/System/FWLIB/Src/stm32f4xx_dcmi.c.obj
DCMI_JPEGCmd                                      CMakeFiles/freefly.dir/System/FWLIB/Src/stm32f4xx_dcmi.c.obj
DCMI_ReadData                                     CMakeFiles/freefly.dir/System/FWLIB/Src/stm32f4xx_dcmi.c.obj
DCMI_SetEmbeddedSynchroCodes                      CMakeFiles/freefly.dir/System/FWLIB/Src/stm32f4xx_dcmi.c.obj
DCMI_StructInit                                   CMakeFiles/freefly.dir/System/FWLIB/Src/stm32f4xx_dcmi.c.obj
DMA1_Stream0_IRQHandler                           CMakeFiles/freefly.dir/System/CMSIS/Device/startup_stm32f401xe.s.obj
DMA1_Stream1_IRQHandler                           CMakeFiles/freefly.dir/System/CMSIS/Device/startup_stm32f401xe.s.obj
DMA1_Stream2_IRQHandler                           CMakeFiles/freefly.dir/System/CMSIS/Device/startup_stm32f401xe.s.obj
DMA1_Stream3_IRQHandler                           CMakeFiles/freefly.dir/System/CMSIS/Device/startup_stm32f401xe.s.obj
DMA1_Stream4_IRQHandler                           CMakeFiles/freefly.dir/System/CMSIS/Device/startup_stm32f401xe.s.obj
DMA1_Stream5_IRQHandler                           CMakeFiles/freefly.dir/System/CMSIS/Device/startup_stm32f401xe.s.obj
DMA1_Stream6_IRQHandler                           CMakeFiles/freefly.dir/System/CMSIS/Device/startup_stm32f401xe.s.obj
DMA1_Stream7_IRQHandler                           CMakeFiles/freefly.dir/System/CMSIS/Device/startup_stm32f401xe.s.obj
DMA2D_AbortTransfer                               CMakeFiles/freefly.dir/System/FWLIB/Src/stm32f4xx_dma2d.c.obj
DMA2D_BGConfig                                    CMakeFiles/freefly.dir/System/FWLIB/Src/stm32f4xx_dma2d.c.obj
DMA2D_BGStart                                     CMakeFiles/freefly.dir/System/FWLIB/Src/stm32f4xx_dma2d.c.obj
DMA2D_BG_StructInit                               CMakeFiles/freefly.dir/System/FWLIB/Src/stm32f4xx_dma2d.c.obj
DMA2D_ClearFlag                                   CMakeFiles/freefly.dir/System/FWLIB/Src/stm32f4xx_dma2d.c.obj
DMA2D_ClearITPendingBit                           CMakeFiles/freefly.dir/System/FWLIB/Src/stm32f4xx_dma2d.c.obj
DMA2D_DeInit                                      CMakeFiles/freefly.dir/System/FWLIB/Src/stm32f4xx_dma2d.c.obj
DMA2D_DeadTimeConfig                              CMakeFiles/freefly.dir/System/FWLIB/Src/stm32f4xx_dma2d.c.obj
DMA2D_FGConfig                                    CMakeFiles/freefly.dir/System/FWLIB/Src/stm32f4xx_dma2d.c.obj
DMA2D_FGStart                                     CMakeFiles/freefly.dir/System/FWLIB/Src/stm32f4xx_dma2d.c.obj
DMA2D_FG_StructInit                               CMakeFiles/freefly.dir/System/FWLIB/Src/stm32f4xx_dma2d.c.obj
DMA2D_GetFlagStatus                               CMakeFiles/freefly.dir/System/FWLIB/Src/stm32f4xx_dma2d.c.obj
DMA2D_GetITStatus                                 CMakeFiles/freefly.dir/System/FWLIB/Src/stm32f4xx_dma2d.c.obj
DMA2D_ITConfig                                    CMakeFiles/freefly.dir/System/FWLIB/Src/stm32f4xx_dma2d.c.obj
DMA2D_Init                                        CMakeFiles/freefly.dir/System/FWLIB/Src/stm32f4xx_dma2d.c.obj
DMA2D_LineWatermarkConfig                         CMakeFiles/freefly.dir/System/FWLIB/Src/stm32f4xx_dma2d.c.obj
DMA2D_StartTransfer                               CMakeFiles/freefly.dir/System/FWLIB/Src/stm32f4xx_dma2d.c.obj
DMA2D_StructInit                                  CMakeFiles/freefly.dir/System/FWLIB/Src/stm32f4xx_dma2d.c.obj
DMA2D_Suspend                                     CMakeFiles/freefly.dir/System/FWLIB/Src/stm32f4xx_dma2d.c.obj
DMA2_Stream0_IRQHandler                           CMakeFiles/freefly.dir/System/CMSIS/Device/startup_stm32f401xe.s.obj
DMA2_Stream1_IRQHandler                           CMakeFiles/freefly.dir/System/CMSIS/Device/startup_stm32f401xe.s.obj
DMA2_Stream2_IRQHandler                           CMakeFiles/freefly.dir/System/CMSIS/Device/startup_stm32f401xe.s.obj
DMA2_Stream3_IRQHandler                           CMakeFiles/freefly.dir/System/CMSIS/Device/startup_stm32f401xe.s.obj
DMA2_Stream4_IRQHandler                           CMakeFiles/freefly.dir/System/CMSIS/Device/startup_stm32f401xe.s.obj
DMA2_Stream5_IRQHandler                           CMakeFiles/freefly.dir/System/CMSIS/Device/startup_stm32f401xe.s.obj
DMA2_Stream6_IRQHandler                           CMakeFiles/freefly.dir/System/CMSIS/Device/startup_stm32f401xe.s.obj
DMA2_Stream7_IRQHandler                           CMakeFiles/freefly.dir/System/CMSIS/Device/startup_stm32f401xe.s.obj
DMA_ClearFlag                                     CMakeFiles/freefly.dir/System/FWLIB/Src/stm32f4xx_dma.c.obj
DMA_ClearITPendingBit                             CMakeFiles/freefly.dir/System/FWLIB/Src/stm32f4xx_dma.c.obj
DMA_Cmd                                           CMakeFiles/freefly.dir/System/FWLIB/Src/stm32f4xx_dma.c.obj
DMA_DeInit                                        CMakeFiles/freefly.dir/System/FWLIB/Src/stm32f4xx_dma.c.obj
DMA_DoubleBufferModeCmd                           CMakeFiles/freefly.dir/System/FWLIB/Src/stm32f4xx_dma.c.obj
DMA_DoubleBufferModeConfig                        CMakeFiles/freefly.dir/System/FWLIB/Src/stm32f4xx_dma.c.obj
DMA_FlowControllerConfig                          CMakeFiles/freefly.dir/System/FWLIB/Src/stm32f4xx_dma.c.obj
DMA_GetCmdStatus                                  CMakeFiles/freefly.dir/System/FWLIB/Src/stm32f4xx_dma.c.obj
DMA_GetCurrDataCounter                            CMakeFiles/freefly.dir/System/FWLIB/Src/stm32f4xx_dma.c.obj
DMA_GetCurrentMemoryTarget                        CMakeFiles/freefly.dir/System/FWLIB/Src/stm32f4xx_dma.c.obj
DMA_GetFIFOStatus                                 CMakeFiles/freefly.dir/System/FWLIB/Src/stm32f4xx_dma.c.obj
DMA_GetFlagStatus                                 CMakeFiles/freefly.dir/System/FWLIB/Src/stm32f4xx_dma.c.obj
DMA_GetITStatus                                   CMakeFiles/freefly.dir/System/FWLIB/Src/stm32f4xx_dma.c.obj
DMA_ITConfig                                      CMakeFiles/freefly.dir/System/FWLIB/Src/stm32f4xx_dma.c.obj
DMA_Init                                          CMakeFiles/freefly.dir/System/FWLIB/Src/stm32f4xx_dma.c.obj
DMA_MemoryTargetConfig                            CMakeFiles/freefly.dir/System/FWLIB/Src/stm32f4xx_dma.c.obj
DMA_PeriphIncOffsetSizeConfig                     CMakeFiles/freefly.dir/System/FWLIB/Src/stm32f4xx_dma.c.obj
DMA_SetCurrDataCounter                            CMakeFiles/freefly.dir/System/FWLIB/Src/stm32f4xx_dma.c.obj
DMA_StructInit                                    CMakeFiles/freefly.dir/System/FWLIB/Src/stm32f4xx_dma.c.obj
DebugMon_Handler                                  CMakeFiles/freefly.dir/System/CMSIS/Device/startup_stm32f401xe.s.obj
Default_Handler                                   CMakeFiles/freefly.dir/System/CMSIS/Device/startup_stm32f401xe.s.obj
Delay_ms                                          CMakeFiles/freefly.dir/Application/SystemConfig/MyDelay.c.obj
                                                  CMakeFiles/freefly.dir/Application/main.c.obj
Delay_s                                           CMakeFiles/freefly.dir/Application/SystemConfig/MyDelay.c.obj
Delay_us                                          CMakeFiles/freefly.dir/Application/SystemConfig/MyDelay.c.obj
DutyCycle                                         CMakeFiles/freefly.dir/Application/Hardware/Src/Receiver.c.obj
EXTI0_IRQHandler                                  CMakeFiles/freefly.dir/System/CMSIS/Device/startup_stm32f401xe.s.obj
EXTI15_10_IRQHandler                              CMakeFiles/freefly.dir/System/CMSIS/Device/startup_stm32f401xe.s.obj
EXTI1_IRQHandler                                  CMakeFiles/freefly.dir/System/CMSIS/Device/startup_stm32f401xe.s.obj
EXTI2_IRQHandler                                  CMakeFiles/freefly.dir/System/CMSIS/Device/startup_stm32f401xe.s.obj
EXTI3_IRQHandler                                  CMakeFiles/freefly.dir/System/CMSIS/Device/startup_stm32f401xe.s.obj
EXTI4_IRQHandler                                  CMakeFiles/freefly.dir/System/CMSIS/Device/startup_stm32f401xe.s.obj
EXTI9_5_IRQHandler                                CMakeFiles/freefly.dir/System/CMSIS/Device/startup_stm32f401xe.s.obj
EXTI_ClearFlag                                    CMakeFiles/freefly.dir/System/FWLIB/Src/stm32f4xx_exti.c.obj
EXTI_ClearITPendingBit                            CMakeFiles/freefly.dir/System/FWLIB/Src/stm32f4xx_exti.c.obj
EXTI_DeInit                                       CMakeFiles/freefly.dir/System/FWLIB/Src/stm32f4xx_exti.c.obj
EXTI_GenerateSWInterrupt                          CMakeFiles/freefly.dir/System/FWLIB/Src/stm32f4xx_exti.c.obj
EXTI_GetFlagStatus                                CMakeFiles/freefly.dir/System/FWLIB/Src/stm32f4xx_exti.c.obj
EXTI_GetITStatus                                  CMakeFiles/freefly.dir/System/FWLIB/Src/stm32f4xx_exti.c.obj
EXTI_Init                                         CMakeFiles/freefly.dir/System/FWLIB/Src/stm32f4xx_exti.c.obj
EXTI_StructInit                                   CMakeFiles/freefly.dir/System/FWLIB/Src/stm32f4xx_exti.c.obj
FLASH_ClearFlag                                   CMakeFiles/freefly.dir/System/FWLIB/Src/stm32f4xx_flash.c.obj
FLASH_DataCacheCmd                                CMakeFiles/freefly.dir/System/FWLIB/Src/stm32f4xx_flash.c.obj
FLASH_DataCacheReset                              CMakeFiles/freefly.dir/System/FWLIB/Src/stm32f4xx_flash.c.obj
FLASH_EraseAllBank1Sectors                        CMakeFiles/freefly.dir/System/FWLIB/Src/stm32f4xx_flash.c.obj
FLASH_EraseAllBank2Sectors                        CMakeFiles/freefly.dir/System/FWLIB/Src/stm32f4xx_flash.c.obj
FLASH_EraseAllSectors                             CMakeFiles/freefly.dir/System/FWLIB/Src/stm32f4xx_flash.c.obj
FLASH_EraseSector                                 CMakeFiles/freefly.dir/System/FWLIB/Src/stm32f4xx_flash.c.obj
FLASH_FlashInterfaceCmd                           CMakeFiles/freefly.dir/System/FWLIB/Src/stm32f4xx_flash_ramfunc.c.obj
FLASH_FlashSleepModeCmd                           CMakeFiles/freefly.dir/System/FWLIB/Src/stm32f4xx_flash_ramfunc.c.obj
FLASH_GetFlagStatus                               CMakeFiles/freefly.dir/System/FWLIB/Src/stm32f4xx_flash.c.obj
FLASH_GetStatus                                   CMakeFiles/freefly.dir/System/FWLIB/Src/stm32f4xx_flash.c.obj
FLASH_IRQHandler                                  CMakeFiles/freefly.dir/System/CMSIS/Device/startup_stm32f401xe.s.obj
FLASH_ITConfig                                    CMakeFiles/freefly.dir/System/FWLIB/Src/stm32f4xx_flash.c.obj
FLASH_InstructionCacheCmd                         CMakeFiles/freefly.dir/System/FWLIB/Src/stm32f4xx_flash.c.obj
FLASH_InstructionCacheReset                       CMakeFiles/freefly.dir/System/FWLIB/Src/stm32f4xx_flash.c.obj
FLASH_Lock                                        CMakeFiles/freefly.dir/System/FWLIB/Src/stm32f4xx_flash.c.obj
FLASH_OB_BORConfig                                CMakeFiles/freefly.dir/System/FWLIB/Src/stm32f4xx_flash.c.obj
FLASH_OB_BootConfig                               CMakeFiles/freefly.dir/System/FWLIB/Src/stm32f4xx_flash.c.obj
FLASH_OB_GetBOR                                   CMakeFiles/freefly.dir/System/FWLIB/Src/stm32f4xx_flash.c.obj
FLASH_OB_GetPCROP                                 CMakeFiles/freefly.dir/System/FWLIB/Src/stm32f4xx_flash.c.obj
FLASH_OB_GetPCROP1                                CMakeFiles/freefly.dir/System/FWLIB/Src/stm32f4xx_flash.c.obj
FLASH_OB_GetRDP                                   CMakeFiles/freefly.dir/System/FWLIB/Src/stm32f4xx_flash.c.obj
FLASH_OB_GetUser                                  CMakeFiles/freefly.dir/System/FWLIB/Src/stm32f4xx_flash.c.obj
FLASH_OB_GetWRP                                   CMakeFiles/freefly.dir/System/FWLIB/Src/stm32f4xx_flash.c.obj
FLASH_OB_GetWRP1                                  CMakeFiles/freefly.dir/System/FWLIB/Src/stm32f4xx_flash.c.obj
FLASH_OB_Launch                                   CMakeFiles/freefly.dir/System/FWLIB/Src/stm32f4xx_flash.c.obj
FLASH_OB_Lock                                     CMakeFiles/freefly.dir/System/FWLIB/Src/stm32f4xx_flash.c.obj
FLASH_OB_PCROP1Config                             CMakeFiles/freefly.dir/System/FWLIB/Src/stm32f4xx_flash.c.obj
FLASH_OB_PCROPConfig                              CMakeFiles/freefly.dir/System/FWLIB/Src/stm32f4xx_flash.c.obj
FLASH_OB_PCROPSelectionConfig                     CMakeFiles/freefly.dir/System/FWLIB/Src/stm32f4xx_flash.c.obj
FLASH_OB_RDPConfig                                CMakeFiles/freefly.dir/System/FWLIB/Src/stm32f4xx_flash.c.obj
FLASH_OB_Unlock                                   CMakeFiles/freefly.dir/System/FWLIB/Src/stm32f4xx_flash.c.obj
FLASH_OB_UserConfig                               CMakeFiles/freefly.dir/System/FWLIB/Src/stm32f4xx_flash.c.obj
FLASH_OB_WRP1Config                               CMakeFiles/freefly.dir/System/FWLIB/Src/stm32f4xx_flash.c.obj
FLASH_OB_WRPConfig                                CMakeFiles/freefly.dir/System/FWLIB/Src/stm32f4xx_flash.c.obj
FLASH_PrefetchBufferCmd                           CMakeFiles/freefly.dir/System/FWLIB/Src/stm32f4xx_flash.c.obj
FLASH_ProgramByte                                 CMakeFiles/freefly.dir/System/FWLIB/Src/stm32f4xx_flash.c.obj
FLASH_ProgramDoubleWord                           CMakeFiles/freefly.dir/System/FWLIB/Src/stm32f4xx_flash.c.obj
FLASH_ProgramHalfWord                             CMakeFiles/freefly.dir/System/FWLIB/Src/stm32f4xx_flash.c.obj
FLASH_ProgramWord                                 CMakeFiles/freefly.dir/System/FWLIB/Src/stm32f4xx_flash.c.obj
FLASH_SetLatency                                  CMakeFiles/freefly.dir/System/FWLIB/Src/stm32f4xx_flash.c.obj
FLASH_Unlock                                      CMakeFiles/freefly.dir/System/FWLIB/Src/stm32f4xx_flash.c.obj
FLASH_WaitForLastOperation                        CMakeFiles/freefly.dir/System/FWLIB/Src/stm32f4xx_flash.c.obj
FPU_IRQHandler                                    CMakeFiles/freefly.dir/System/CMSIS/Device/startup_stm32f401xe.s.obj
FSMC_ClearFlag                                    CMakeFiles/freefly.dir/System/FWLIB/Src/stm32f4xx_fsmc.c.obj
FSMC_ClearITPendingBit                            CMakeFiles/freefly.dir/System/FWLIB/Src/stm32f4xx_fsmc.c.obj
FSMC_DefaultTimingStruct                          CMakeFiles/freefly.dir/System/FWLIB/Src/stm32f4xx_fsmc.c.obj
FSMC_GetECC                                       CMakeFiles/freefly.dir/System/FWLIB/Src/stm32f4xx_fsmc.c.obj
FSMC_GetFlagStatus                                CMakeFiles/freefly.dir/System/FWLIB/Src/stm32f4xx_fsmc.c.obj
FSMC_GetITStatus                                  CMakeFiles/freefly.dir/System/FWLIB/Src/stm32f4xx_fsmc.c.obj
FSMC_ITConfig                                     CMakeFiles/freefly.dir/System/FWLIB/Src/stm32f4xx_fsmc.c.obj
FSMC_NANDCmd                                      CMakeFiles/freefly.dir/System/FWLIB/Src/stm32f4xx_fsmc.c.obj
FSMC_NANDDeInit                                   CMakeFiles/freefly.dir/System/FWLIB/Src/stm32f4xx_fsmc.c.obj
FSMC_NANDECCCmd                                   CMakeFiles/freefly.dir/System/FWLIB/Src/stm32f4xx_fsmc.c.obj
FSMC_NANDInit                                     CMakeFiles/freefly.dir/System/FWLIB/Src/stm32f4xx_fsmc.c.obj
FSMC_NANDStructInit                               CMakeFiles/freefly.dir/System/FWLIB/Src/stm32f4xx_fsmc.c.obj
FSMC_NORSRAMCmd                                   CMakeFiles/freefly.dir/System/FWLIB/Src/stm32f4xx_fsmc.c.obj
FSMC_NORSRAMDeInit                                CMakeFiles/freefly.dir/System/FWLIB/Src/stm32f4xx_fsmc.c.obj
FSMC_NORSRAMInit                                  CMakeFiles/freefly.dir/System/FWLIB/Src/stm32f4xx_fsmc.c.obj
FSMC_NORSRAMStructInit                            CMakeFiles/freefly.dir/System/FWLIB/Src/stm32f4xx_fsmc.c.obj
FSMC_PCCARDCmd                                    CMakeFiles/freefly.dir/System/FWLIB/Src/stm32f4xx_fsmc.c.obj
FSMC_PCCARDDeInit                                 CMakeFiles/freefly.dir/System/FWLIB/Src/stm32f4xx_fsmc.c.obj
FSMC_PCCARDInit                                   CMakeFiles/freefly.dir/System/FWLIB/Src/stm32f4xx_fsmc.c.obj
FSMC_PCCARDStructInit                             CMakeFiles/freefly.dir/System/FWLIB/Src/stm32f4xx_fsmc.c.obj
First                                             CMakeFiles/freefly.dir/Application/Hardware/Src/Receiver.c.obj
GPIO_DeInit                                       CMakeFiles/freefly.dir/System/FWLIB/Src/stm32f4xx_gpio.c.obj
GPIO_Init                                         CMakeFiles/freefly.dir/System/FWLIB/Src/stm32f4xx_gpio.c.obj
                                                  CMakeFiles/freefly.dir/Application/Hardware/Src/Motor.c.obj
GPIO_PinAFConfig                                  CMakeFiles/freefly.dir/System/FWLIB/Src/stm32f4xx_gpio.c.obj
GPIO_PinLockConfig                                CMakeFiles/freefly.dir/System/FWLIB/Src/stm32f4xx_gpio.c.obj
GPIO_ReadInputData                                CMakeFiles/freefly.dir/System/FWLIB/Src/stm32f4xx_gpio.c.obj
GPIO_ReadInputDataBit                             CMakeFiles/freefly.dir/System/FWLIB/Src/stm32f4xx_gpio.c.obj
GPIO_ReadOutputData                               CMakeFiles/freefly.dir/System/FWLIB/Src/stm32f4xx_gpio.c.obj
GPIO_ReadOutputDataBit                            CMakeFiles/freefly.dir/System/FWLIB/Src/stm32f4xx_gpio.c.obj
GPIO_ResetBits                                    CMakeFiles/freefly.dir/System/FWLIB/Src/stm32f4xx_gpio.c.obj
GPIO_SetBits                                      CMakeFiles/freefly.dir/System/FWLIB/Src/stm32f4xx_gpio.c.obj
GPIO_StructInit                                   CMakeFiles/freefly.dir/System/FWLIB/Src/stm32f4xx_gpio.c.obj
GPIO_ToggleBits                                   CMakeFiles/freefly.dir/System/FWLIB/Src/stm32f4xx_gpio.c.obj
GPIO_Write                                        CMakeFiles/freefly.dir/System/FWLIB/Src/stm32f4xx_gpio.c.obj
GPIO_WriteBit                                     CMakeFiles/freefly.dir/System/FWLIB/Src/stm32f4xx_gpio.c.obj
GetACCXMPU6050                                    CMakeFiles/freefly.dir/Application/Hardware/Src/GY86.c.obj
GetACCYMPU6050                                    CMakeFiles/freefly.dir/Application/Hardware/Src/GY86.c.obj
GetACCZMPU6050                                    CMakeFiles/freefly.dir/Application/Hardware/Src/GY86.c.obj
GetXHMC5883                                       CMakeFiles/freefly.dir/Application/Hardware/Src/GY86.c.obj
GetYHMC5883                                       CMakeFiles/freefly.dir/Application/Hardware/Src/GY86.c.obj
GetZHMC5883                                       CMakeFiles/freefly.dir/Application/Hardware/Src/GY86.c.obj
HASH_AutoStartDigest                              CMakeFiles/freefly.dir/System/FWLIB/Src/stm32f4xx_hash.c.obj
HASH_ClearFlag                                    CMakeFiles/freefly.dir/System/FWLIB/Src/stm32f4xx_hash.c.obj
HASH_ClearITPendingBit                            CMakeFiles/freefly.dir/System/FWLIB/Src/stm32f4xx_hash.c.obj
HASH_DMACmd                                       CMakeFiles/freefly.dir/System/FWLIB/Src/stm32f4xx_hash.c.obj
HASH_DataIn                                       CMakeFiles/freefly.dir/System/FWLIB/Src/stm32f4xx_hash.c.obj
                                                  CMakeFiles/freefly.dir/System/FWLIB/Src/stm32f4xx_hash_sha1.c.obj
                                                  CMakeFiles/freefly.dir/System/FWLIB/Src/stm32f4xx_hash_md5.c.obj
HASH_DeInit                                       CMakeFiles/freefly.dir/System/FWLIB/Src/stm32f4xx_hash.c.obj
                                                  CMakeFiles/freefly.dir/System/FWLIB/Src/stm32f4xx_hash_sha1.c.obj
                                                  CMakeFiles/freefly.dir/System/FWLIB/Src/stm32f4xx_hash_md5.c.obj
HASH_GetDigest                                    CMakeFiles/freefly.dir/System/FWLIB/Src/stm32f4xx_hash.c.obj
                                                  CMakeFiles/freefly.dir/System/FWLIB/Src/stm32f4xx_hash_sha1.c.obj
                                                  CMakeFiles/freefly.dir/System/FWLIB/Src/stm32f4xx_hash_md5.c.obj
HASH_GetFlagStatus                                CMakeFiles/freefly.dir/System/FWLIB/Src/stm32f4xx_hash.c.obj
                                                  CMakeFiles/freefly.dir/System/FWLIB/Src/stm32f4xx_hash_sha1.c.obj
                                                  CMakeFiles/freefly.dir/System/FWLIB/Src/stm32f4xx_hash_md5.c.obj
HASH_GetITStatus                                  CMakeFiles/freefly.dir/System/FWLIB/Src/stm32f4xx_hash.c.obj
HASH_GetInFIFOWordsNbr                            CMakeFiles/freefly.dir/System/FWLIB/Src/stm32f4xx_hash.c.obj
HASH_ITConfig                                     CMakeFiles/freefly.dir/System/FWLIB/Src/stm32f4xx_hash.c.obj
HASH_Init                                         CMakeFiles/freefly.dir/System/FWLIB/Src/stm32f4xx_hash.c.obj
                                                  CMakeFiles/freefly.dir/System/FWLIB/Src/stm32f4xx_hash_sha1.c.obj
                                                  CMakeFiles/freefly.dir/System/FWLIB/Src/stm32f4xx_hash_md5.c.obj
HASH_MD5                                          CMakeFiles/freefly.dir/System/FWLIB/Src/stm32f4xx_hash_md5.c.obj
HASH_Reset                                        CMakeFiles/freefly.dir/System/FWLIB/Src/stm32f4xx_hash.c.obj
HASH_RestoreContext                               CMakeFiles/freefly.dir/System/FWLIB/Src/stm32f4xx_hash.c.obj
HASH_SHA1                                         CMakeFiles/freefly.dir/System/FWLIB/Src/stm32f4xx_hash_sha1.c.obj
HASH_SaveContext                                  CMakeFiles/freefly.dir/System/FWLIB/Src/stm32f4xx_hash.c.obj
HASH_SetLastWordValidBitsNbr                      CMakeFiles/freefly.dir/System/FWLIB/Src/stm32f4xx_hash.c.obj
                                                  CMakeFiles/freefly.dir/System/FWLIB/Src/stm32f4xx_hash_sha1.c.obj
                                                  CMakeFiles/freefly.dir/System/FWLIB/Src/stm32f4xx_hash_md5.c.obj
HASH_StartDigest                                  CMakeFiles/freefly.dir/System/FWLIB/Src/stm32f4xx_hash.c.obj
                                                  CMakeFiles/freefly.dir/System/FWLIB/Src/stm32f4xx_hash_sha1.c.obj
                                                  CMakeFiles/freefly.dir/System/FWLIB/Src/stm32f4xx_hash_md5.c.obj
HASH_StructInit                                   CMakeFiles/freefly.dir/System/FWLIB/Src/stm32f4xx_hash.c.obj
HMAC_MD5                                          CMakeFiles/freefly.dir/System/FWLIB/Src/stm32f4xx_hash_md5.c.obj
HMAC_SHA1                                         CMakeFiles/freefly.dir/System/FWLIB/Src/stm32f4xx_hash_sha1.c.obj
HMC5883Init                                       CMakeFiles/freefly.dir/Application/Hardware/Src/GY86.c.obj
HardFault_Handler                                 CMakeFiles/freefly.dir/System/CMSIS/Device/startup_stm32f401xe.s.obj
I2C1_ER_IRQHandler                                CMakeFiles/freefly.dir/System/CMSIS/Device/startup_stm32f401xe.s.obj
I2C1_EV_IRQHandler                                CMakeFiles/freefly.dir/System/CMSIS/Device/startup_stm32f401xe.s.obj
I2C2_ER_IRQHandler                                CMakeFiles/freefly.dir/System/CMSIS/Device/startup_stm32f401xe.s.obj
I2C2_EV_IRQHandler                                CMakeFiles/freefly.dir/System/CMSIS/Device/startup_stm32f401xe.s.obj
I2C3_ER_IRQHandler                                CMakeFiles/freefly.dir/System/CMSIS/Device/startup_stm32f401xe.s.obj
I2C3_EV_IRQHandler                                CMakeFiles/freefly.dir/System/CMSIS/Device/startup_stm32f401xe.s.obj
I2C_ARPCmd                                        CMakeFiles/freefly.dir/System/FWLIB/Src/stm32f4xx_i2c.c.obj
I2C_AcknowledgeConfig                             CMakeFiles/freefly.dir/System/FWLIB/Src/stm32f4xx_i2c.c.obj
I2C_AnalogFilterCmd                               CMakeFiles/freefly.dir/System/FWLIB/Src/stm32f4xx_i2c.c.obj
I2C_CalculatePEC                                  CMakeFiles/freefly.dir/System/FWLIB/Src/stm32f4xx_i2c.c.obj
I2C_CheckEvent                                    CMakeFiles/freefly.dir/System/FWLIB/Src/stm32f4xx_i2c.c.obj
I2C_ClearFlag                                     CMakeFiles/freefly.dir/System/FWLIB/Src/stm32f4xx_i2c.c.obj
I2C_ClearITPendingBit                             CMakeFiles/freefly.dir/System/FWLIB/Src/stm32f4xx_i2c.c.obj
I2C_Cmd                                           CMakeFiles/freefly.dir/System/FWLIB/Src/stm32f4xx_i2c.c.obj
I2C_DMACmd                                        CMakeFiles/freefly.dir/System/FWLIB/Src/stm32f4xx_i2c.c.obj
I2C_DMALastTransferCmd                            CMakeFiles/freefly.dir/System/FWLIB/Src/stm32f4xx_i2c.c.obj
I2C_DeInit                                        CMakeFiles/freefly.dir/System/FWLIB/Src/stm32f4xx_i2c.c.obj
I2C_DigitalFilterConfig                           CMakeFiles/freefly.dir/System/FWLIB/Src/stm32f4xx_i2c.c.obj
I2C_DualAddressCmd                                CMakeFiles/freefly.dir/System/FWLIB/Src/stm32f4xx_i2c.c.obj
I2C_FastModeDutyCycleConfig                       CMakeFiles/freefly.dir/System/FWLIB/Src/stm32f4xx_i2c.c.obj
I2C_GeneralCallCmd                                CMakeFiles/freefly.dir/System/FWLIB/Src/stm32f4xx_i2c.c.obj
I2C_GenerateSTART                                 CMakeFiles/freefly.dir/System/FWLIB/Src/stm32f4xx_i2c.c.obj
I2C_GenerateSTOP                                  CMakeFiles/freefly.dir/System/FWLIB/Src/stm32f4xx_i2c.c.obj
I2C_GetFlagStatus                                 CMakeFiles/freefly.dir/System/FWLIB/Src/stm32f4xx_i2c.c.obj
I2C_GetITStatus                                   CMakeFiles/freefly.dir/System/FWLIB/Src/stm32f4xx_i2c.c.obj
I2C_GetLastEvent                                  CMakeFiles/freefly.dir/System/FWLIB/Src/stm32f4xx_i2c.c.obj
I2C_GetPEC                                        CMakeFiles/freefly.dir/System/FWLIB/Src/stm32f4xx_i2c.c.obj
I2C_ITConfig                                      CMakeFiles/freefly.dir/System/FWLIB/Src/stm32f4xx_i2c.c.obj
I2C_Init                                          CMakeFiles/freefly.dir/System/FWLIB/Src/stm32f4xx_i2c.c.obj
I2C_NACKPositionConfig                            CMakeFiles/freefly.dir/System/FWLIB/Src/stm32f4xx_i2c.c.obj
I2C_OwnAddress2Config                             CMakeFiles/freefly.dir/System/FWLIB/Src/stm32f4xx_i2c.c.obj
I2C_PECPositionConfig                             CMakeFiles/freefly.dir/System/FWLIB/Src/stm32f4xx_i2c.c.obj
I2C_ReadRegister                                  CMakeFiles/freefly.dir/System/FWLIB/Src/stm32f4xx_i2c.c.obj
I2C_ReceiveData                                   CMakeFiles/freefly.dir/System/FWLIB/Src/stm32f4xx_i2c.c.obj
I2C_SMBusAlertConfig                              CMakeFiles/freefly.dir/System/FWLIB/Src/stm32f4xx_i2c.c.obj
I2C_Send7bitAddress                               CMakeFiles/freefly.dir/System/FWLIB/Src/stm32f4xx_i2c.c.obj
I2C_SendData                                      CMakeFiles/freefly.dir/System/FWLIB/Src/stm32f4xx_i2c.c.obj
I2C_SoftwareResetCmd                              CMakeFiles/freefly.dir/System/FWLIB/Src/stm32f4xx_i2c.c.obj
I2C_StretchClockCmd                               CMakeFiles/freefly.dir/System/FWLIB/Src/stm32f4xx_i2c.c.obj
I2C_StructInit                                    CMakeFiles/freefly.dir/System/FWLIB/Src/stm32f4xx_i2c.c.obj
I2C_TransmitPEC                                   CMakeFiles/freefly.dir/System/FWLIB/Src/stm32f4xx_i2c.c.obj
I2S_Cmd                                           CMakeFiles/freefly.dir/System/FWLIB/Src/stm32f4xx_spi.c.obj
I2S_FullDuplexConfig                              CMakeFiles/freefly.dir/System/FWLIB/Src/stm32f4xx_spi.c.obj
I2S_Init                                          CMakeFiles/freefly.dir/System/FWLIB/Src/stm32f4xx_spi.c.obj
I2S_StructInit                                    CMakeFiles/freefly.dir/System/FWLIB/Src/stm32f4xx_spi.c.obj
IWDG_Enable                                       CMakeFiles/freefly.dir/System/FWLIB/Src/stm32f4xx_iwdg.c.obj
IWDG_GetFlagStatus                                CMakeFiles/freefly.dir/System/FWLIB/Src/stm32f4xx_iwdg.c.obj
IWDG_ReloadCounter                                CMakeFiles/freefly.dir/System/FWLIB/Src/stm32f4xx_iwdg.c.obj
IWDG_SetPrescaler                                 CMakeFiles/freefly.dir/System/FWLIB/Src/stm32f4xx_iwdg.c.obj
IWDG_SetReload                                    CMakeFiles/freefly.dir/System/FWLIB/Src/stm32f4xx_iwdg.c.obj
IWDG_WriteAccessCmd                               CMakeFiles/freefly.dir/System/FWLIB/Src/stm32f4xx_iwdg.c.obj
LED_OFF                                           CMakeFiles/freefly.dir/Application/main.c.obj
LED_ON                                            CMakeFiles/freefly.dir/Application/main.c.obj
LTDC_CLUTCmd                                      CMakeFiles/freefly.dir/System/FWLIB/Src/stm32f4xx_ltdc.c.obj
LTDC_CLUTInit                                     CMakeFiles/freefly.dir/System/FWLIB/Src/stm32f4xx_ltdc.c.obj
LTDC_CLUTStructInit                               CMakeFiles/freefly.dir/System/FWLIB/Src/stm32f4xx_ltdc.c.obj
LTDC_ClearFlag                                    CMakeFiles/freefly.dir/System/FWLIB/Src/stm32f4xx_ltdc.c.obj
LTDC_ClearITPendingBit                            CMakeFiles/freefly.dir/System/FWLIB/Src/stm32f4xx_ltdc.c.obj
LTDC_Cmd                                          CMakeFiles/freefly.dir/System/FWLIB/Src/stm32f4xx_ltdc.c.obj
LTDC_ColorKeyingConfig                            CMakeFiles/freefly.dir/System/FWLIB/Src/stm32f4xx_ltdc.c.obj
LTDC_ColorKeyingStructInit                        CMakeFiles/freefly.dir/System/FWLIB/Src/stm32f4xx_ltdc.c.obj
LTDC_DeInit                                       CMakeFiles/freefly.dir/System/FWLIB/Src/stm32f4xx_ltdc.c.obj
LTDC_DitherCmd                                    CMakeFiles/freefly.dir/System/FWLIB/Src/stm32f4xx_ltdc.c.obj
LTDC_GetCDStatus                                  CMakeFiles/freefly.dir/System/FWLIB/Src/stm32f4xx_ltdc.c.obj
LTDC_GetFlagStatus                                CMakeFiles/freefly.dir/System/FWLIB/Src/stm32f4xx_ltdc.c.obj
LTDC_GetITStatus                                  CMakeFiles/freefly.dir/System/FWLIB/Src/stm32f4xx_ltdc.c.obj
LTDC_GetPosStatus                                 CMakeFiles/freefly.dir/System/FWLIB/Src/stm32f4xx_ltdc.c.obj
LTDC_GetRGBWidth                                  CMakeFiles/freefly.dir/System/FWLIB/Src/stm32f4xx_ltdc.c.obj
LTDC_ITConfig                                     CMakeFiles/freefly.dir/System/FWLIB/Src/stm32f4xx_ltdc.c.obj
LTDC_Init                                         CMakeFiles/freefly.dir/System/FWLIB/Src/stm32f4xx_ltdc.c.obj
LTDC_LIPConfig                                    CMakeFiles/freefly.dir/System/FWLIB/Src/stm32f4xx_ltdc.c.obj
LTDC_LayerAddress                                 CMakeFiles/freefly.dir/System/FWLIB/Src/stm32f4xx_ltdc.c.obj
LTDC_LayerAlpha                                   CMakeFiles/freefly.dir/System/FWLIB/Src/stm32f4xx_ltdc.c.obj
LTDC_LayerCmd                                     CMakeFiles/freefly.dir/System/FWLIB/Src/stm32f4xx_ltdc.c.obj
LTDC_LayerInit                                    CMakeFiles/freefly.dir/System/FWLIB/Src/stm32f4xx_ltdc.c.obj
LTDC_LayerPixelFormat                             CMakeFiles/freefly.dir/System/FWLIB/Src/stm32f4xx_ltdc.c.obj
LTDC_LayerPosition                                CMakeFiles/freefly.dir/System/FWLIB/Src/stm32f4xx_ltdc.c.obj
LTDC_LayerSize                                    CMakeFiles/freefly.dir/System/FWLIB/Src/stm32f4xx_ltdc.c.obj
LTDC_LayerStructInit                              CMakeFiles/freefly.dir/System/FWLIB/Src/stm32f4xx_ltdc.c.obj
LTDC_PosStructInit                                CMakeFiles/freefly.dir/System/FWLIB/Src/stm32f4xx_ltdc.c.obj
LTDC_RGBStructInit                                CMakeFiles/freefly.dir/System/FWLIB/Src/stm32f4xx_ltdc.c.obj
LTDC_ReloadConfig                                 CMakeFiles/freefly.dir/System/FWLIB/Src/stm32f4xx_ltdc.c.obj
LTDC_StructInit                                   CMakeFiles/freefly.dir/System/FWLIB/Src/stm32f4xx_ltdc.c.obj
MPU6050Init                                       CMakeFiles/freefly.dir/Application/Hardware/Src/GY86.c.obj
MS5611Init                                        CMakeFiles/freefly.dir/Application/Hardware/Src/GY86.c.obj
MY_NVIC_Init                                      CMakeFiles/freefly.dir/Application/Hardware/Src/Receiver.c.obj
MY_NVIC_PriorityGroupConfig                       CMakeFiles/freefly.dir/Application/Hardware/Src/Receiver.c.obj
MemManage_Handler                                 CMakeFiles/freefly.dir/System/CMSIS/Device/startup_stm32f401xe.s.obj
Motor_Init                                        CMakeFiles/freefly.dir/Application/Hardware/Src/Motor.c.obj
Motor_SetDutyCycle                                CMakeFiles/freefly.dir/Application/Hardware/Src/Motor.c.obj
MyI2C_CheckBusy                                   CMakeFiles/freefly.dir/Application/Hardware/Src/MyI2C.c.obj
MyI2C_CheckMasterByteTransmitted                  CMakeFiles/freefly.dir/Application/Hardware/Src/MyI2C.c.obj
MyI2C_CheckMasterModeSelected                     CMakeFiles/freefly.dir/Application/Hardware/Src/MyI2C.c.obj
MyI2C_CheckMasterReceiverModeSelected             CMakeFiles/freefly.dir/Application/Hardware/Src/MyI2C.c.obj
MyI2C_CheckMasterTransmitterModeSelected          CMakeFiles/freefly.dir/Application/Hardware/Src/MyI2C.c.obj
MyI2C_CheckRXNE                                   CMakeFiles/freefly.dir/Application/Hardware/Src/MyI2C.c.obj
MyI2C_CheckTXE                                    CMakeFiles/freefly.dir/Application/Hardware/Src/MyI2C.c.obj
MyI2C_GPIOInit                                    CMakeFiles/freefly.dir/Application/Hardware/Src/MyI2C.c.obj
MyI2C_Init                                        CMakeFiles/freefly.dir/Application/Hardware/Src/MyI2C.c.obj
MyI2C_MasterRead                                  CMakeFiles/freefly.dir/Application/Hardware/Src/MyI2C.c.obj
MyI2C_MasterReceive                               CMakeFiles/freefly.dir/Application/Hardware/Src/MyI2C.c.obj
MyI2C_MasterReceiver                              CMakeFiles/freefly.dir/Application/Hardware/Src/MyI2C.c.obj
MyI2C_ReadRegister_1Bytes                         CMakeFiles/freefly.dir/Application/Hardware/Src/MyI2C.c.obj
                                                  CMakeFiles/freefly.dir/Application/Hardware/Src/GY86.c.obj
MyI2C_ReadRegister_2Bytes                         CMakeFiles/freefly.dir/Application/Hardware/Src/MyI2C.c.obj
                                                  CMakeFiles/freefly.dir/Application/Hardware/Src/GY86.c.obj
MyI2C_ReceiveData                                 CMakeFiles/freefly.dir/Application/Hardware/Src/MyI2C.c.obj
MyI2C_Send7bitAddress                             CMakeFiles/freefly.dir/Application/Hardware/Src/MyI2C.c.obj
MyI2C_SendData                                    CMakeFiles/freefly.dir/Application/Hardware/Src/MyI2C.c.obj
MyI2C_SetAck                                      CMakeFiles/freefly.dir/Application/Hardware/Src/MyI2C.c.obj
MyI2C_SetMasterMode                               CMakeFiles/freefly.dir/Application/Hardware/Src/MyI2C.c.obj
MyI2C_SetStart                                    CMakeFiles/freefly.dir/Application/Hardware/Src/MyI2C.c.obj
MyI2C_SetStop                                     CMakeFiles/freefly.dir/Application/Hardware/Src/MyI2C.c.obj
MyI2C_WriteRegister                               CMakeFiles/freefly.dir/Application/Hardware/Src/MyI2C.c.obj
                                                  CMakeFiles/freefly.dir/Application/Hardware/Src/GY86.c.obj
MyI2C_WriteRegisterHMC5883                        CMakeFiles/freefly.dir/Application/Hardware/Src/MyI2C.c.obj
                                                  CMakeFiles/freefly.dir/Application/Hardware/Src/GY86.c.obj
My_Systick_Config                                 CMakeFiles/freefly.dir/Application/SystemConfig/systick.c.obj
NMI_Handler                                       CMakeFiles/freefly.dir/System/CMSIS/Device/startup_stm32f401xe.s.obj
NVIC_Init                                         CMakeFiles/freefly.dir/System/FWLIB/Src/misc.c.obj
                                                  CMakeFiles/freefly.dir/Application/Hardware/Src/Receiver.c.obj
NVIC_PriorityGroupConfig                          CMakeFiles/freefly.dir/System/FWLIB/Src/misc.c.obj
                                                  CMakeFiles/freefly.dir/Application/Hardware/Src/Receiver.c.obj
NVIC_SetVectorTable                               CMakeFiles/freefly.dir/System/FWLIB/Src/misc.c.obj
NVIC_SystemLPConfig                               CMakeFiles/freefly.dir/System/FWLIB/Src/misc.c.obj
OTG_FS_IRQHandler                                 CMakeFiles/freefly.dir/System/CMSIS/Device/startup_stm32f401xe.s.obj
OTG_FS_WKUP_IRQHandler                            CMakeFiles/freefly.dir/System/CMSIS/Device/startup_stm32f401xe.s.obj
PVD_IRQHandler                                    CMakeFiles/freefly.dir/System/CMSIS/Device/startup_stm32f401xe.s.obj
PWR_BackupAccessCmd                               CMakeFiles/freefly.dir/System/FWLIB/Src/stm32f4xx_pwr.c.obj
PWR_BackupRegulatorCmd                            CMakeFiles/freefly.dir/System/FWLIB/Src/stm32f4xx_pwr.c.obj
PWR_ClearFlag                                     CMakeFiles/freefly.dir/System/FWLIB/Src/stm32f4xx_pwr.c.obj
PWR_DeInit                                        CMakeFiles/freefly.dir/System/FWLIB/Src/stm32f4xx_pwr.c.obj
PWR_EnterSTANDBYMode                              CMakeFiles/freefly.dir/System/FWLIB/Src/stm32f4xx_pwr.c.obj
PWR_EnterSTOPMode                                 CMakeFiles/freefly.dir/System/FWLIB/Src/stm32f4xx_pwr.c.obj
PWR_EnterUnderDriveSTOPMode                       CMakeFiles/freefly.dir/System/FWLIB/Src/stm32f4xx_pwr.c.obj
PWR_FlashPowerDownCmd                             CMakeFiles/freefly.dir/System/FWLIB/Src/stm32f4xx_pwr.c.obj
PWR_GetFlagStatus                                 CMakeFiles/freefly.dir/System/FWLIB/Src/stm32f4xx_pwr.c.obj
PWR_LowRegulatorLowVoltageCmd                     CMakeFiles/freefly.dir/System/FWLIB/Src/stm32f4xx_pwr.c.obj
PWR_MainRegulatorLowVoltageCmd                    CMakeFiles/freefly.dir/System/FWLIB/Src/stm32f4xx_pwr.c.obj
PWR_MainRegulatorModeConfig                       CMakeFiles/freefly.dir/System/FWLIB/Src/stm32f4xx_pwr.c.obj
PWR_OverDriveCmd                                  CMakeFiles/freefly.dir/System/FWLIB/Src/stm32f4xx_pwr.c.obj
PWR_OverDriveSWCmd                                CMakeFiles/freefly.dir/System/FWLIB/Src/stm32f4xx_pwr.c.obj
PWR_PVDCmd                                        CMakeFiles/freefly.dir/System/FWLIB/Src/stm32f4xx_pwr.c.obj
PWR_PVDLevelConfig                                CMakeFiles/freefly.dir/System/FWLIB/Src/stm32f4xx_pwr.c.obj
PWR_UnderDriveCmd                                 CMakeFiles/freefly.dir/System/FWLIB/Src/stm32f4xx_pwr.c.obj
PWR_WakeUpPinCmd                                  CMakeFiles/freefly.dir/System/FWLIB/Src/stm32f4xx_pwr.c.obj
PendSV_Handler                                    CMakeFiles/freefly.dir/System/CMSIS/Device/startup_stm32f401xe.s.obj
Period                                            CMakeFiles/freefly.dir/Application/Hardware/Src/Receiver.c.obj
PulseWidth                                        CMakeFiles/freefly.dir/Application/Hardware/Src/Receiver.c.obj
RCC_AHB1PeriphClockCmd                            CMakeFiles/freefly.dir/System/FWLIB/Src/stm32f4xx_rcc.c.obj
                                                  CMakeFiles/freefly.dir/Application/Hardware/Src/Motor.c.obj
RCC_AHB1PeriphClockLPModeCmd                      CMakeFiles/freefly.dir/System/FWLIB/Src/stm32f4xx_rcc.c.obj
RCC_AHB1PeriphResetCmd                            CMakeFiles/freefly.dir/System/FWLIB/Src/stm32f4xx_rcc.c.obj
                                                  CMakeFiles/freefly.dir/System/FWLIB/Src/stm32f4xx_gpio.c.obj
                                                  CMakeFiles/freefly.dir/System/FWLIB/Src/stm32f4xx_dma2d.c.obj
RCC_AHB2PeriphClockCmd                            CMakeFiles/freefly.dir/System/FWLIB/Src/stm32f4xx_rcc.c.obj
RCC_AHB2PeriphClockLPModeCmd                      CMakeFiles/freefly.dir/System/FWLIB/Src/stm32f4xx_rcc.c.obj
RCC_AHB2PeriphResetCmd                            CMakeFiles/freefly.dir/System/FWLIB/Src/stm32f4xx_rcc.c.obj
                                                  CMakeFiles/freefly.dir/System/FWLIB/Src/stm32f4xx_rng.c.obj
                                                  CMakeFiles/freefly.dir/System/FWLIB/Src/stm32f4xx_hash.c.obj
                                                  CMakeFiles/freefly.dir/System/FWLIB/Src/stm32f4xx_cryp.c.obj
RCC_AHB3PeriphClockCmd                            CMakeFiles/freefly.dir/System/FWLIB/Src/stm32f4xx_rcc.c.obj
RCC_AHB3PeriphClockLPModeCmd                      CMakeFiles/freefly.dir/System/FWLIB/Src/stm32f4xx_rcc.c.obj
RCC_AHB3PeriphResetCmd                            CMakeFiles/freefly.dir/System/FWLIB/Src/stm32f4xx_rcc.c.obj
RCC_APB1PeriphClockCmd                            CMakeFiles/freefly.dir/System/FWLIB/Src/stm32f4xx_rcc.c.obj
                                                  CMakeFiles/freefly.dir/Application/Hardware/Src/Motor.c.obj
RCC_APB1PeriphClockLPModeCmd                      CMakeFiles/freefly.dir/System/FWLIB/Src/stm32f4xx_rcc.c.obj
RCC_APB1PeriphResetCmd                            CMakeFiles/freefly.dir/System/FWLIB/Src/stm32f4xx_rcc.c.obj
                                                  CMakeFiles/freefly.dir/System/FWLIB/Src/stm32f4xx_wwdg.c.obj
                                                  CMakeFiles/freefly.dir/System/FWLIB/Src/stm32f4xx_usart.c.obj
                                                  CMakeFiles/freefly.dir/System/FWLIB/Src/stm32f4xx_tim.c.obj
                                                  CMakeFiles/freefly.dir/System/FWLIB/Src/stm32f4xx_spi.c.obj
                                                  CMakeFiles/freefly.dir/System/FWLIB/Src/stm32f4xx_pwr.c.obj
                                                  CMakeFiles/freefly.dir/System/FWLIB/Src/stm32f4xx_i2c.c.obj
                                                  CMakeFiles/freefly.dir/System/FWLIB/Src/stm32f4xx_dac.c.obj
                                                  CMakeFiles/freefly.dir/System/FWLIB/Src/stm32f4xx_can.c.obj
RCC_APB2PeriphClockCmd                            CMakeFiles/freefly.dir/System/FWLIB/Src/stm32f4xx_rcc.c.obj
RCC_APB2PeriphClockLPModeCmd                      CMakeFiles/freefly.dir/System/FWLIB/Src/stm32f4xx_rcc.c.obj
RCC_APB2PeriphResetCmd                            CMakeFiles/freefly.dir/System/FWLIB/Src/stm32f4xx_rcc.c.obj
                                                  CMakeFiles/freefly.dir/System/FWLIB/Src/stm32f4xx_usart.c.obj
                                                  CMakeFiles/freefly.dir/System/FWLIB/Src/stm32f4xx_tim.c.obj
                                                  CMakeFiles/freefly.dir/System/FWLIB/Src/stm32f4xx_syscfg.c.obj
                                                  CMakeFiles/freefly.dir/System/FWLIB/Src/stm32f4xx_spi.c.obj
                                                  CMakeFiles/freefly.dir/System/FWLIB/Src/stm32f4xx_sdio.c.obj
                                                  CMakeFiles/freefly.dir/System/FWLIB/Src/stm32f4xx_sai.c.obj
                                                  CMakeFiles/freefly.dir/System/FWLIB/Src/stm32f4xx_ltdc.c.obj
                                                  CMakeFiles/freefly.dir/System/FWLIB/Src/stm32f4xx_adc.c.obj
RCC_AdjustHSICalibrationValue                     CMakeFiles/freefly.dir/System/FWLIB/Src/stm32f4xx_rcc.c.obj
RCC_BackupResetCmd                                CMakeFiles/freefly.dir/System/FWLIB/Src/stm32f4xx_rcc.c.obj
RCC_ClearFlag                                     CMakeFiles/freefly.dir/System/FWLIB/Src/stm32f4xx_rcc.c.obj
RCC_ClearITPendingBit                             CMakeFiles/freefly.dir/System/FWLIB/Src/stm32f4xx_rcc.c.obj
RCC_ClockSecuritySystemCmd                        CMakeFiles/freefly.dir/System/FWLIB/Src/stm32f4xx_rcc.c.obj
RCC_DeInit                                        CMakeFiles/freefly.dir/System/FWLIB/Src/stm32f4xx_rcc.c.obj
RCC_GetClocksFreq                                 CMakeFiles/freefly.dir/System/FWLIB/Src/stm32f4xx_rcc.c.obj
                                                  CMakeFiles/freefly.dir/System/FWLIB/Src/stm32f4xx_usart.c.obj
                                                  CMakeFiles/freefly.dir/System/FWLIB/Src/stm32f4xx_i2c.c.obj
RCC_GetFlagStatus                                 CMakeFiles/freefly.dir/System/FWLIB/Src/stm32f4xx_rcc.c.obj
RCC_GetITStatus                                   CMakeFiles/freefly.dir/System/FWLIB/Src/stm32f4xx_rcc.c.obj
RCC_GetSYSCLKSource                               CMakeFiles/freefly.dir/System/FWLIB/Src/stm32f4xx_rcc.c.obj
RCC_HCLKConfig                                    CMakeFiles/freefly.dir/System/FWLIB/Src/stm32f4xx_rcc.c.obj
RCC_HSEConfig                                     CMakeFiles/freefly.dir/System/FWLIB/Src/stm32f4xx_rcc.c.obj
RCC_HSICmd                                        CMakeFiles/freefly.dir/System/FWLIB/Src/stm32f4xx_rcc.c.obj
RCC_I2SCLKConfig                                  CMakeFiles/freefly.dir/System/FWLIB/Src/stm32f4xx_rcc.c.obj
RCC_IRQHandler                                    CMakeFiles/freefly.dir/System/CMSIS/Device/startup_stm32f401xe.s.obj
RCC_ITConfig                                      CMakeFiles/freefly.dir/System/FWLIB/Src/stm32f4xx_rcc.c.obj
RCC_LSEConfig                                     CMakeFiles/freefly.dir/System/FWLIB/Src/stm32f4xx_rcc.c.obj
RCC_LSEModeConfig                                 CMakeFiles/freefly.dir/System/FWLIB/Src/stm32f4xx_rcc.c.obj
RCC_LSICmd                                        CMakeFiles/freefly.dir/System/FWLIB/Src/stm32f4xx_rcc.c.obj
RCC_LTDCCLKDivConfig                              CMakeFiles/freefly.dir/System/FWLIB/Src/stm32f4xx_rcc.c.obj
RCC_MCO1Config                                    CMakeFiles/freefly.dir/System/FWLIB/Src/stm32f4xx_rcc.c.obj
RCC_MCO2Config                                    CMakeFiles/freefly.dir/System/FWLIB/Src/stm32f4xx_rcc.c.obj
RCC_PCLK1Config                                   CMakeFiles/freefly.dir/System/FWLIB/Src/stm32f4xx_rcc.c.obj
RCC_PCLK2Config                                   CMakeFiles/freefly.dir/System/FWLIB/Src/stm32f4xx_rcc.c.obj
RCC_PLLCmd                                        CMakeFiles/freefly.dir/System/FWLIB/Src/stm32f4xx_rcc.c.obj
RCC_PLLConfig                                     CMakeFiles/freefly.dir/System/FWLIB/Src/stm32f4xx_rcc.c.obj
RCC_PLLI2SCmd                                     CMakeFiles/freefly.dir/System/FWLIB/Src/stm32f4xx_rcc.c.obj
RCC_PLLI2SConfig                                  CMakeFiles/freefly.dir/System/FWLIB/Src/stm32f4xx_rcc.c.obj
RCC_PLLSAICmd                                     CMakeFiles/freefly.dir/System/FWLIB/Src/stm32f4xx_rcc.c.obj
RCC_PLLSAIConfig                                  CMakeFiles/freefly.dir/System/FWLIB/Src/stm32f4xx_rcc.c.obj
RCC_RTCCLKCmd                                     CMakeFiles/freefly.dir/System/FWLIB/Src/stm32f4xx_rcc.c.obj
RCC_RTCCLKConfig                                  CMakeFiles/freefly.dir/System/FWLIB/Src/stm32f4xx_rcc.c.obj
RCC_SAIBlockACLKConfig                            CMakeFiles/freefly.dir/System/FWLIB/Src/stm32f4xx_rcc.c.obj
RCC_SAIBlockBCLKConfig                            CMakeFiles/freefly.dir/System/FWLIB/Src/stm32f4xx_rcc.c.obj
RCC_SAIPLLI2SClkDivConfig                         CMakeFiles/freefly.dir/System/FWLIB/Src/stm32f4xx_rcc.c.obj
RCC_SAIPLLSAIClkDivConfig                         CMakeFiles/freefly.dir/System/FWLIB/Src/stm32f4xx_rcc.c.obj
RCC_SYSCLKConfig                                  CMakeFiles/freefly.dir/System/FWLIB/Src/stm32f4xx_rcc.c.obj
RCC_TIMCLKPresConfig                              CMakeFiles/freefly.dir/System/FWLIB/Src/stm32f4xx_rcc.c.obj
RCC_WaitForHSEStartUp                             CMakeFiles/freefly.dir/System/FWLIB/Src/stm32f4xx_rcc.c.obj
RNG_ClearFlag                                     CMakeFiles/freefly.dir/System/FWLIB/Src/stm32f4xx_rng.c.obj
RNG_ClearITPendingBit                             CMakeFiles/freefly.dir/System/FWLIB/Src/stm32f4xx_rng.c.obj
RNG_Cmd                                           CMakeFiles/freefly.dir/System/FWLIB/Src/stm32f4xx_rng.c.obj
RNG_DeInit                                        CMakeFiles/freefly.dir/System/FWLIB/Src/stm32f4xx_rng.c.obj
RNG_GetFlagStatus                                 CMakeFiles/freefly.dir/System/FWLIB/Src/stm32f4xx_rng.c.obj
RNG_GetITStatus                                   CMakeFiles/freefly.dir/System/FWLIB/Src/stm32f4xx_rng.c.obj
RNG_GetRandomNumber                               CMakeFiles/freefly.dir/System/FWLIB/Src/stm32f4xx_rng.c.obj
RNG_ITConfig                                      CMakeFiles/freefly.dir/System/FWLIB/Src/stm32f4xx_rng.c.obj
RTC_AlarmCmd                                      CMakeFiles/freefly.dir/System/FWLIB/Src/stm32f4xx_rtc.c.obj
RTC_AlarmStructInit                               CMakeFiles/freefly.dir/System/FWLIB/Src/stm32f4xx_rtc.c.obj
RTC_AlarmSubSecondConfig                          CMakeFiles/freefly.dir/System/FWLIB/Src/stm32f4xx_rtc.c.obj
RTC_Alarm_IRQHandler                              CMakeFiles/freefly.dir/System/CMSIS/Device/startup_stm32f401xe.s.obj
RTC_BypassShadowCmd                               CMakeFiles/freefly.dir/System/FWLIB/Src/stm32f4xx_rtc.c.obj
RTC_CalibOutputCmd                                CMakeFiles/freefly.dir/System/FWLIB/Src/stm32f4xx_rtc.c.obj
RTC_CalibOutputConfig                             CMakeFiles/freefly.dir/System/FWLIB/Src/stm32f4xx_rtc.c.obj
RTC_ClearFlag                                     CMakeFiles/freefly.dir/System/FWLIB/Src/stm32f4xx_rtc.c.obj
RTC_ClearITPendingBit                             CMakeFiles/freefly.dir/System/FWLIB/Src/stm32f4xx_rtc.c.obj
RTC_CoarseCalibCmd                                CMakeFiles/freefly.dir/System/FWLIB/Src/stm32f4xx_rtc.c.obj
RTC_CoarseCalibConfig                             CMakeFiles/freefly.dir/System/FWLIB/Src/stm32f4xx_rtc.c.obj
RTC_DateStructInit                                CMakeFiles/freefly.dir/System/FWLIB/Src/stm32f4xx_rtc.c.obj
RTC_DayLightSavingConfig                          CMakeFiles/freefly.dir/System/FWLIB/Src/stm32f4xx_rtc.c.obj
RTC_DeInit                                        CMakeFiles/freefly.dir/System/FWLIB/Src/stm32f4xx_rtc.c.obj
RTC_EnterInitMode                                 CMakeFiles/freefly.dir/System/FWLIB/Src/stm32f4xx_rtc.c.obj
RTC_ExitInitMode                                  CMakeFiles/freefly.dir/System/FWLIB/Src/stm32f4xx_rtc.c.obj
RTC_GetAlarm                                      CMakeFiles/freefly.dir/System/FWLIB/Src/stm32f4xx_rtc.c.obj
RTC_GetAlarmSubSecond                             CMakeFiles/freefly.dir/System/FWLIB/Src/stm32f4xx_rtc.c.obj
RTC_GetDate                                       CMakeFiles/freefly.dir/System/FWLIB/Src/stm32f4xx_rtc.c.obj
RTC_GetFlagStatus                                 CMakeFiles/freefly.dir/System/FWLIB/Src/stm32f4xx_rtc.c.obj
RTC_GetITStatus                                   CMakeFiles/freefly.dir/System/FWLIB/Src/stm32f4xx_rtc.c.obj
RTC_GetStoreOperation                             CMakeFiles/freefly.dir/System/FWLIB/Src/stm32f4xx_rtc.c.obj
RTC_GetSubSecond                                  CMakeFiles/freefly.dir/System/FWLIB/Src/stm32f4xx_rtc.c.obj
RTC_GetTime                                       CMakeFiles/freefly.dir/System/FWLIB/Src/stm32f4xx_rtc.c.obj
RTC_GetTimeStamp                                  CMakeFiles/freefly.dir/System/FWLIB/Src/stm32f4xx_rtc.c.obj
RTC_GetTimeStampSubSecond                         CMakeFiles/freefly.dir/System/FWLIB/Src/stm32f4xx_rtc.c.obj
RTC_GetWakeUpCounter                              CMakeFiles/freefly.dir/System/FWLIB/Src/stm32f4xx_rtc.c.obj
RTC_ITConfig                                      CMakeFiles/freefly.dir/System/FWLIB/Src/stm32f4xx_rtc.c.obj
RTC_Init                                          CMakeFiles/freefly.dir/System/FWLIB/Src/stm32f4xx_rtc.c.obj
RTC_OutputConfig                                  CMakeFiles/freefly.dir/System/FWLIB/Src/stm32f4xx_rtc.c.obj
RTC_OutputTypeConfig                              CMakeFiles/freefly.dir/System/FWLIB/Src/stm32f4xx_rtc.c.obj
RTC_ReadBackupRegister                            CMakeFiles/freefly.dir/System/FWLIB/Src/stm32f4xx_rtc.c.obj
RTC_RefClockCmd                                   CMakeFiles/freefly.dir/System/FWLIB/Src/stm32f4xx_rtc.c.obj
RTC_SetAlarm                                      CMakeFiles/freefly.dir/System/FWLIB/Src/stm32f4xx_rtc.c.obj
RTC_SetDate                                       CMakeFiles/freefly.dir/System/FWLIB/Src/stm32f4xx_rtc.c.obj
RTC_SetTime                                       CMakeFiles/freefly.dir/System/FWLIB/Src/stm32f4xx_rtc.c.obj
RTC_SetWakeUpCounter                              CMakeFiles/freefly.dir/System/FWLIB/Src/stm32f4xx_rtc.c.obj
RTC_SmoothCalibConfig                             CMakeFiles/freefly.dir/System/FWLIB/Src/stm32f4xx_rtc.c.obj
RTC_StructInit                                    CMakeFiles/freefly.dir/System/FWLIB/Src/stm32f4xx_rtc.c.obj
RTC_SynchroShiftConfig                            CMakeFiles/freefly.dir/System/FWLIB/Src/stm32f4xx_rtc.c.obj
RTC_TamperCmd                                     CMakeFiles/freefly.dir/System/FWLIB/Src/stm32f4xx_rtc.c.obj
RTC_TamperFilterConfig                            CMakeFiles/freefly.dir/System/FWLIB/Src/stm32f4xx_rtc.c.obj
RTC_TamperPinSelection                            CMakeFiles/freefly.dir/System/FWLIB/Src/stm32f4xx_rtc.c.obj
RTC_TamperPinsPrechargeDuration                   CMakeFiles/freefly.dir/System/FWLIB/Src/stm32f4xx_rtc.c.obj
RTC_TamperPullUpCmd                               CMakeFiles/freefly.dir/System/FWLIB/Src/stm32f4xx_rtc.c.obj
RTC_TamperSamplingFreqConfig                      CMakeFiles/freefly.dir/System/FWLIB/Src/stm32f4xx_rtc.c.obj
RTC_TamperTriggerConfig                           CMakeFiles/freefly.dir/System/FWLIB/Src/stm32f4xx_rtc.c.obj
RTC_TimeStampCmd                                  CMakeFiles/freefly.dir/System/FWLIB/Src/stm32f4xx_rtc.c.obj
RTC_TimeStampOnTamperDetectionCmd                 CMakeFiles/freefly.dir/System/FWLIB/Src/stm32f4xx_rtc.c.obj
RTC_TimeStampPinSelection                         CMakeFiles/freefly.dir/System/FWLIB/Src/stm32f4xx_rtc.c.obj
RTC_TimeStructInit                                CMakeFiles/freefly.dir/System/FWLIB/Src/stm32f4xx_rtc.c.obj
RTC_WKUP_IRQHandler                               CMakeFiles/freefly.dir/System/CMSIS/Device/startup_stm32f401xe.s.obj